Archive member included to satisfy reference by file (symbol)

c:/st/stm32cubeide_1.8.0/stm32cubeide/plugins/com.st.stm32cube.ide.mcu.externaltools.gnu-tools-for-stm32.9-2020-q2-update.win32_2.0.0.202105311346/tools/bin/../lib/gcc/arm-none-eabi/9.3.1/../../../../arm-none-eabi/lib/thumb/v7e-m+fp/hard\libc_nano.a(lib_a-errno.o)
                              ./Core/Src/syscalls.o (__errno)
c:/st/stm32cubeide_1.8.0/stm32cubeide/plugins/com.st.stm32cube.ide.mcu.externaltools.gnu-tools-for-stm32.9-2020-q2-update.win32_2.0.0.202105311346/tools/bin/../lib/gcc/arm-none-eabi/9.3.1/../../../../arm-none-eabi/lib/thumb/v7e-m+fp/hard\libc_nano.a(lib_a-exit.o)
                              c:/st/stm32cubeide_1.8.0/stm32cubeide/plugins/com.st.stm32cube.ide.mcu.externaltools.gnu-tools-for-stm32.9-2020-q2-update.win32_2.0.0.202105311346/tools/bin/../lib/gcc/arm-none-eabi/9.3.1/../../../../arm-none-eabi/lib/thumb/v7e-m+fp/hard/crt0.o (exit)
c:/st/stm32cubeide_1.8.0/stm32cubeide/plugins/com.st.stm32cube.ide.mcu.externaltools.gnu-tools-for-stm32.9-2020-q2-update.win32_2.0.0.202105311346/tools/bin/../lib/gcc/arm-none-eabi/9.3.1/../../../../arm-none-eabi/lib/thumb/v7e-m+fp/hard\libc_nano.a(lib_a-findfp.o)
                              ./Middlewares/Third_Party/FreeRTOS/Source/tasks.o (__sf_fake_stderr)
c:/st/stm32cubeide_1.8.0/stm32cubeide/plugins/com.st.stm32cube.ide.mcu.externaltools.gnu-tools-for-stm32.9-2020-q2-update.win32_2.0.0.202105311346/tools/bin/../lib/gcc/arm-none-eabi/9.3.1/../../../../arm-none-eabi/lib/thumb/v7e-m+fp/hard\libc_nano.a(lib_a-fwalk.o)
                              c:/st/stm32cubeide_1.8.0/stm32cubeide/plugins/com.st.stm32cube.ide.mcu.externaltools.gnu-tools-for-stm32.9-2020-q2-update.win32_2.0.0.202105311346/tools/bin/../lib/gcc/arm-none-eabi/9.3.1/../../../../arm-none-eabi/lib/thumb/v7e-m+fp/hard\libc_nano.a(lib_a-findfp.o) (_fwalk)
c:/st/stm32cubeide_1.8.0/stm32cubeide/plugins/com.st.stm32cube.ide.mcu.externaltools.gnu-tools-for-stm32.9-2020-q2-update.win32_2.0.0.202105311346/tools/bin/../lib/gcc/arm-none-eabi/9.3.1/../../../../arm-none-eabi/lib/thumb/v7e-m+fp/hard\libc_nano.a(lib_a-impure.o)
                              c:/st/stm32cubeide_1.8.0/stm32cubeide/plugins/com.st.stm32cube.ide.mcu.externaltools.gnu-tools-for-stm32.9-2020-q2-update.win32_2.0.0.202105311346/tools/bin/../lib/gcc/arm-none-eabi/9.3.1/../../../../arm-none-eabi/lib/thumb/v7e-m+fp/hard\libc_nano.a(lib_a-exit.o) (_global_impure_ptr)
c:/st/stm32cubeide_1.8.0/stm32cubeide/plugins/com.st.stm32cube.ide.mcu.externaltools.gnu-tools-for-stm32.9-2020-q2-update.win32_2.0.0.202105311346/tools/bin/../lib/gcc/arm-none-eabi/9.3.1/../../../../arm-none-eabi/lib/thumb/v7e-m+fp/hard\libc_nano.a(lib_a-init.o)
                              c:/st/stm32cubeide_1.8.0/stm32cubeide/plugins/com.st.stm32cube.ide.mcu.externaltools.gnu-tools-for-stm32.9-2020-q2-update.win32_2.0.0.202105311346/tools/bin/../lib/gcc/arm-none-eabi/9.3.1/../../../../arm-none-eabi/lib/thumb/v7e-m+fp/hard/crt0.o (__libc_init_array)
c:/st/stm32cubeide_1.8.0/stm32cubeide/plugins/com.st.stm32cube.ide.mcu.externaltools.gnu-tools-for-stm32.9-2020-q2-update.win32_2.0.0.202105311346/tools/bin/../lib/gcc/arm-none-eabi/9.3.1/../../../../arm-none-eabi/lib/thumb/v7e-m+fp/hard\libc_nano.a(lib_a-lock.o)
                              c:/st/stm32cubeide_1.8.0/stm32cubeide/plugins/com.st.stm32cube.ide.mcu.externaltools.gnu-tools-for-stm32.9-2020-q2-update.win32_2.0.0.202105311346/tools/bin/../lib/gcc/arm-none-eabi/9.3.1/../../../../arm-none-eabi/lib/thumb/v7e-m+fp/hard\libc_nano.a(lib_a-findfp.o) (__retarget_lock_init_recursive)
c:/st/stm32cubeide_1.8.0/stm32cubeide/plugins/com.st.stm32cube.ide.mcu.externaltools.gnu-tools-for-stm32.9-2020-q2-update.win32_2.0.0.202105311346/tools/bin/../lib/gcc/arm-none-eabi/9.3.1/../../../../arm-none-eabi/lib/thumb/v7e-m+fp/hard\libc_nano.a(lib_a-memcpy-stub.o)
                              ./Middlewares/Third_Party/FreeRTOS/Source/queue.o (memcpy)
c:/st/stm32cubeide_1.8.0/stm32cubeide/plugins/com.st.stm32cube.ide.mcu.externaltools.gnu-tools-for-stm32.9-2020-q2-update.win32_2.0.0.202105311346/tools/bin/../lib/gcc/arm-none-eabi/9.3.1/../../../../arm-none-eabi/lib/thumb/v7e-m+fp/hard\libc_nano.a(lib_a-memset.o)
                              c:/st/stm32cubeide_1.8.0/stm32cubeide/plugins/com.st.stm32cube.ide.mcu.externaltools.gnu-tools-for-stm32.9-2020-q2-update.win32_2.0.0.202105311346/tools/bin/../lib/gcc/arm-none-eabi/9.3.1/../../../../arm-none-eabi/lib/thumb/v7e-m+fp/hard/crt0.o (memset)
c:/st/stm32cubeide_1.8.0/stm32cubeide/plugins/com.st.stm32cube.ide.mcu.externaltools.gnu-tools-for-stm32.9-2020-q2-update.win32_2.0.0.202105311346/tools/bin/../lib/gcc/arm-none-eabi/9.3.1/../../../../arm-none-eabi/lib/thumb/v7e-m+fp/hard\libc_nano.a(lib_a-nano-mallocr.o)
[...]
Memory Configuration

Name             Origin             Length             Attributes
RAM              0x0000000020000000 0x0000000000050000 xrw
FLASH            0x0000000008000000 0x0000000000100000 xr
*default*        0x0000000000000000 0xffffffffffffffff

Linker script and memory map

LOAD c:/st/stm32cubeide_1.8.0/stm32cubeide/plugins/com.st.stm32cube.ide.mcu.externaltools.gnu-tools-for-stm32.9-2020-q2-update.win32_2.0.0.202105311346/tools/bin/../lib/gcc/arm-none-eabi/9.3.1/thumb/v7e-m+fp/hard/crti.o
LOAD c:/st/stm32cubeide_1.8.0/stm32cubeide/plugins/com.st.stm32cube.ide.mcu.externaltools.gnu-tools-for-stm32.9-2020-q2-update.win32_2.0.0.202105311346/tools/bin/../lib/gcc/arm-none-eabi/9.3.1/thumb/v7e-m+fp/hard/crtbegin.o
LOAD c:/st/stm32cubeide_1.8.0/stm32cubeide/plugins/com.st.stm32cube.ide.mcu.externaltools.gnu-tools-for-stm32.9-2020-q2-update.win32_2.0.0.202105311346/tools/bin/../lib/gcc/arm-none-eabi/9.3.1/../../../../arm-none-eabi/lib/thumb/v7e-m+fp/hard/crt0.o
LOAD ./Core/Src/freertos.o
LOAD ./Core/Src/ft5336.o
LOAD ./Core/Src/main.o
LOAD ./Core/Src/stm32746g_discovery.o
LOAD ./Core/Src/stm32746g_discovery_lcd.o
LOAD ./Core/Src/stm32746g_discovery_sdram.o
LOAD ./Core/Src/stm32746g_discovery_ts.o
LOAD ./Core/Src/stm32f7xx_hal_msp.o
LOAD ./Core/Src/stm32f7xx_hal_timebase_tim.o
LOAD ./Core/Src/stm32f7xx_it.o
LOAD ./Core/Src/syscalls.o
LOAD ./Core/Src/sysmem.o
LOAD ./Core/Src/system_stm32f7xx.o
LOAD ./Core/Startup/startup_stm32f746nghx.o
LOAD ./Drivers/STM32F7xx_HAL_Driver/Src/stm32f7xx_hal.o
LOAD ./Drivers/STM32F7xx_HAL_Driver/Src/stm32f7xx_hal_adc.o
LOAD ./Drivers/STM32F7xx_HAL_Driver/Src/stm32f7xx_hal_adc_ex.o
LOAD ./Drivers/STM32F7xx_HAL_Driver/Src/stm32f7xx_hal_cortex.o
LOAD ./Drivers/STM32F7xx_HAL_Driver/Src/stm32f7xx_hal_dac.o
LOAD ./Drivers/STM32F7xx_HAL_Driver/Src/stm32f7xx_hal_dac_ex.o
LOAD ./Drivers/STM32F7xx_HAL_Driver/Src/stm32f7xx_hal_dma.o
LOAD ./Drivers/STM32F7xx_HAL_Driver/Src/stm32f7xx_hal_dma2d.o
LOAD ./Drivers/STM32F7xx_HAL_Driver/Src/stm32f7xx_hal_dma_ex.o
LOAD ./Drivers/STM32F7xx_HAL_Driver/Src/stm32f7xx_hal_dsi.o
LOAD ./Drivers/STM32F7xx_HAL_Driver/Src/stm32f7xx_hal_exti.o
LOAD ./Drivers/STM32F7xx_HAL_Driver/Src/stm32f7xx_hal_flash.o
LOAD ./Drivers/STM32F7xx_HAL_Driver/Src/stm32f7xx_hal_flash_ex.o
LOAD ./Drivers/STM32F7xx_HAL_Driver/Src/stm32f7xx_hal_gpio.o
LOAD ./Drivers/STM32F7xx_HAL_Driver/Src/stm32f7xx_hal_i2c.o
LOAD ./Drivers/STM32F7xx_HAL_Driver/Src/stm32f7xx_hal_i2c_ex.o
LOAD ./Drivers/STM32F7xx_HAL_Driver/Src/stm32f7xx_hal_ltdc.o
LOAD ./Drivers/STM32F7xx_HAL_Driver/Src/stm32f7xx_hal_ltdc_ex.o
LOAD ./Drivers/STM32F7xx_HAL_Driver/Src/stm32f7xx_hal_pwr.o
LOAD ./Drivers/STM32F7xx_HAL_Driver/Src/stm32f7xx_hal_pwr_ex.o
LOAD ./Drivers/STM32F7xx_HAL_Driver/Src/stm32f7xx_hal_rcc.o
LOAD ./Drivers/STM32F7xx_HAL_Driver/Src/stm32f7xx_hal_rcc_ex.o
LOAD ./Drivers/STM32F7xx_HAL_Driver/Src/stm32f7xx_hal_rtc.o
LOAD ./Drivers/STM32F7xx_HAL_Driver/Src/stm32f7xx_hal_rtc_ex.o
LOAD ./Drivers/STM32F7xx_HAL_Driver/Src/stm32f7xx_hal_sdram.o
LOAD ./Drivers/STM32F7xx_HAL_Driver/Src/stm32f7xx_hal_spi.o
LOAD ./Drivers/STM32F7xx_HAL_Driver/Src/stm32f7xx_hal_spi_ex.o
LOAD ./Drivers/STM32F7xx_HAL_Driver/Src/stm32f7xx_hal_tim.o
LOAD ./Drivers/STM32F7xx_HAL_Driver/Src/stm32f7xx_hal_tim_ex.o
LOAD ./Drivers/STM32F7xx_HAL_Driver/Src/stm32f7xx_hal_uart.o
LOAD ./Drivers/STM32F7xx_HAL_Driver/Src/stm32f7xx_hal_uart_ex.o
LOAD ./Drivers/STM32F7xx_HAL_Driver/Src/stm32f7xx_ll_fmc.o
LOAD ./Middlewares/Third_Party/FreeRTOS/Source/CMSIS_RTOS/cmsis_os.o
LOAD ./Middlewares/Third_Party/FreeRTOS/Source/croutine.o
LOAD ./Middlewares/Third_Party/FreeRTOS/Source/event_groups.o
LOAD ./Middlewares/Third_Party/FreeRTOS/Source/list.o
LOAD ./Middlewares/Third_Party/FreeRTOS/Source/queue.o
LOAD ./Middlewares/Third_Party/FreeRTOS/Source/stream_buffer.o
LOAD ./Middlewares/Third_Party/FreeRTOS/Source/tasks.o
LOAD ./Middlewares/Third_Party/FreeRTOS/Source/timers.o
LOAD ./Middlewares/Third_Party/FreeRTOS/Source/portable/GCC/ARM_CM7/r0p1/port.o
LOAD ./Middlewares/Third_Party/FreeRTOS/Source/portable/MemMang/heap_4.o
START GROUP
LOAD c:/st/stm32cubeide_1.8.0/stm32cubeide/plugins/com.st.stm32cube.ide.mcu.externaltools.gnu-tools-for-stm32.9-2020-q2-update.win32_2.0.0.202105311346/tools/bin/../lib/gcc/arm-none-eabi/9.3.1/../../../../arm-none-eabi/lib/thumb/v7e-m+fp/hard\libc_nano.a
LOAD c:/st/stm32cubeide_1.8.0/stm32cubeide/plugins/com.st.stm32cube.ide.mcu.externaltools.gnu-tools-for-stm32.9-2020-q2-update.win32_2.0.0.202105311346/tools/bin/../lib/gcc/arm-none-eabi/9.3.1/../../../../arm-none-eabi/lib/thumb/v7e-m+fp/hard\libm.a
END GROUP
START GROUP
LOAD c:/st/stm32cubeide_1.8.0/stm32cubeide/plugins/com.st.stm32cube.ide.mcu.externaltools.gnu-tools-for-stm32.9-2020-q2-update.win32_2.0.0.202105311346/tools/bin/../lib/gcc/arm-none-eabi/9.3.1/thumb/v7e-m+fp/hard\libgcc.a
LOAD c:/st/stm32cubeide_1.8.0/stm32cubeide/plugins/com.st.stm32cube.ide.mcu.externaltools.gnu-tools-for-stm32.9-2020-q2-update.win32_2.0.0.202105311346/tools/bin/../lib/gcc/arm-none-eabi/9.3.1/../../../../arm-none-eabi/lib/thumb/v7e-m+fp/hard\libc_nano.a
END GROUP
START GROUP
LOAD c:/st/stm32cubeide_1.8.0/stm32cubeide/plugins/com.st.stm32cube.ide.mcu.externaltools.gnu-tools-for-stm32.9-2020-q2-update.win32_2.0.0.202105311346/tools/bin/../lib/gcc/arm-none-eabi/9.3.1/thumb/v7e-m+fp/hard\libgcc.a
LOAD c:/st/stm32cubeide_1.8.0/stm32cubeide/plugins/com.st.stm32cube.ide.mcu.externaltools.gnu-tools-for-stm32.9-2020-q2-update.win32_2.0.0.202105311346/tools/bin/../lib/gcc/arm-none-eabi/9.3.1/../../../../arm-none-eabi/lib/thumb/v7e-m+fp/hard\libc_nano.a
LOAD c:/st/stm32cubeide_1.8.0/stm32cubeide/plugins/com.st.stm32cube.ide.mcu.externaltools.gnu-tools-for-stm32.9-2020-q2-update.win32_2.0.0.202105311346/tools/bin/../lib/gcc/arm-none-eabi/9.3.1/../../../../arm-none-eabi/lib/thumb/v7e-m+fp/hard\libnosys.a
END GROUP
START GROUP
LOAD c:/st/stm32cubeide_1.8.0/stm32cubeide/plugins/com.st.stm32cube.ide.mcu.externaltools.gnu-tools-for-stm32.9-2020-q2-update.win32_2.0.0.202105311346/tools/bin/../lib/gcc/arm-none-eabi/9.3.1/thumb/v7e-m+fp/hard\libgcc.a
LOAD c:/st/stm32cubeide_1.8.0/stm32cubeide/plugins/com.st.stm32cube.ide.mcu.externaltools.gnu-tools-for-stm32.9-2020-q2-update.win32_2.0.0.202105311346/tools/bin/../lib/gcc/arm-none-eabi/9.3.1/../../../../arm-none-eabi/lib/thumb/v7e-m+fp/hard\libc_nano.a
LOAD c:/st/stm32cubeide_1.8.0/stm32cubeide/plugins/com.st.stm32cube.ide.mcu.externaltools.gnu-tools-for-stm32.9-2020-q2-update.win32_2.0.0.202105311346/tools/bin/../lib/gcc/arm-none-eabi/9.3.1/../../../../arm-none-eabi/lib/thumb/v7e-m+fp/hard\libnosys.a
END GROUP
LOAD c:/st/stm32cubeide_1.8.0/stm32cubeide/plugins/com.st.stm32cube.ide.mcu.externaltools.gnu-tools-for-stm32.9-2020-q2-update.win32_2.0.0.202105311346/tools/bin/../lib/gcc/arm-none-eabi/9.3.1/thumb/v7e-m+fp/hard/crtend.o
LOAD c:/st/stm32cubeide_1.8.0/stm32cubeide/plugins/com.st.stm32cube.ide.mcu.externaltools.gnu-tools-for-stm32.9-2020-q2-update.win32_2.0.0.202105311346/tools/bin/../lib/gcc/arm-none-eabi/9.3.1/thumb/v7e-m+fp/hard/crtn.o
                0x0000000020050000                _estack = (ORIGIN (RAM) + LENGTH (RAM))
                0x0000000000000200                _Min_Heap_Size = 0x200
                0x0000000000000400                _Min_Stack_Size = 0x400

.isr_vector     0x0000000008000000      0x1c8
                0x0000000008000000                . = ALIGN (0x4)
 *(.isr_vector)
 .isr_vector    0x0000000008000000      0x1c8 ./Core/Startup/startup_stm32f746nghx.o
                0x0000000008000000                g_pfnVectors
                0x00000000080001c8                . = ALIGN (0x4)

.text           0x00000000080001d0     0xcc50
                0x00000000080001d0                . = ALIGN (0x4)
 *(.text)
 .text          0x00000000080001d0       0x40 c:/st/stm32cubeide_1.8.0/stm32cubeide/plugins/com.st.stm32cube.ide.mcu.externaltools.gnu-tools-for-stm32.9-2020-q2-update.win32_2.0.0.202105311346/tools/bin/../lib/gcc/arm-none-eabi/9.3.1/thumb/v7e-m+fp/hard/crtbegin.o
 .text          0x0000000008000210       0x30 c:/st/stm32cubeide_1.8.0/stm32cubeide/plugins/com.st.stm32cube.ide.mcu.externaltools.gnu-tools-for-stm32.9-2020-q2-update.win32_2.0.0.202105311346/tools/bin/../lib/gcc/arm-none-eabi/9.3.1/thumb/v7e-m+fp/hard\libgcc.a(_aeabi_uldivmod.o)
                0x0000000008000210                __aeabi_uldivmod
 .text          0x0000000008000240      0x2c4 c:/st/stm32cubeide_1.8.0/stm32cubeide/plugins/com.st.stm32cube.ide.mcu.externaltools.gnu-tools-for-stm32.9-2020-q2-update.win32_2.0.0.202105311346/tools/bin/../lib/gcc/arm-none-eabi/9.3.1/thumb/v7e-m+fp/hard\libgcc.a(_udivmoddi4.o)
                0x0000000008000240                __udivmoddi4
 .text          0x0000000008000504        0x4 c:/st/stm32cubeide_1.8.0/stm32cubeide/plugins/com.st.stm32cube.ide.mcu.externaltools.gnu-tools-for-stm32.9-2020-q2-update.win32_2.0.0.202105311346/tools/bin/../lib/gcc/arm-none-eabi/9.3.1/thumb/v7e-m+fp/hard\libgcc.a(_dvmd_tls.o)
                0x0000000008000504                __aeabi_idiv0
                0x0000000008000504                __aeabi_ldiv0
 *(.text*)
 .text.vApplicationGetIdleTaskMemory
                0x0000000008000508       0x34 ./Core/Src/freertos.o
                0x0000000008000508                vApplicationGetIdleTaskMemory
 .text.ft5336_Init
                0x000000000800053c       0x1c ./Core/Src/ft5336.o
                0x000000000800053c                ft5336_Init
 .text.ft5336_Reset
                0x0000000008000558       0x16 ./Core/Src/ft5336.o
                0x0000000008000558                ft5336_Reset
 .text.ft5336_ReadID
                0x000000000800056e       0x5c ./Core/Src/ft5336.o
                0x000000000800056e                ft5336_ReadID
 .text.ft5336_TS_Start
                0x00000000080005ca       0x22 ./Core/Src/ft5336.o
                0x00000000080005ca                ft5336_TS_Start
 .text.ft5336_TS_DetectTouch
                0x00000000080005ec       0x54 ./Core/Src/ft5336.o
                0x00000000080005ec                ft5336_TS_DetectTouch
 .text.ft5336_TS_GetXY
                0x0000000008000640      0x1e0 ./Core/Src/ft5336.o
                0x0000000008000640                ft5336_TS_GetXY
 .text.ft5336_TS_EnableIT
                0x0000000008000820       0x28 ./Core/Src/ft5336.o
                0x0000000008000820                ft5336_TS_EnableIT
 .text.ft5336_TS_DisableIT
                0x0000000008000848       0x28 ./Core/Src/ft5336.o
                0x0000000008000848                ft5336_TS_DisableIT
 .text.ft5336_TS_ITStatus
                0x0000000008000870       0x18 ./Core/Src/ft5336.o
                0x0000000008000870                ft5336_TS_ITStatus
 .text.ft5336_TS_ClearIT
                0x0000000008000888       0x16 ./Core/Src/ft5336.o
                0x0000000008000888                ft5336_TS_ClearIT
 *fill*         0x000000000800089e        0x2 
 .text.ft5336_Get_I2C_InitializedStatus
                0x00000000080008a0       0x18 ./Core/Src/ft5336.o
 .text.ft5336_I2C_InitializeIfRequired
                0x00000000080008b8       0x20 ./Core/Src/ft5336.o
 .text.ft5336_TS_Configure
                0x00000000080008d8       0x1c ./Core/Src/ft5336.o
 .text.main     0x00000000080008f4      0x184 ./Core/Src/main.o
                0x00000000080008f4                main
 .text.SystemClock_Config
                0x0000000008000a78       0xe4 ./Core/Src/main.o
                0x0000000008000a78                SystemClock_Config
 .text.MX_ADC1_Init
                0x0000000008000b5c       0xa4 ./Core/Src/main.o
 .text.MX_ADC3_Init
                0x0000000008000c00       0xa4 ./Core/Src/main.o
 .text.MX_DAC_Init
                0x0000000008000ca4       0x54 ./Core/Src/main.o
 .text.MX_DMA2D_Init
                0x0000000008000cf8       0x64 ./Core/Src/main.o
 .text.MX_I2C1_Init
                0x0000000008000d5c       0x80 ./Core/Src/main.o
 .text.MX_I2C3_Init
                0x0000000008000ddc       0x80 ./Core/Src/main.o
 .text.MX_LTDC_Init
                0x0000000008000e5c      0x104 ./Core/Src/main.o
 .text.MX_RTC_Init
                0x0000000008000f60      0x14c ./Core/Src/main.o
 .text.MX_SPI2_Init
                0x00000000080010ac       0x7c ./Core/Src/main.o
 .text.MX_TIM1_Init
                0x0000000008001128       0xa8 ./Core/Src/main.o
 .text.MX_TIM2_Init
                0x00000000080011d0       0x9c ./Core/Src/main.o
 .text.MX_TIM3_Init
                0x000000000800126c       0x9c ./Core/Src/main.o
 .text.MX_TIM5_Init
                0x0000000008001308       0x9c ./Core/Src/main.o
 .text.MX_TIM8_Init
                0x00000000080013a4       0xa8 ./Core/Src/main.o
 .text.MX_UART7_Init
                0x000000000800144c       0x60 ./Core/Src/main.o
 .text.MX_USART1_UART_Init
                0x00000000080014ac       0x60 ./Core/Src/main.o
 .text.MX_USART6_UART_Init
                0x000000000800150c       0x60 ./Core/Src/main.o
 .text.MX_FMC_Init
                0x000000000800156c       0xa0 ./Core/Src/main.o
 .text.MX_GPIO_Init
                0x000000000800160c      0x5b8 ./Core/Src/main.o
 .text.HAL_GPIO_EXTI_Callback
                0x0000000008001bc4       0x16 ./Core/Src/main.o
                0x0000000008001bc4                HAL_GPIO_EXTI_Callback
 *fill*         0x0000000008001bda        0x2 
 .text.fonction_init
                0x0000000008001bdc       0xdc ./Core/Src/main.o
                0x0000000008001bdc                fonction_init
 .text.fonction_affichage
                0x0000000008001cb8      0x190 ./Core/Src/main.o
                0x0000000008001cb8                fonction_affichage
 .text.HAL_TIM_PeriodElapsedCallback
                0x0000000008001e48       0x24 ./Core/Src/main.o
                0x0000000008001e48                HAL_TIM_PeriodElapsedCallback
 .text.Error_Handler
                0x0000000008001e6c        0xa ./Core/Src/main.o
                0x0000000008001e6c                Error_Handler
 *fill*         0x0000000008001e76        0x2 
 .text.I2Cx_MspInit
                0x0000000008001e78      0x160 ./Core/Src/stm32746g_discovery.o
 .text.I2Cx_Init
                0x0000000008001fd8       0x78 ./Core/Src/stm32746g_discovery.o
 .text.I2Cx_ReadMultiple
                0x0000000008002050       0x5a ./Core/Src/stm32746g_discovery.o
 .text.I2Cx_WriteMultiple
                0x00000000080020aa       0x5a ./Core/Src/stm32746g_discovery.o
 .text.I2Cx_Error
                0x0000000008002104       0x20 ./Core/Src/stm32746g_discovery.o
 .text.TS_IO_Init
                0x0000000008002124       0x14 ./Core/Src/stm32746g_discovery.o
                0x0000000008002124                TS_IO_Init
 .text.TS_IO_Write
                0x0000000008002138       0x34 ./Core/Src/stm32746g_discovery.o
                0x0000000008002138                TS_IO_Write
 .text.TS_IO_Read
                0x000000000800216c       0x3c ./Core/Src/stm32746g_discovery.o
                0x000000000800216c                TS_IO_Read
 .text.TS_IO_Delay
                0x00000000080021a8       0x16 ./Core/Src/stm32746g_discovery.o
                0x00000000080021a8                TS_IO_Delay
 *fill*         0x00000000080021be        0x2 
 .text.BSP_LCD_Init
                0x00000000080021c0       0xe0 ./Core/Src/stm32746g_discovery_lcd.o
                0x00000000080021c0                BSP_LCD_Init
 .text.BSP_LCD_GetXSize
                0x00000000080022a0       0x28 ./Core/Src/stm32746g_discovery_lcd.o
                0x00000000080022a0                BSP_LCD_GetXSize
 .text.BSP_LCD_GetYSize
                0x00000000080022c8       0x28 ./Core/Src/stm32746g_discovery_lcd.o
                0x00000000080022c8                BSP_LCD_GetYSize
 .text.BSP_LCD_LayerDefaultInit
                0x00000000080022f0       0xc0 ./Core/Src/stm32746g_discovery_lcd.o
                0x00000000080022f0                BSP_LCD_LayerDefaultInit
 .text.BSP_LCD_SelectLayer
                0x00000000080023b0       0x20 ./Core/Src/stm32746g_discovery_lcd.o
                0x00000000080023b0                BSP_LCD_SelectLayer
 .text.BSP_LCD_SetTextColor
                0x00000000080023d0       0x30 ./Core/Src/stm32746g_discovery_lcd.o
                0x00000000080023d0                BSP_LCD_SetTextColor
 .text.BSP_LCD_SetBackColor
                0x0000000008002400       0x34 ./Core/Src/stm32746g_discovery_lcd.o
                0x0000000008002400                BSP_LCD_SetBackColor
 .text.BSP_LCD_SetFont
                0x0000000008002434       0x34 ./Core/Src/stm32746g_discovery_lcd.o
                0x0000000008002434                BSP_LCD_SetFont
 .text.BSP_LCD_Clear
                0x0000000008002468       0x50 ./Core/Src/stm32746g_discovery_lcd.o
                0x0000000008002468                BSP_LCD_Clear
 .text.BSP_LCD_DrawHLine
                0x00000000080024b8       0xbc ./Core/Src/stm32746g_discovery_lcd.o
                0x00000000080024b8                BSP_LCD_DrawHLine
 .text.BSP_LCD_DrawCircle
                0x0000000008002574      0x1d4 ./Core/Src/stm32746g_discovery_lcd.o
                0x0000000008002574                BSP_LCD_DrawCircle
 .text.BSP_LCD_DrawPixel
                0x0000000008002748       0x90 ./Core/Src/stm32746g_discovery_lcd.o
                0x0000000008002748                BSP_LCD_DrawPixel
 .text.BSP_LCD_DrawBitmap
                0x00000000080027d8      0x164 ./Core/Src/stm32746g_discovery_lcd.o
                0x00000000080027d8                BSP_LCD_DrawBitmap
 .text.BSP_LCD_FillCircle
                0x000000000800293c      0x140 ./Core/Src/stm32746g_discovery_lcd.o
                0x000000000800293c                BSP_LCD_FillCircle
 .text.BSP_LCD_DisplayOn
                0x0000000008002a7c       0x3c ./Core/Src/stm32746g_discovery_lcd.o
                0x0000000008002a7c                BSP_LCD_DisplayOn
 .text.BSP_LCD_MspInit
                0x0000000008002ab8      0x1b4 ./Core/Src/stm32746g_discovery_lcd.o
                0x0000000008002ab8                BSP_LCD_MspInit
 .text.BSP_LCD_ClockConfig
                0x0000000008002c6c       0x38 ./Core/Src/stm32746g_discovery_lcd.o
                0x0000000008002c6c                BSP_LCD_ClockConfig
 .text.LL_FillBuffer
                0x0000000008002ca4       0x98 ./Core/Src/stm32746g_discovery_lcd.o
 .text.LL_ConvertLineToARGB8888
                0x0000000008002d3c       0x88 ./Core/Src/stm32746g_discovery_lcd.o
 .text.BSP_SDRAM_Init
                0x0000000008002dc4       0xbc ./Core/Src/stm32746g_discovery_sdram.o
                0x0000000008002dc4                BSP_SDRAM_Init
 .text.BSP_SDRAM_Initialization_sequence
                0x0000000008002e80       0xc0 ./Core/Src/stm32746g_discovery_sdram.o
                0x0000000008002e80                BSP_SDRAM_Initialization_sequence
 .text.BSP_SDRAM_MspInit
                0x0000000008002f40      0x1f0 ./Core/Src/stm32746g_discovery_sdram.o
                0x0000000008002f40                BSP_SDRAM_MspInit
 .text.BSP_TS_Init
                0x0000000008003130       0x80 ./Core/Src/stm32746g_discovery_ts.o
                0x0000000008003130                BSP_TS_Init
 .text.HAL_MspInit
                0x00000000080031b0       0x50 ./Core/Src/stm32f7xx_hal_msp.o
                0x00000000080031b0                HAL_MspInit
 .text.HAL_ADC_MspInit
                0x0000000008003200       0xdc ./Core/Src/stm32f7xx_hal_msp.o
                0x0000000008003200                HAL_ADC_MspInit
 .text.HAL_DAC_MspInit
                0x00000000080032dc       0x90 ./Core/Src/stm32f7xx_hal_msp.o
                0x00000000080032dc                HAL_DAC_MspInit
 .text.HAL_DMA2D_MspInit
                0x000000000800336c       0x4c ./Core/Src/stm32f7xx_hal_msp.o
                0x000000000800336c                HAL_DMA2D_MspInit
 .text.HAL_I2C_MspInit
                0x00000000080033b8      0x150 ./Core/Src/stm32f7xx_hal_msp.o
                0x00000000080033b8                HAL_I2C_MspInit
 .text.HAL_I2C_MspDeInit
                0x0000000008003508       0x78 ./Core/Src/stm32f7xx_hal_msp.o
                0x0000000008003508                HAL_I2C_MspDeInit
 .text.HAL_LTDC_MspInit
                0x0000000008003580      0x204 ./Core/Src/stm32f7xx_hal_msp.o
                0x0000000008003580                HAL_LTDC_MspInit
 .text.HAL_RTC_MspInit
                0x0000000008003784       0x5c ./Core/Src/stm32f7xx_hal_msp.o
                0x0000000008003784                HAL_RTC_MspInit
 .text.HAL_SPI_MspInit
                0x00000000080037e0       0xc4 ./Core/Src/stm32f7xx_hal_msp.o
                0x00000000080037e0                HAL_SPI_MspInit
 .text.HAL_TIM_Base_MspInit
                0x00000000080038a4      0x124 ./Core/Src/stm32f7xx_hal_msp.o
                0x00000000080038a4                HAL_TIM_Base_MspInit
 .text.HAL_UART_MspInit
                0x00000000080039c8      0x230 ./Core/Src/stm32f7xx_hal_msp.o
                0x00000000080039c8                HAL_UART_MspInit
 .text.HAL_FMC_MspInit
                0x0000000008003bf8      0x120 ./Core/Src/stm32f7xx_hal_msp.o
 .text.HAL_SDRAM_MspInit
                0x0000000008003d18       0x14 ./Core/Src/stm32f7xx_hal_msp.o
                0x0000000008003d18                HAL_SDRAM_MspInit
 .text.HAL_InitTick
                0x0000000008003d2c       0xb0 ./Core/Src/stm32f7xx_hal_timebase_tim.o
                0x0000000008003d2c                HAL_InitTick
 .text.NMI_Handler
                0x0000000008003ddc        0x6 ./Core/Src/stm32f7xx_it.o
                0x0000000008003ddc                NMI_Handler
 .text.HardFault_Handler
                0x0000000008003de2        0x6 ./Core/Src/stm32f7xx_it.o
                0x0000000008003de2                HardFault_Handler
 .text.MemManage_Handler
                0x0000000008003de8        0x6 ./Core/Src/stm32f7xx_it.o
                0x0000000008003de8                MemManage_Handler
 .text.BusFault_Handler
                0x0000000008003dee        0x6 ./Core/Src/stm32f7xx_it.o
                0x0000000008003dee                BusFault_Handler
 .text.UsageFault_Handler
                0x0000000008003df4        0x6 ./Core/Src/stm32f7xx_it.o
                0x0000000008003df4                UsageFault_Handler
 .text.DebugMon_Handler
                0x0000000008003dfa        0xe ./Core/Src/stm32f7xx_it.o
                0x0000000008003dfa                DebugMon_Handler
 .text.EXTI9_5_IRQHandler
                0x0000000008003e08       0x10 ./Core/Src/stm32f7xx_it.o
                0x0000000008003e08                EXTI9_5_IRQHandler
 .text.USART1_IRQHandler
                0x0000000008003e18       0x14 ./Core/Src/stm32f7xx_it.o
                0x0000000008003e18                USART1_IRQHandler
 .text.EXTI15_10_IRQHandler
                0x0000000008003e2c       0x10 ./Core/Src/stm32f7xx_it.o
                0x0000000008003e2c                EXTI15_10_IRQHandler
 .text.TIM6_DAC_IRQHandler
                0x0000000008003e3c       0x28 ./Core/Src/stm32f7xx_it.o
                0x0000000008003e3c                TIM6_DAC_IRQHandler
 .text.LTDC_IRQHandler
                0x0000000008003e64       0x14 ./Core/Src/stm32f7xx_it.o
                0x0000000008003e64                LTDC_IRQHandler
 .text.DMA2D_IRQHandler
                0x0000000008003e78       0x14 ./Core/Src/stm32f7xx_it.o
                0x0000000008003e78                DMA2D_IRQHandler
 .text.SystemInit
                0x0000000008003e8c       0x24 ./Core/Src/system_stm32f7xx.o
                0x0000000008003e8c                SystemInit
 .text.Reset_Handler
                0x0000000008003eb0       0x50 ./Core/Startup/startup_stm32f746nghx.o
                0x0000000008003eb0                Reset_Handler
 .text.Default_Handler
                0x0000000008003f00        0x2 ./Core/Startup/startup_stm32f746nghx.o
                0x0000000008003f00                RTC_Alarm_IRQHandler
                0x0000000008003f00                EXTI2_IRQHandler
                0x0000000008003f00                TIM8_CC_IRQHandler
                0x0000000008003f00                UART8_IRQHandler
                0x0000000008003f00                SPI4_IRQHandler
                0x0000000008003f00                TIM1_CC_IRQHandler
                0x0000000008003f00                DMA2_Stream5_IRQHandler
                0x0000000008003f00                DMA1_Stream5_IRQHandler
                0x0000000008003f00                PVD_IRQHandler
                0x0000000008003f00                TAMP_STAMP_IRQHandler
                0x0000000008003f00                CAN2_RX1_IRQHandler
                0x0000000008003f00                EXTI3_IRQHandler
                0x0000000008003f00                TIM8_TRG_COM_TIM14_IRQHandler
                0x0000000008003f00                TIM1_UP_TIM10_IRQHandler
                0x0000000008003f00                TIM8_UP_TIM13_IRQHandler
                0x0000000008003f00                I2C3_ER_IRQHandler
                0x0000000008003f00                EXTI0_IRQHandler
                0x0000000008003f00                I2C2_EV_IRQHandler
                0x0000000008003f00                DMA1_Stream2_IRQHandler
                0x0000000008003f00                CAN1_RX0_IRQHandler
                0x0000000008003f00                FPU_IRQHandler
                0x0000000008003f00                OTG_HS_WKUP_IRQHandler
                0x0000000008003f00                LTDC_ER_IRQHandler
                0x0000000008003f00                CAN2_SCE_IRQHandler
                0x0000000008003f00                DMA2_Stream2_IRQHandler
                0x0000000008003f00                SPI1_IRQHandler
                0x0000000008003f00                TIM1_BRK_TIM9_IRQHandler
                0x0000000008003f00                DCMI_IRQHandler
                0x0000000008003f00                CAN2_RX0_IRQHandler
                0x0000000008003f00                DMA2_Stream3_IRQHandler
                0x0000000008003f00                SAI2_IRQHandler
                0x0000000008003f00                USART6_IRQHandler
                0x0000000008003f00                USART3_IRQHandler
                0x0000000008003f00                CAN1_RX1_IRQHandler
                0x0000000008003f00                UART5_IRQHandler
                0x0000000008003f00                DMA2_Stream0_IRQHandler
                0x0000000008003f00                TIM4_IRQHandler
                0x0000000008003f00                QUADSPI_IRQHandler
                0x0000000008003f00                I2C1_EV_IRQHandler
                0x0000000008003f00                DMA1_Stream6_IRQHandler
                0x0000000008003f00                DMA1_Stream1_IRQHandler
                0x0000000008003f00                UART4_IRQHandler
                0x0000000008003f00                TIM3_IRQHandler
                0x0000000008003f00                RCC_IRQHandler
                0x0000000008003f00                TIM8_BRK_TIM12_IRQHandler
                0x0000000008003f00                Default_Handler
                0x0000000008003f00                CEC_IRQHandler
                0x0000000008003f00                ADC_IRQHandler
                0x0000000008003f00                DMA1_Stream7_IRQHandler
                0x0000000008003f00                SPI5_IRQHandler
                0x0000000008003f00                TIM7_IRQHandler
                0x0000000008003f00                SDMMC1_IRQHandler
                0x0000000008003f00                CAN2_TX_IRQHandler
                0x0000000008003f00                TIM5_IRQHandler
                0x0000000008003f00                DMA2_Stream7_IRQHandler
                0x0000000008003f00                I2C3_EV_IRQHandler
                0x0000000008003f00                RTC_WKUP_IRQHandler
                0x0000000008003f00                ETH_WKUP_IRQHandler
                0x0000000008003f00                SPDIF_RX_IRQHandler
                0x0000000008003f00                SPI2_IRQHandler
                0x0000000008003f00                OTG_HS_EP1_IN_IRQHandler
                0x0000000008003f00                DMA1_Stream0_IRQHandler
                0x0000000008003f00                CAN1_TX_IRQHandler
                0x0000000008003f00                EXTI4_IRQHandler
                0x0000000008003f00                RNG_IRQHandler
                0x0000000008003f00                ETH_IRQHandler
                0x0000000008003f00                OTG_HS_EP1_OUT_IRQHandler
                0x0000000008003f00                WWDG_IRQHandler
                0x0000000008003f00                SPI6_IRQHandler
                0x0000000008003f00                I2C4_EV_IRQHandler
                0x0000000008003f00                TIM2_IRQHandler
                0x0000000008003f00                OTG_FS_WKUP_IRQHandler
                0x0000000008003f00                TIM1_TRG_COM_TIM11_IRQHandler
                0x0000000008003f00                OTG_HS_IRQHandler
                0x0000000008003f00                EXTI1_IRQHandler
                0x0000000008003f00                UART7_IRQHandler
                0x0000000008003f00                USART2_IRQHandler
                0x0000000008003f00                I2C2_ER_IRQHandler
                0x0000000008003f00                DMA2_Stream1_IRQHandler
                0x0000000008003f00                CAN1_SCE_IRQHandler
                0x0000000008003f00                FLASH_IRQHandler
                0x0000000008003f00                DMA2_Stream4_IRQHandler
                0x0000000008003f00                OTG_FS_IRQHandler
                0x0000000008003f00                SPI3_IRQHandler
                0x0000000008003f00                DMA1_Stream4_IRQHandler
                0x0000000008003f00                I2C1_ER_IRQHandler
                0x0000000008003f00                FMC_IRQHandler
                0x0000000008003f00                LPTIM1_IRQHandler
                0x0000000008003f00                I2C4_ER_IRQHandler
                0x0000000008003f00                DMA2_Stream6_IRQHandler
                0x0000000008003f00                SAI1_IRQHandler
                0x0000000008003f00                DMA1_Stream3_IRQHandler
 .text.HAL_Init
                0x0000000008003f02       0x1a ./Drivers/STM32F7xx_HAL_Driver/Src/stm32f7xx_hal.o
                0x0000000008003f02                HAL_Init
 .text.HAL_IncTick
                0x0000000008003f1c       0x28 ./Drivers/STM32F7xx_HAL_Driver/Src/stm32f7xx_hal.o
                0x0000000008003f1c                HAL_IncTick
 .text.HAL_GetTick
                0x0000000008003f44       0x18 ./Drivers/STM32F7xx_HAL_Driver/Src/stm32f7xx_hal.o
                0x0000000008003f44                HAL_GetTick
 .text.HAL_Delay
                0x0000000008003f5c       0x48 ./Drivers/STM32F7xx_HAL_Driver/Src/stm32f7xx_hal.o
                0x0000000008003f5c                HAL_Delay
 .text.HAL_ADC_Init
                0x0000000008003fa4       0x88 ./Drivers/STM32F7xx_HAL_Driver/Src/stm32f7xx_hal_adc.o
                0x0000000008003fa4                HAL_ADC_Init
 .text.HAL_ADC_Start
                0x000000000800402c      0x19c ./Drivers/STM32F7xx_HAL_Driver/Src/stm32f7xx_hal_adc.o
                0x000000000800402c                HAL_ADC_Start
 .text.HAL_ADC_ConfigChannel
                0x00000000080041c8      0x2ac ./Drivers/STM32F7xx_HAL_Driver/Src/stm32f7xx_hal_adc.o
                0x00000000080041c8                HAL_ADC_ConfigChannel
 .text.ADC_Init
                0x0000000008004474      0x1f4 ./Drivers/STM32F7xx_HAL_Driver/Src/stm32f7xx_hal_adc.o
 .text.__NVIC_SetPriorityGrouping
                0x0000000008004668       0x48 ./Drivers/STM32F7xx_HAL_Driver/Src/stm32f7xx_hal_cortex.o
 .text.__NVIC_GetPriorityGrouping
                0x00000000080046b0       0x1c ./Drivers/STM32F7xx_HAL_Driver/Src/stm32f7xx_hal_cortex.o
 .text.__NVIC_EnableIRQ
                0x00000000080046cc       0x3c ./Drivers/STM32F7xx_HAL_Driver/Src/stm32f7xx_hal_cortex.o
 .text.__NVIC_SetPriority
                0x0000000008004708       0x54 ./Drivers/STM32F7xx_HAL_Driver/Src/stm32f7xx_hal_cortex.o
 .text.NVIC_EncodePriority
                0x000000000800475c       0x66 ./Drivers/STM32F7xx_HAL_Driver/Src/stm32f7xx_hal_cortex.o
 .text.HAL_NVIC_SetPriorityGrouping
                0x00000000080047c2       0x16 ./Drivers/STM32F7xx_HAL_Driver/Src/stm32f7xx_hal_cortex.o
                0x00000000080047c2                HAL_NVIC_SetPriorityGrouping
 .text.HAL_NVIC_SetPriority
                0x00000000080047d8       0x38 ./Drivers/STM32F7xx_HAL_Driver/Src/stm32f7xx_hal_cortex.o
                0x00000000080047d8                HAL_NVIC_SetPriority
 .text.HAL_NVIC_EnableIRQ
                0x0000000008004810       0x1c ./Drivers/STM32F7xx_HAL_Driver/Src/stm32f7xx_hal_cortex.o
                0x0000000008004810                HAL_NVIC_EnableIRQ
 .text.HAL_DAC_Init
                0x000000000800482c       0x44 ./Drivers/STM32F7xx_HAL_Driver/Src/stm32f7xx_hal_dac.o
                0x000000000800482c                HAL_DAC_Init
 .text.HAL_DAC_IRQHandler
                0x0000000008004870       0xb4 ./Drivers/STM32F7xx_HAL_Driver/Src/stm32f7xx_hal_dac.o
                0x0000000008004870                HAL_DAC_IRQHandler
 .text.HAL_DAC_DMAUnderrunCallbackCh1
                0x0000000008004924       0x14 ./Drivers/STM32F7xx_HAL_Driver/Src/stm32f7xx_hal_dac.o
                0x0000000008004924                HAL_DAC_DMAUnderrunCallbackCh1
 .text.HAL_DAC_ConfigChannel
                0x0000000008004938       0x9e ./Drivers/STM32F7xx_HAL_Driver/Src/stm32f7xx_hal_dac.o
                0x0000000008004938                HAL_DAC_ConfigChannel
 .text.HAL_DACEx_DMAUnderrunCallbackCh2
                0x00000000080049d6       0x14 ./Drivers/STM32F7xx_HAL_Driver/Src/stm32f7xx_hal_dac_ex.o
                0x00000000080049d6                HAL_DACEx_DMAUnderrunCallbackCh2
 *fill*         0x00000000080049ea        0x2 
 .text.HAL_DMA_Init
                0x00000000080049ec      0x15c ./Drivers/STM32F7xx_HAL_Driver/Src/stm32f7xx_hal_dma.o
                0x00000000080049ec                HAL_DMA_Init
 .text.HAL_DMA_DeInit
                0x0000000008004b48       0xbc ./Drivers/STM32F7xx_HAL_Driver/Src/stm32f7xx_hal_dma.o
                0x0000000008004b48                HAL_DMA_DeInit
 .text.HAL_DMA_Abort
                0x0000000008004c04       0xe0 ./Drivers/STM32F7xx_HAL_Driver/Src/stm32f7xx_hal_dma.o
                0x0000000008004c04                HAL_DMA_Abort
 .text.HAL_DMA_Abort_IT
                0x0000000008004ce4       0x44 ./Drivers/STM32F7xx_HAL_Driver/Src/stm32f7xx_hal_dma.o
                0x0000000008004ce4                HAL_DMA_Abort_IT
 .text.DMA_CalcBaseAndBitshift
                0x0000000008004d28       0x6c ./Drivers/STM32F7xx_HAL_Driver/Src/stm32f7xx_hal_dma.o
 .text.DMA_CheckFifoParam
                0x0000000008004d94       0xf8 ./Drivers/STM32F7xx_HAL_Driver/Src/stm32f7xx_hal_dma.o
 .text.HAL_DMA2D_Init
                0x0000000008004e8c       0x94 ./Drivers/STM32F7xx_HAL_Driver/Src/stm32f7xx_hal_dma2d.o
                0x0000000008004e8c                HAL_DMA2D_Init
 .text.HAL_DMA2D_Start
                0x0000000008004f20       0x56 ./Drivers/STM32F7xx_HAL_Driver/Src/stm32f7xx_hal_dma2d.o
                0x0000000008004f20                HAL_DMA2D_Start
 .text.HAL_DMA2D_PollForTransfer
                0x0000000008004f76      0x1d2 ./Drivers/STM32F7xx_HAL_Driver/Src/stm32f7xx_hal_dma2d.o
                0x0000000008004f76                HAL_DMA2D_PollForTransfer
 .text.HAL_DMA2D_IRQHandler
                0x0000000008005148      0x1f8 ./Drivers/STM32F7xx_HAL_Driver/Src/stm32f7xx_hal_dma2d.o
                0x0000000008005148                HAL_DMA2D_IRQHandler
 .text.HAL_DMA2D_LineEventCallback
                0x0000000008005340       0x14 ./Drivers/STM32F7xx_HAL_Driver/Src/stm32f7xx_hal_dma2d.o
                0x0000000008005340                HAL_DMA2D_LineEventCallback
 .text.HAL_DMA2D_CLUTLoadingCpltCallback
                0x0000000008005354       0x14 ./Drivers/STM32F7xx_HAL_Driver/Src/stm32f7xx_hal_dma2d.o
                0x0000000008005354                HAL_DMA2D_CLUTLoadingCpltCallback
 .text.HAL_DMA2D_ConfigLayer
                0x0000000008005368      0x124 ./Drivers/STM32F7xx_HAL_Driver/Src/stm32f7xx_hal_dma2d.o
                0x0000000008005368                HAL_DMA2D_ConfigLayer
 .text.DMA2D_SetConfig
                0x000000000800548c      0x138 ./Drivers/STM32F7xx_HAL_Driver/Src/stm32f7xx_hal_dma2d.o
 .text.HAL_GPIO_Init
                0x00000000080055c4      0x358 ./Drivers/STM32F7xx_HAL_Driver/Src/stm32f7xx_hal_gpio.o
                0x00000000080055c4                HAL_GPIO_Init
 .text.HAL_GPIO_DeInit
                0x000000000800591c      0x218 ./Drivers/STM32F7xx_HAL_Driver/Src/stm32f7xx_hal_gpio.o
                0x000000000800591c                HAL_GPIO_DeInit
 .text.HAL_GPIO_WritePin
                0x0000000008005b34       0x32 ./Drivers/STM32F7xx_HAL_Driver/Src/stm32f7xx_hal_gpio.o
                0x0000000008005b34                HAL_GPIO_WritePin
 *fill*         0x0000000008005b66        0x2 
 .text.HAL_GPIO_EXTI_IRQHandler
                0x0000000008005b68       0x30 ./Drivers/STM32F7xx_HAL_Driver/Src/stm32f7xx_hal_gpio.o
                0x0000000008005b68                HAL_GPIO_EXTI_IRQHandler
 .text.HAL_I2C_Init
                0x0000000008005b98      0x120 ./Drivers/STM32F7xx_HAL_Driver/Src/stm32f7xx_hal_i2c.o
                0x0000000008005b98                HAL_I2C_Init
 .text.HAL_I2C_DeInit
                0x0000000008005cb8       0x5e ./Drivers/STM32F7xx_HAL_Driver/Src/stm32f7xx_hal_i2c.o
                0x0000000008005cb8                HAL_I2C_DeInit
 *fill*         0x0000000008005d16        0x2 
 .text.HAL_I2C_Mem_Write
                0x0000000008005d18      0x228 ./Drivers/STM32F7xx_HAL_Driver/Src/stm32f7xx_hal_i2c.o
                0x0000000008005d18                HAL_I2C_Mem_Write
 .text.HAL_I2C_Mem_Read
                0x0000000008005f40      0x234 ./Drivers/STM32F7xx_HAL_Driver/Src/stm32f7xx_hal_i2c.o
                0x0000000008005f40                HAL_I2C_Mem_Read
 .text.HAL_I2C_GetState
                0x0000000008006174       0x1c ./Drivers/STM32F7xx_HAL_Driver/Src/stm32f7xx_hal_i2c.o
                0x0000000008006174                HAL_I2C_GetState
 .text.I2C_RequestMemoryWrite
                0x0000000008006190       0xa8 ./Drivers/STM32F7xx_HAL_Driver/Src/stm32f7xx_hal_i2c.o
 .text.I2C_RequestMemoryRead
                0x0000000008006238       0xa8 ./Drivers/STM32F7xx_HAL_Driver/Src/stm32f7xx_hal_i2c.o
 .text.I2C_Flush_TXDR
                0x00000000080062e0       0x48 ./Drivers/STM32F7xx_HAL_Driver/Src/stm32f7xx_hal_i2c.o
 .text.I2C_WaitOnFlagUntilTimeout
                0x0000000008006328       0x80 ./Drivers/STM32F7xx_HAL_Driver/Src/stm32f7xx_hal_i2c.o
 .text.I2C_WaitOnTXISFlagUntilTimeout
                0x00000000080063a8       0x80 ./Drivers/STM32F7xx_HAL_Driver/Src/stm32f7xx_hal_i2c.o
 .text.I2C_WaitOnSTOPFlagUntilTimeout
                0x0000000008006428       0x78 ./Drivers/STM32F7xx_HAL_Driver/Src/stm32f7xx_hal_i2c.o
 .text.I2C_IsErrorOccurred
                0x00000000080064a0      0x1d8 ./Drivers/STM32F7xx_HAL_Driver/Src/stm32f7xx_hal_i2c.o
 .text.I2C_TransferConfig
                0x0000000008006678       0x64 ./Drivers/STM32F7xx_HAL_Driver/Src/stm32f7xx_hal_i2c.o
 .text.HAL_I2CEx_ConfigAnalogFilter
                0x00000000080066dc       0x96 ./Drivers/STM32F7xx_HAL_Driver/Src/stm32f7xx_hal_i2c_ex.o
                0x00000000080066dc                HAL_I2CEx_ConfigAnalogFilter
 .text.HAL_I2CEx_ConfigDigitalFilter
                0x0000000008006772       0x98 ./Drivers/STM32F7xx_HAL_Driver/Src/stm32f7xx_hal_i2c_ex.o
                0x0000000008006772                HAL_I2CEx_ConfigDigitalFilter
 *fill*         0x000000000800680a        0x2 
 .text.HAL_LTDC_Init
                0x000000000800680c      0x1a0 ./Drivers/STM32F7xx_HAL_Driver/Src/stm32f7xx_hal_ltdc.o
                0x000000000800680c                HAL_LTDC_Init
 .text.HAL_LTDC_IRQHandler
                0x00000000080069ac      0x148 ./Drivers/STM32F7xx_HAL_Driver/Src/stm32f7xx_hal_ltdc.o
                0x00000000080069ac                HAL_LTDC_IRQHandler
 .text.HAL_LTDC_ErrorCallback
                0x0000000008006af4       0x14 ./Drivers/STM32F7xx_HAL_Driver/Src/stm32f7xx_hal_ltdc.o
                0x0000000008006af4                HAL_LTDC_ErrorCallback
 .text.HAL_LTDC_LineEventCallback
                0x0000000008006b08       0x14 ./Drivers/STM32F7xx_HAL_Driver/Src/stm32f7xx_hal_ltdc.o
                0x0000000008006b08                HAL_LTDC_LineEventCallback
 .text.HAL_LTDC_ReloadEventCallback
                0x0000000008006b1c       0x14 ./Drivers/STM32F7xx_HAL_Driver/Src/stm32f7xx_hal_ltdc.o
                0x0000000008006b1c                HAL_LTDC_ReloadEventCallback
 .text.HAL_LTDC_ConfigLayer
                0x0000000008006b30       0x7c ./Drivers/STM32F7xx_HAL_Driver/Src/stm32f7xx_hal_ltdc.o
                0x0000000008006b30                HAL_LTDC_ConfigLayer
 .text.HAL_LTDC_GetState
                0x0000000008006bac       0x1c ./Drivers/STM32F7xx_HAL_Driver/Src/stm32f7xx_hal_ltdc.o
                0x0000000008006bac                HAL_LTDC_GetState
 .text.LTDC_SetConfig
                0x0000000008006bc8      0x334 ./Drivers/STM32F7xx_HAL_Driver/Src/stm32f7xx_hal_ltdc.o
 .text.HAL_PWR_EnableBkUpAccess
                0x0000000008006efc       0x20 ./Drivers/STM32F7xx_HAL_Driver/Src/stm32f7xx_hal_pwr.o
                0x0000000008006efc                HAL_PWR_EnableBkUpAccess
 .text.HAL_PWREx_EnableOverDrive
                0x0000000008006f1c       0xa0 ./Drivers/STM32F7xx_HAL_Driver/Src/stm32f7xx_hal_pwr_ex.o
                0x0000000008006f1c                HAL_PWREx_EnableOverDrive
 .text.HAL_RCC_OscConfig
                0x0000000008006fbc      0x548 ./Drivers/STM32F7xx_HAL_Driver/Src/stm32f7xx_hal_rcc.o
                0x0000000008006fbc                HAL_RCC_OscConfig
 .text.HAL_RCC_ClockConfig
                0x0000000008007504      0x1d8 ./Drivers/STM32F7xx_HAL_Driver/Src/stm32f7xx_hal_rcc.o
                0x0000000008007504                HAL_RCC_ClockConfig
 .text.HAL_RCC_GetSysClockFreq
                0x00000000080076dc      0x16c ./Drivers/STM32F7xx_HAL_Driver/Src/stm32f7xx_hal_rcc.o
                0x00000000080076dc                HAL_RCC_GetSysClockFreq
 .text.HAL_RCC_GetHCLKFreq
                0x0000000008007848       0x18 ./Drivers/STM32F7xx_HAL_Driver/Src/stm32f7xx_hal_rcc.o
                0x0000000008007848                HAL_RCC_GetHCLKFreq
 .text.HAL_RCC_GetPCLK1Freq
                0x0000000008007860       0x28 ./Drivers/STM32F7xx_HAL_Driver/Src/stm32f7xx_hal_rcc.o
                0x0000000008007860                HAL_RCC_GetPCLK1Freq
 .text.HAL_RCC_GetPCLK2Freq
                0x0000000008007888       0x28 ./Drivers/STM32F7xx_HAL_Driver/Src/stm32f7xx_hal_rcc.o
                0x0000000008007888                HAL_RCC_GetPCLK2Freq
 .text.HAL_RCC_GetClockConfig
                0x00000000080078b0       0x64 ./Drivers/STM32F7xx_HAL_Driver/Src/stm32f7xx_hal_rcc.o
                0x00000000080078b0                HAL_RCC_GetClockConfig
 .text.HAL_RCCEx_PeriphCLKConfig
                0x0000000008007914      0x7e0 ./Drivers/STM32F7xx_HAL_Driver/Src/stm32f7xx_hal_rcc_ex.o
                0x0000000008007914                HAL_RCCEx_PeriphCLKConfig
 .text.HAL_RTC_Init
                0x00000000080080f4      0x124 ./Drivers/STM32F7xx_HAL_Driver/Src/stm32f7xx_hal_rtc.o
                0x00000000080080f4                HAL_RTC_Init
 .text.HAL_RTC_SetTime
                0x0000000008008218      0x17c ./Drivers/STM32F7xx_HAL_Driver/Src/stm32f7xx_hal_rtc.o
                0x0000000008008218                HAL_RTC_SetTime
 .text.HAL_RTC_SetDate
                0x0000000008008394      0x150 ./Drivers/STM32F7xx_HAL_Driver/Src/stm32f7xx_hal_rtc.o
                0x0000000008008394                HAL_RTC_SetDate
 .text.HAL_RTC_SetAlarm
                0x00000000080084e4      0x230 ./Drivers/STM32F7xx_HAL_Driver/Src/stm32f7xx_hal_rtc.o
                0x00000000080084e4                HAL_RTC_SetAlarm
 .text.HAL_RTC_WaitForSynchro
                0x0000000008008714       0x50 ./Drivers/STM32F7xx_HAL_Driver/Src/stm32f7xx_hal_rtc.o
                0x0000000008008714                HAL_RTC_WaitForSynchro
 .text.RTC_EnterInitMode
                0x0000000008008764       0x58 ./Drivers/STM32F7xx_HAL_Driver/Src/stm32f7xx_hal_rtc.o
                0x0000000008008764                RTC_EnterInitMode
 .text.RTC_ByteToBcd2
                0x00000000080087bc       0x3c ./Drivers/STM32F7xx_HAL_Driver/Src/stm32f7xx_hal_rtc.o
                0x00000000080087bc                RTC_ByteToBcd2
 .text.HAL_RTCEx_SetTimeStamp
                0x00000000080087f8       0xac ./Drivers/STM32F7xx_HAL_Driver/Src/stm32f7xx_hal_rtc_ex.o
                0x00000000080087f8                HAL_RTCEx_SetTimeStamp
 .text.HAL_SDRAM_Init
                0x00000000080088a4       0x68 ./Drivers/STM32F7xx_HAL_Driver/Src/stm32f7xx_hal_sdram.o
                0x00000000080088a4                HAL_SDRAM_Init
 .text.HAL_SDRAM_SendCommand
                0x000000000800890c       0x6a ./Drivers/STM32F7xx_HAL_Driver/Src/stm32f7xx_hal_sdram.o
                0x000000000800890c                HAL_SDRAM_SendCommand
 .text.HAL_SDRAM_ProgramRefreshRate
                0x0000000008008976       0x50 ./Drivers/STM32F7xx_HAL_Driver/Src/stm32f7xx_hal_sdram.o
                0x0000000008008976                HAL_SDRAM_ProgramRefreshRate
 .text.HAL_SPI_Init
                0x00000000080089c6      0x156 ./Drivers/STM32F7xx_HAL_Driver/Src/stm32f7xx_hal_spi.o
                0x00000000080089c6                HAL_SPI_Init
 .text.HAL_TIM_Base_Init
                0x0000000008008b1c       0xae ./Drivers/STM32F7xx_HAL_Driver/Src/stm32f7xx_hal_tim.o
                0x0000000008008b1c                HAL_TIM_Base_Init
 *fill*         0x0000000008008bca        0x2 
 .text.HAL_TIM_Base_Start_IT
                0x0000000008008bcc       0xf0 ./Drivers/STM32F7xx_HAL_Driver/Src/stm32f7xx_hal_tim.o
                0x0000000008008bcc                HAL_TIM_Base_Start_IT
 .text.HAL_TIM_IRQHandler
                0x0000000008008cbc      0x23e ./Drivers/STM32F7xx_HAL_Driver/Src/stm32f7xx_hal_tim.o
                0x0000000008008cbc                HAL_TIM_IRQHandler
 *fill*         0x0000000008008efa        0x2 
 .text.HAL_TIM_ConfigClockSource
                0x0000000008008efc      0x194 ./Drivers/STM32F7xx_HAL_Driver/Src/stm32f7xx_hal_tim.o
                0x0000000008008efc                HAL_TIM_ConfigClockSource
 .text.HAL_TIM_OC_DelayElapsedCallback
                0x0000000008009090       0x14 ./Drivers/STM32F7xx_HAL_Driver/Src/stm32f7xx_hal_tim.o
                0x0000000008009090                HAL_TIM_OC_DelayElapsedCallback
 .text.HAL_TIM_IC_CaptureCallback
                0x00000000080090a4       0x14 ./Drivers/STM32F7xx_HAL_Driver/Src/stm32f7xx_hal_tim.o
                0x00000000080090a4                HAL_TIM_IC_CaptureCallback
 .text.HAL_TIM_PWM_PulseFinishedCallback
                0x00000000080090b8       0x14 ./Drivers/STM32F7xx_HAL_Driver/Src/stm32f7xx_hal_tim.o
                0x00000000080090b8                HAL_TIM_PWM_PulseFinishedCallback
 .text.HAL_TIM_TriggerCallback
                0x00000000080090cc       0x14 ./Drivers/STM32F7xx_HAL_Driver/Src/stm32f7xx_hal_tim.o
                0x00000000080090cc                HAL_TIM_TriggerCallback
 .text.TIM_Base_SetConfig
                0x00000000080090e0      0x140 ./Drivers/STM32F7xx_HAL_Driver/Src/stm32f7xx_hal_tim.o
                0x00000000080090e0                TIM_Base_SetConfig
 .text.TIM_TI1_ConfigInputStage
                0x0000000008009220       0x5e ./Drivers/STM32F7xx_HAL_Driver/Src/stm32f7xx_hal_tim.o
 .text.TIM_TI2_ConfigInputStage
                0x000000000800927e       0x60 ./Drivers/STM32F7xx_HAL_Driver/Src/stm32f7xx_hal_tim.o
 .text.TIM_ITRx_SetConfig
                0x00000000080092de       0x36 ./Drivers/STM32F7xx_HAL_Driver/Src/stm32f7xx_hal_tim.o
 .text.TIM_ETR_SetConfig
                0x0000000008009314       0x40 ./Drivers/STM32F7xx_HAL_Driver/Src/stm32f7xx_hal_tim.o
                0x0000000008009314                TIM_ETR_SetConfig
 .text.HAL_TIMEx_MasterConfigSynchronization
                0x0000000008009354      0x11c ./Drivers/STM32F7xx_HAL_Driver/Src/stm32f7xx_hal_tim_ex.o
                0x0000000008009354                HAL_TIMEx_MasterConfigSynchronization
 .text.HAL_TIMEx_CommutCallback
                0x0000000008009470       0x14 ./Drivers/STM32F7xx_HAL_Driver/Src/stm32f7xx_hal_tim_ex.o
                0x0000000008009470                HAL_TIMEx_CommutCallback
 .text.HAL_TIMEx_BreakCallback
                0x0000000008009484       0x14 ./Drivers/STM32F7xx_HAL_Driver/Src/stm32f7xx_hal_tim_ex.o
                0x0000000008009484                HAL_TIMEx_BreakCallback
 .text.HAL_TIMEx_Break2Callback
                0x0000000008009498       0x14 ./Drivers/STM32F7xx_HAL_Driver/Src/stm32f7xx_hal_tim_ex.o
                0x0000000008009498                HAL_TIMEx_Break2Callback
 .text.HAL_UART_Init
                0x00000000080094ac       0x9c ./Drivers/STM32F7xx_HAL_Driver/Src/stm32f7xx_hal_uart.o
                0x00000000080094ac                HAL_UART_Init
 .text.HAL_UART_IRQHandler
                0x0000000008009548      0x594 ./Drivers/STM32F7xx_HAL_Driver/Src/stm32f7xx_hal_uart.o
                0x0000000008009548                HAL_UART_IRQHandler
 .text.HAL_UART_TxCpltCallback
                0x0000000008009adc       0x14 ./Drivers/STM32F7xx_HAL_Driver/Src/stm32f7xx_hal_uart.o
                0x0000000008009adc                HAL_UART_TxCpltCallback
 .text.HAL_UART_ErrorCallback
                0x0000000008009af0       0x14 ./Drivers/STM32F7xx_HAL_Driver/Src/stm32f7xx_hal_uart.o
                0x0000000008009af0                HAL_UART_ErrorCallback
 .text.HAL_UARTEx_RxEventCallback
                0x0000000008009b04       0x18 ./Drivers/STM32F7xx_HAL_Driver/Src/stm32f7xx_hal_uart.o
                0x0000000008009b04                HAL_UARTEx_RxEventCallback
 .text.UART_SetConfig
                0x0000000008009b1c      0x4c4 ./Drivers/STM32F7xx_HAL_Driver/Src/stm32f7xx_hal_uart.o
                0x0000000008009b1c                UART_SetConfig
 .text.UART_AdvFeatureConfig
                0x0000000008009fe0      0x144 ./Drivers/STM32F7xx_HAL_Driver/Src/stm32f7xx_hal_uart.o
                0x0000000008009fe0                UART_AdvFeatureConfig
 .text.UART_CheckIdleState
                0x000000000800a124       0x66 ./Drivers/STM32F7xx_HAL_Driver/Src/stm32f7xx_hal_uart.o
                0x000000000800a124                UART_CheckIdleState
 .text.UART_WaitOnFlagUntilTimeout
                0x000000000800a18a      0x188 ./Drivers/STM32F7xx_HAL_Driver/Src/stm32f7xx_hal_uart.o
                0x000000000800a18a                UART_WaitOnFlagUntilTimeout
 .text.UART_EndRxTransfer
                0x000000000800a312       0xc6 ./Drivers/STM32F7xx_HAL_Driver/Src/stm32f7xx_hal_uart.o
 .text.UART_DMAAbortOnError
                0x000000000800a3d8       0x2c ./Drivers/STM32F7xx_HAL_Driver/Src/stm32f7xx_hal_uart.o
 .text.UART_EndTransmit_IT
                0x000000000800a404       0x54 ./Drivers/STM32F7xx_HAL_Driver/Src/stm32f7xx_hal_uart.o
 .text.FMC_SDRAM_Init
                0x000000000800a458       0xb8 ./Drivers/STM32F7xx_HAL_Driver/Src/stm32f7xx_ll_fmc.o
                0x000000000800a458                FMC_SDRAM_Init
 .text.FMC_SDRAM_Timing_Init
                0x000000000800a510       0xd4 ./Drivers/STM32F7xx_HAL_Driver/Src/stm32f7xx_ll_fmc.o
                0x000000000800a510                FMC_SDRAM_Timing_Init
 .text.FMC_SDRAM_SendCommand
                0x000000000800a5e4       0x48 ./Drivers/STM32F7xx_HAL_Driver/Src/stm32f7xx_ll_fmc.o
                0x000000000800a5e4                FMC_SDRAM_SendCommand
 .text.FMC_SDRAM_ProgramRefreshRate
                0x000000000800a62c       0x30 ./Drivers/STM32F7xx_HAL_Driver/Src/stm32f7xx_ll_fmc.o
                0x000000000800a62c                FMC_SDRAM_ProgramRefreshRate
 .text.makeFreeRtosPriority
                0x000000000800a65c       0x30 ./Middlewares/Third_Party/FreeRTOS/Source/CMSIS_RTOS/cmsis_os.o
 .text.osKernelStart
                0x000000000800a68c        0xe ./Middlewares/Third_Party/FreeRTOS/Source/CMSIS_RTOS/cmsis_os.o
                0x000000000800a68c                osKernelStart
 .text.osThreadCreate
                0x000000000800a69a       0x98 ./Middlewares/Third_Party/FreeRTOS/Source/CMSIS_RTOS/cmsis_os.o
                0x000000000800a69a                osThreadCreate
 .text.vListInitialise
                0x000000000800a732       0x40 ./Middlewares/Third_Party/FreeRTOS/Source/list.o
                0x000000000800a732                vListInitialise
 .text.vListInitialiseItem
                0x000000000800a772       0x1a ./Middlewares/Third_Party/FreeRTOS/Source/list.o
                0x000000000800a772                vListInitialiseItem
 .text.vListInsertEnd
                0x000000000800a78c       0x48 ./Middlewares/Third_Party/FreeRTOS/Source/list.o
                0x000000000800a78c                vListInsertEnd
 .text.vListInsert
                0x000000000800a7d4       0x72 ./Middlewares/Third_Party/FreeRTOS/Source/list.o
                0x000000000800a7d4                vListInsert
 .text.uxListRemove
                0x000000000800a846       0x54 ./Middlewares/Third_Party/FreeRTOS/Source/list.o
                0x000000000800a846                uxListRemove
 *fill*         0x000000000800a89a        0x2 
 .text.xQueueGenericReset
                0x000000000800a89c       0xd4 ./Middlewares/Third_Party/FreeRTOS/Source/queue.o
                0x000000000800a89c                xQueueGenericReset
 .text.xQueueGenericCreate
                0x000000000800a970       0x84 ./Middlewares/Third_Party/FreeRTOS/Source/queue.o
                0x000000000800a970                xQueueGenericCreate
 .text.prvInitialiseNewQueue
                0x000000000800a9f4       0x3e ./Middlewares/Third_Party/FreeRTOS/Source/queue.o
 .text.prvInitialiseMutex
                0x000000000800aa32       0x34 ./Middlewares/Third_Party/FreeRTOS/Source/queue.o
 .text.xQueueCreateMutex
                0x000000000800aa66       0x30 ./Middlewares/Third_Party/FreeRTOS/Source/queue.o
                0x000000000800aa66                xQueueCreateMutex
 *fill*         0x000000000800aa96        0x2 
 .text.xQueueGenericSend
                0x000000000800aa98      0x20c ./Middlewares/Third_Party/FreeRTOS/Source/queue.o
                0x000000000800aa98                xQueueGenericSend
 .text.xQueueSemaphoreTake
                0x000000000800aca4      0x228 ./Middlewares/Third_Party/FreeRTOS/Source/queue.o
                0x000000000800aca4                xQueueSemaphoreTake
 .text.prvGetDisinheritPriorityAfterTimeout
                0x000000000800aecc       0x30 ./Middlewares/Third_Party/FreeRTOS/Source/queue.o
 .text.prvCopyDataToQueue
                0x000000000800aefc       0xd4 ./Middlewares/Third_Party/FreeRTOS/Source/queue.o
 .text.prvUnlockQueue
                0x000000000800afd0       0xa4 ./Middlewares/Third_Party/FreeRTOS/Source/queue.o
 .text.prvIsQueueEmpty
                0x000000000800b074       0x2c ./Middlewares/Third_Party/FreeRTOS/Source/queue.o
 .text.prvIsQueueFull
                0x000000000800b0a0       0x30 ./Middlewares/Third_Party/FreeRTOS/Source/queue.o
 .text.xTaskCreateStatic
                0x000000000800b0d0       0xc6 ./Middlewares/Third_Party/FreeRTOS/Source/tasks.o
                0x000000000800b0d0                xTaskCreateStatic
 .text.xTaskCreate
                0x000000000800b196       0x8a ./Middlewares/Third_Party/FreeRTOS/Source/tasks.o
                0x000000000800b196                xTaskCreate
 .text.prvInitialiseNewTask
                0x000000000800b220      0x140 ./Middlewares/Third_Party/FreeRTOS/Source/tasks.o
 .text.prvAddNewTaskToReadyList
                0x000000000800b360       0xd4 ./Middlewares/Third_Party/FreeRTOS/Source/tasks.o
 .text.vTaskDelete
                0x000000000800b434      0x124 ./Middlewares/Third_Party/FreeRTOS/Source/tasks.o
                0x000000000800b434                vTaskDelete
 .text.vTaskDelayUntil
                0x000000000800b558      0x108 ./Middlewares/Third_Party/FreeRTOS/Source/tasks.o
                0x000000000800b558                vTaskDelayUntil
 .text.vTaskSuspend
                0x000000000800b660      0x128 ./Middlewares/Third_Party/FreeRTOS/Source/tasks.o
                0x000000000800b660                vTaskSuspend
 .text.vTaskStartScheduler
                0x000000000800b788       0xdc ./Middlewares/Third_Party/FreeRTOS/Source/tasks.o
                0x000000000800b788                vTaskStartScheduler
 .text.vTaskSuspendAll
                0x000000000800b864       0x1c ./Middlewares/Third_Party/FreeRTOS/Source/tasks.o
                0x000000000800b864                vTaskSuspendAll
 .text.xTaskResumeAll
                0x000000000800b880      0x13c ./Middlewares/Third_Party/FreeRTOS/Source/tasks.o
                0x000000000800b880                xTaskResumeAll
 .text.xTaskIncrementTick
                0x000000000800b9bc      0x174 ./Middlewares/Third_Party/FreeRTOS/Source/tasks.o
                0x000000000800b9bc                xTaskIncrementTick
 .text.vTaskSwitchContext
                0x000000000800bb30       0xc8 ./Middlewares/Third_Party/FreeRTOS/Source/tasks.o
                0x000000000800bb30                vTaskSwitchContext
 .text.vTaskPlaceOnEventList
                0x000000000800bbf8       0x4c ./Middlewares/Third_Party/FreeRTOS/Source/tasks.o
                0x000000000800bbf8                vTaskPlaceOnEventList
 .text.xTaskRemoveFromEventList
                0x000000000800bc44       0xc8 ./Middlewares/Third_Party/FreeRTOS/Source/tasks.o
                0x000000000800bc44                xTaskRemoveFromEventList
 .text.vTaskInternalSetTimeOutState
                0x000000000800bd0c       0x2c ./Middlewares/Third_Party/FreeRTOS/Source/tasks.o
                0x000000000800bd0c                vTaskInternalSetTimeOutState
 .text.xTaskCheckForTimeOut
                0x000000000800bd38       0xcc ./Middlewares/Third_Party/FreeRTOS/Source/tasks.o
                0x000000000800bd38                xTaskCheckForTimeOut
 .text.vTaskMissedYield
                0x000000000800be04       0x18 ./Middlewares/Third_Party/FreeRTOS/Source/tasks.o
                0x000000000800be04                vTaskMissedYield
 .text.prvIdleTask
                0x000000000800be1c       0x30 ./Middlewares/Third_Party/FreeRTOS/Source/tasks.o
 .text.prvInitialiseTaskLists
                0x000000000800be4c       0x80 ./Middlewares/Third_Party/FreeRTOS/Source/tasks.o
 .text.prvCheckTasksWaitingTermination
                0x000000000800becc       0x5c ./Middlewares/Third_Party/FreeRTOS/Source/tasks.o
 .text.prvDeleteTCB
                0x000000000800bf28       0x6c ./Middlewares/Third_Party/FreeRTOS/Source/tasks.o
 .text.prvResetNextTaskUnblockTime
                0x000000000800bf94       0x40 ./Middlewares/Third_Party/FreeRTOS/Source/tasks.o
 .text.xTaskGetSchedulerState
                0x000000000800bfd4       0x3c ./Middlewares/Third_Party/FreeRTOS/Source/tasks.o
                0x000000000800bfd4                xTaskGetSchedulerState
 .text.xTaskPriorityInherit
                0x000000000800c010      0x100 ./Middlewares/Third_Party/FreeRTOS/Source/tasks.o
                0x000000000800c010                xTaskPriorityInherit
 .text.xTaskPriorityDisinherit
                0x000000000800c110      0x114 ./Middlewares/Third_Party/FreeRTOS/Source/tasks.o
                0x000000000800c110                xTaskPriorityDisinherit
 .text.vTaskPriorityDisinheritAfterTimeout
                0x000000000800c224      0x13c ./Middlewares/Third_Party/FreeRTOS/Source/tasks.o
                0x000000000800c224                vTaskPriorityDisinheritAfterTimeout
 .text.pvTaskIncrementMutexHeldCount
                0x000000000800c360       0x28 ./Middlewares/Third_Party/FreeRTOS/Source/tasks.o
                0x000000000800c360                pvTaskIncrementMutexHeldCount
 .text.prvAddCurrentTaskToDelayedList
                0x000000000800c388       0xcc ./Middlewares/Third_Party/FreeRTOS/Source/tasks.o
 .text.pxPortInitialiseStack
                0x000000000800c454       0x68 ./Middlewares/Third_Party/FreeRTOS/Source/portable/GCC/ARM_CM7/r0p1/port.o
                0x000000000800c454                pxPortInitialiseStack
 .text.prvTaskExitError
                0x000000000800c4bc       0x60 ./Middlewares/Third_Party/FreeRTOS/Source/portable/GCC/ARM_CM7/r0p1/port.o
 *fill*         0x000000000800c51c        0x4 
 .text.SVC_Handler
                0x000000000800c520       0x28 ./Middlewares/Third_Party/FreeRTOS/Source/portable/GCC/ARM_CM7/r0p1/port.o
                0x000000000800c520                SVC_Handler
 .text.prvPortStartFirstTask
                0x000000000800c548       0x28 ./Middlewares/Third_Party/FreeRTOS/Source/portable/GCC/ARM_CM7/r0p1/port.o
 .text.xPortStartScheduler
                0x000000000800c570       0xfc ./Middlewares/Third_Party/FreeRTOS/Source/portable/GCC/ARM_CM7/r0p1/port.o
                0x000000000800c570                xPortStartScheduler
 .text.vPortEnterCritical
                0x000000000800c66c       0x68 ./Middlewares/Third_Party/FreeRTOS/Source/portable/GCC/ARM_CM7/r0p1/port.o
                0x000000000800c66c                vPortEnterCritical
 .text.vPortExitCritical
                0x000000000800c6d4       0x58 ./Middlewares/Third_Party/FreeRTOS/Source/portable/GCC/ARM_CM7/r0p1/port.o
                0x000000000800c6d4                vPortExitCritical
 *fill*         0x000000000800c72c        0x4 
 .text.PendSV_Handler
                0x000000000800c730       0x68 ./Middlewares/Third_Party/FreeRTOS/Source/portable/GCC/ARM_CM7/r0p1/port.o
                0x000000000800c730                PendSV_Handler
 .text.SysTick_Handler
                0x000000000800c798       0x48 ./Middlewares/Third_Party/FreeRTOS/Source/portable/GCC/ARM_CM7/r0p1/port.o
                0x000000000800c798                SysTick_Handler
 .text.vPortSetupTimerInterrupt
                0x000000000800c7e0       0x48 ./Middlewares/Third_Party/FreeRTOS/Source/portable/GCC/ARM_CM7/r0p1/port.o
                0x000000000800c7e0                vPortSetupTimerInterrupt
 .text.vPortEnableVFP
                0x000000000800c828       0x14 ./Middlewares/Third_Party/FreeRTOS/Source/portable/GCC/ARM_CM7/r0p1/port.o
 .text.pvPortMalloc
                0x000000000800c83c      0x194 ./Middlewares/Third_Party/FreeRTOS/Source/portable/MemMang/heap_4.o
                0x000000000800c83c                pvPortMalloc
 .text.vPortFree
                0x000000000800c9d0       0xbc ./Middlewares/Third_Party/FreeRTOS/Source/portable/MemMang/heap_4.o
                0x000000000800c9d0                vPortFree
 .text.prvHeapInit
                0x000000000800ca8c       0xc4 ./Middlewares/Third_Party/FreeRTOS/Source/portable/MemMang/heap_4.o
 .text.prvInsertBlockIntoFreeList
                0x000000000800cb50       0xb4 ./Middlewares/Third_Party/FreeRTOS/Source/portable/MemMang/heap_4.o
 .text.__libc_init_array
                0x000000000800cc04       0x48 c:/st/stm32cubeide_1.8.0/stm32cubeide/plugins/com.st.stm32cube.ide.mcu.externaltools.gnu-tools-for-stm32.9-2020-q2-update.win32_2.0.0.202105311346/tools/bin/../lib/gcc/arm-none-eabi/9.3.1/../../../../arm-none-eabi/lib/thumb/v7e-m+fp/hard\libc_nano.a(lib_a-init.o)
                0x000000000800cc04                __libc_init_array
 .text.__retarget_lock_acquire_recursive
                0x000000000800cc4c        0x2 c:/st/stm32cubeide_1.8.0/stm32cubeide/plugins/com.st.stm32cube.ide.mcu.externaltools.gnu-tools-for-stm32.9-2020-q2-update.win32_2.0.0.202105311346/tools/bin/../lib/gcc/arm-none-eabi/9.3.1/../../../../arm-none-eabi/lib/thumb/v7e-m+fp/hard\libc_nano.a(lib_a-lock.o)
                0x000000000800cc4c                __retarget_lock_acquire_recursive
 .text.__retarget_lock_release_recursive
                0x000000000800cc4e        0x2 c:/st/stm32cubeide_1.8.0/stm32cubeide/plugins/com.st.stm32cube.ide.mcu.externaltools.gnu-tools-for-stm32.9-2020-q2-update.win32_2.0.0.202105311346/tools/bin/../lib/gcc/arm-none-eabi/9.3.1/../../../../arm-none-eabi/lib/thumb/v7e-m+fp/hard\libc_nano.a(lib_a-lock.o)
                0x000000000800cc4e                __retarget_lock_release_recursive
 .text.memcpy   0x000000000800cc50       0x1c c:/st/stm32cubeide_1.8.0/stm32cubeide/plugins/com.st.stm32cube.ide.mcu.externaltools.gnu-tools-for-stm32.9-2020-q2-update.win32_2.0.0.202105311346/tools/bin/../lib/gcc/arm-none-eabi/9.3.1/../../../../arm-none-eabi/lib/thumb/v7e-m+fp/hard\libc_nano.a(lib_a-memcpy-stub.o)
                0x000000000800cc50                memcpy
 .text.memset   0x000000000800cc6c       0x10 c:/st/stm32cubeide_1.8.0/stm32cubeide/plugins/com.st.stm32cube.ide.mcu.externaltools.gnu-tools-for-stm32.9-2020-q2-update.win32_2.0.0.202105311346/tools/bin/../lib/gcc/arm-none-eabi/9.3.1/../../../../arm-none-eabi/lib/thumb/v7e-m+fp/hard\libc_nano.a(lib_a-memset.o)
                0x000000000800cc6c                memset
 .text.cleanup_glue
                0x000000000800cc7c       0x1a c:/st/stm32cubeide_1.8.0/stm32cubeide/plugins/com.st.stm32cube.ide.mcu.externaltools.gnu-tools-for-stm32.9-2020-q2-update.win32_2.0.0.202105311346/tools/bin/../lib/gcc/arm-none-eabi/9.3.1/../../../../arm-none-eabi/lib/thumb/v7e-m+fp/hard\libc_nano.a(lib_a-reent.o)
                0x000000000800cc7c                cleanup_glue
 *fill*         0x000000000800cc96        0x2 
 .text._reclaim_reent
                0x000000000800cc98       0xb8 c:/st/stm32cubeide_1.8.0/stm32cubeide/plugins/com.st.stm32cube.ide.mcu.externaltools.gnu-tools-for-stm32.9-2020-q2-update.win32_2.0.0.202105311346/tools/bin/../lib/gcc/arm-none-eabi/9.3.1/../../../../arm-none-eabi/lib/thumb/v7e-m+fp/hard\libc_nano.a(lib_a-reent.o)
                0x000000000800cc98                _reclaim_reent
 .text.__malloc_lock
                0x000000000800cd50        0xc c:/st/stm32cubeide_1.8.0/stm32cubeide/plugins/com.st.stm32cube.ide.mcu.externaltools.gnu-tools-for-stm32.9-2020-q2-update.win32_2.0.0.202105311346/tools/bin/../lib/gcc/arm-none-eabi/9.3.1/../../../../arm-none-eabi/lib/thumb/v7e-m+fp/hard\libc_nano.a(lib_a-mlock.o)
                0x000000000800cd50                __malloc_lock
 .text.__malloc_unlock
                0x000000000800cd5c        0xc c:/st/stm32cubeide_1.8.0/stm32cubeide/plugins/com.st.stm32cube.ide.mcu.externaltools.gnu-tools-for-stm32.9-2020-q2-update.win32_2.0.0.202105311346/tools/bin/../lib/gcc/arm-none-eabi/9.3.1/../../../../arm-none-eabi/lib/thumb/v7e-m+fp/hard\libc_nano.a(lib_a-mlock.o)
                0x000000000800cd5c                __malloc_unlock
 .text._free_r  0x000000000800cd68       0xa0 c:/st/stm32cubeide_1.8.0/stm32cubeide/plugins/com.st.stm32cube.ide.mcu.externaltools.gnu-tools-for-stm32.9-2020-q2-update.win32_2.0.0.202105311346/tools/bin/../lib/gcc/arm-none-eabi/9.3.1/../../../../arm-none-eabi/lib/thumb/v7e-m+fp/hard\libc_nano.a(lib_a-nano-freer.o)
                0x000000000800cd68                _free_r
 *(.glue_7)
 .glue_7        0x000000000800ce08        0x0 linker stubs
 *(.glue_7t)
 .glue_7t       0x000000000800ce08        0x0 linker stubs
 *(.eh_frame)
 .eh_frame      0x000000000800ce08        0x0 c:/st/stm32cubeide_1.8.0/stm32cubeide/plugins/com.st.stm32cube.ide.mcu.externaltools.gnu-tools-for-stm32.9-2020-q2-update.win32_2.0.0.202105311346/tools/bin/../lib/gcc/arm-none-eabi/9.3.1/thumb/v7e-m+fp/hard/crtbegin.o
 *(.init)
 .init          0x000000000800ce08        0x4 c:/st/stm32cubeide_1.8.0/stm32cubeide/plugins/com.st.stm32cube.ide.mcu.externaltools.gnu-tools-for-stm32.9-2020-q2-update.win32_2.0.0.202105311346/tools/bin/../lib/gcc/arm-none-eabi/9.3.1/thumb/v7e-m+fp/hard/crti.o
                0x000000000800ce08                _init
 .init          0x000000000800ce0c        0x8 c:/st/stm32cubeide_1.8.0/stm32cubeide/plugins/com.st.stm32cube.ide.mcu.externaltools.gnu-tools-for-stm32.9-2020-q2-update.win32_2.0.0.202105311346/tools/bin/../lib/gcc/arm-none-eabi/9.3.1/thumb/v7e-m+fp/hard/crtn.o
 *(.fini)
 .fini          0x000000000800ce14        0x4 c:/st/stm32cubeide_1.8.0/stm32cubeide/plugins/com.st.stm32cube.ide.mcu.externaltools.gnu-tools-for-stm32.9-2020-q2-update.win32_2.0.0.202105311346/tools/bin/../lib/gcc/arm-none-eabi/9.3.1/thumb/v7e-m+fp/hard/crti.o
                0x000000000800ce14                _fini
 .fini          0x000000000800ce18        0x8 c:/st/stm32cubeide_1.8.0/stm32cubeide/plugins/com.st.stm32cube.ide.mcu.externaltools.gnu-tools-for-stm32.9-2020-q2-update.win32_2.0.0.202105311346/tools/bin/../lib/gcc/arm-none-eabi/9.3.1/thumb/v7e-m+fp/hard/crtn.o
                0x000000000800ce20                . = ALIGN (0x4)
                0x000000000800ce20                _etext = .

.vfp11_veneer   0x000000000800ce20        0x0
 .vfp11_veneer  0x000000000800ce20        0x0 linker stubs

.v4_bx          0x000000000800ce20        0x0
 .v4_bx         0x000000000800ce20        0x0 linker stubs

.iplt           0x000000000800ce20        0x0
 .iplt          0x000000000800ce20        0x0 c:/st/stm32cubeide_1.8.0/stm32cubeide/plugins/com.st.stm32cube.ide.mcu.externaltools.gnu-tools-for-stm32.9-2020-q2-update.win32_2.0.0.202105311346/tools/bin/../lib/gcc/arm-none-eabi/9.3.1/thumb/v7e-m+fp/hard/crtbegin.o

.rodata         0x000000000800ce20    0x2624c
                0x000000000800ce20                . = ALIGN (0x4)
 *(.rodata)
 .rodata        0x000000000800ce20       0x50 ./Core/Src/main.o
 .rodata        0x000000000800ce70        0x5 ./Middlewares/Third_Party/FreeRTOS/Source/tasks.o
 *(.rodata*)
 *fill*         0x000000000800ce75        0x3 
 .rodata.damier_bmp
                0x000000000800ce78    0x24246 ./Core/Src/main.o
                0x000000000800ce78                damier_bmp
 *fill*         0x00000000080310be        0x2 
 .rodata.Font24_Table
                0x00000000080310c0     0x1ab8 ./Core/Src/stm32746g_discovery_lcd.o
                0x00000000080310c0                Font24_Table
 .rodata.Font12_Table
                0x0000000008032b78      0x474 ./Core/Src/stm32746g_discovery_lcd.o
                0x0000000008032b78                Font12_Table
 .rodata.AHBPrescTable
                0x0000000008032fec       0x10 ./Core/Src/system_stm32f7xx.o
                0x0000000008032fec                AHBPrescTable
 .rodata.APBPrescTable
                0x0000000008032ffc        0x8 ./Core/Src/system_stm32f7xx.o
                0x0000000008032ffc                APBPrescTable
 .rodata.flagBitshiftOffset.10101
                0x0000000008033004        0x8 ./Drivers/STM32F7xx_HAL_Driver/Src/stm32f7xx_hal_dma.o
 .rodata.__sf_fake_stderr
                0x000000000803300c       0x20 c:/st/stm32cubeide_1.8.0/stm32cubeide/plugins/com.st.stm32cube.ide.mcu.externaltools.gnu-tools-for-stm32.9-2020-q2-update.win32_2.0.0.202105311346/tools/bin/../lib/gcc/arm-none-eabi/9.3.1/../../../../arm-none-eabi/lib/thumb/v7e-m+fp/hard\libc_nano.a(lib_a-findfp.o)
                0x000000000803300c                __sf_fake_stderr
 .rodata.__sf_fake_stdin
                0x000000000803302c       0x20 c:/st/stm32cubeide_1.8.0/stm32cubeide/plugins/com.st.stm32cube.ide.mcu.externaltools.gnu-tools-for-stm32.9-2020-q2-update.win32_2.0.0.202105311346/tools/bin/../lib/gcc/arm-none-eabi/9.3.1/../../../../arm-none-eabi/lib/thumb/v7e-m+fp/hard\libc_nano.a(lib_a-findfp.o)
                0x000000000803302c                __sf_fake_stdin
 .rodata.__sf_fake_stdout
                0x000000000803304c       0x20 c:/st/stm32cubeide_1.8.0/stm32cubeide/plugins/com.st.stm32cube.ide.mcu.externaltools.gnu-tools-for-stm32.9-2020-q2-update.win32_2.0.0.202105311346/tools/bin/../lib/gcc/arm-none-eabi/9.3.1/../../../../arm-none-eabi/lib/thumb/v7e-m+fp/hard\libc_nano.a(lib_a-findfp.o)
                0x000000000803304c                __sf_fake_stdout
                0x000000000803306c                . = ALIGN (0x4)

.ARM.extab      0x000000000803306c        0x0
                0x000000000803306c                . = ALIGN (0x4)
 *(.ARM.extab* .gnu.linkonce.armextab.*)
                0x000000000803306c                . = ALIGN (0x4)

.ARM            0x000000000803306c        0x8
                0x000000000803306c                . = ALIGN (0x4)
                0x000000000803306c                __exidx_start = .
 *(.ARM.exidx*)
 .ARM.exidx     0x000000000803306c        0x8 c:/st/stm32cubeide_1.8.0/stm32cubeide/plugins/com.st.stm32cube.ide.mcu.externaltools.gnu-tools-for-stm32.9-2020-q2-update.win32_2.0.0.202105311346/tools/bin/../lib/gcc/arm-none-eabi/9.3.1/thumb/v7e-m+fp/hard\libgcc.a(_udivmoddi4.o)
                0x0000000008033074                __exidx_end = .
                0x0000000008033074                . = ALIGN (0x4)

.rel.dyn        0x0000000008033074        0x0
 .rel.iplt      0x0000000008033074        0x0 c:/st/stm32cubeide_1.8.0/stm32cubeide/plugins/com.st.stm32cube.ide.mcu.externaltools.gnu-tools-for-stm32.9-2020-q2-update.win32_2.0.0.202105311346/tools/bin/../lib/gcc/arm-none-eabi/9.3.1/thumb/v7e-m+fp/hard/crtbegin.o

.preinit_array  0x0000000008033074        0x0
                0x0000000008033074                . = ALIGN (0x4)
                0x0000000008033074                PROVIDE (__preinit_array_start = .)
 *(.preinit_array*)
                0x0000000008033074                PROVIDE (__preinit_array_end = .)
                0x0000000008033074                . = ALIGN (0x4)

.init_array     0x0000000008033074        0x4
                0x0000000008033074                . = ALIGN (0x4)
                0x0000000008033074                PROVIDE (__init_array_start = .)
 *(SORT_BY_NAME(.init_array.*))
 *(.init_array*)
 .init_array    0x0000000008033074        0x4 c:/st/stm32cubeide_1.8.0/stm32cubeide/plugins/com.st.stm32cube.ide.mcu.externaltools.gnu-tools-for-stm32.9-2020-q2-update.win32_2.0.0.202105311346/tools/bin/../lib/gcc/arm-none-eabi/9.3.1/thumb/v7e-m+fp/hard/crtbegin.o
                0x0000000008033078                PROVIDE (__init_array_end = .)
                0x0000000008033078                . = ALIGN (0x4)

.fini_array     0x0000000008033078        0x4
                0x0000000008033078                . = ALIGN (0x4)
                [!provide]                        PROVIDE (__fini_array_start = .)
 *(SORT_BY_NAME(.fini_array.*))
 *(.fini_array*)
 .fini_array    0x0000000008033078        0x4 c:/st/stm32cubeide_1.8.0/stm32cubeide/plugins/com.st.stm32cube.ide.mcu.externaltools.gnu-tools-for-stm32.9-2020-q2-update.win32_2.0.0.202105311346/tools/bin/../lib/gcc/arm-none-eabi/9.3.1/thumb/v7e-m+fp/hard/crtbegin.o
                [!provide]                        PROVIDE (__fini_array_end = .)
                0x000000000803307c                . = ALIGN (0x4)
                0x000000000803307c                _sidata = LOADADDR (.data)

.data           0x0000000020000000       0xb0 load address 0x000000000803307c
                0x0000000020000000                . = ALIGN (0x4)
                0x0000000020000000                _sdata = .
 *(.data)
 *(.data*)
 .data.ft5336_ts_drv
                0x0000000020000000       0x28 ./Core/Src/ft5336.o
                0x0000000020000000                ft5336_ts_drv
 .data.Font24   0x0000000020000028        0x8 ./Core/Src/stm32746g_discovery_lcd.o
                0x0000000020000028                Font24
 .data.Font12   0x0000000020000030        0x8 ./Core/Src/stm32746g_discovery_lcd.o
                0x0000000020000030                Font12
 .data.sdramstatus.10017
                0x0000000020000038        0x1 ./Core/Src/stm32746g_discovery_sdram.o
 *fill*         0x0000000020000039        0x3 
 .data.SystemCoreClock
                0x000000002000003c        0x4 ./Core/Src/system_stm32f7xx.o
                0x000000002000003c                SystemCoreClock
 .data.uwTickPrio
                0x0000000020000040        0x4 ./Drivers/STM32F7xx_HAL_Driver/Src/stm32f7xx_hal.o
                0x0000000020000040                uwTickPrio
 .data.uwTickFreq
                0x0000000020000044        0x1 ./Drivers/STM32F7xx_HAL_Driver/Src/stm32f7xx_hal.o
                0x0000000020000044                uwTickFreq
 *fill*         0x0000000020000045        0x3 
 .data.uxCriticalNesting
                0x0000000020000048        0x4 ./Middlewares/Third_Party/FreeRTOS/Source/portable/GCC/ARM_CM7/r0p1/port.o
 .data._impure_ptr
                0x000000002000004c        0x4 c:/st/stm32cubeide_1.8.0/stm32cubeide/plugins/com.st.stm32cube.ide.mcu.externaltools.gnu-tools-for-stm32.9-2020-q2-update.win32_2.0.0.202105311346/tools/bin/../lib/gcc/arm-none-eabi/9.3.1/../../../../arm-none-eabi/lib/thumb/v7e-m+fp/hard\libc_nano.a(lib_a-impure.o)
                0x000000002000004c                _impure_ptr
 .data.impure_data
                0x0000000020000050       0x60 c:/st/stm32cubeide_1.8.0/stm32cubeide/plugins/com.st.stm32cube.ide.mcu.externaltools.gnu-tools-for-stm32.9-2020-q2-update.win32_2.0.0.202105311346/tools/bin/../lib/gcc/arm-none-eabi/9.3.1/../../../../arm-none-eabi/lib/thumb/v7e-m+fp/hard\libc_nano.a(lib_a-impure.o)
 *(.RamFunc)
 *(.RamFunc*)
                0x00000000200000b0                . = ALIGN (0x4)
                0x00000000200000b0                _edata = .

.igot.plt       0x00000000200000b0        0x0 load address 0x000000000803312c
 .igot.plt      0x00000000200000b0        0x0 c:/st/stm32cubeide_1.8.0/stm32cubeide/plugins/com.st.stm32cube.ide.mcu.externaltools.gnu-tools-for-stm32.9-2020-q2-update.win32_2.0.0.202105311346/tools/bin/../lib/gcc/arm-none-eabi/9.3.1/thumb/v7e-m+fp/hard/crtbegin.o
                0x00000000200000b0                . = ALIGN (0x4)

.bss            0x00000000200000b0     0x8578 load address 0x000000000803312c
                0x00000000200000b0                _sbss = .
                0x00000000200000b0                __bss_start__ = _sbss
 *(.bss)
 .bss           0x00000000200000b0       0x1c c:/st/stm32cubeide_1.8.0/stm32cubeide/plugins/com.st.stm32cube.ide.mcu.externaltools.gnu-tools-for-stm32.9-2020-q2-update.win32_2.0.0.202105311346/tools/bin/../lib/gcc/arm-none-eabi/9.3.1/thumb/v7e-m+fp/hard/crtbegin.o
 *(.bss*)
 .bss.xIdleTaskTCBBuffer
                0x00000000200000cc       0xb4 ./Core/Src/freertos.o
 .bss.xIdleStack
                0x0000000020000180      0x200 ./Core/Src/freertos.o
 .bss.ft5336_handle
                0x0000000020000380        0x3 ./Core/Src/ft5336.o
 *fill*         0x0000000020000383        0x1 
 .bss.coord.5659
                0x0000000020000384        0x2 ./Core/Src/ft5336.o
 *fill*         0x0000000020000386        0x2 
 .bss.hI2cAudioHandler
                0x0000000020000388       0x4c ./Core/Src/stm32746g_discovery.o
 .bss.hDma2dHandler
                0x00000000200003d4       0x40 ./Core/Src/stm32746g_discovery_lcd.o
 .bss.ActiveLayer
                0x0000000020000414        0x4 ./Core/Src/stm32746g_discovery_lcd.o
 .bss.DrawProp  0x0000000020000418       0x18 ./Core/Src/stm32746g_discovery_lcd.o
 .bss.periph_clk_init_struct.10604
                0x0000000020000430       0x84 ./Core/Src/stm32746g_discovery_lcd.o
 .bss.Timing    0x00000000200004b4       0x1c ./Core/Src/stm32746g_discovery_sdram.o
 .bss.Command   0x00000000200004d0       0x10 ./Core/Src/stm32746g_discovery_sdram.o
 .bss.dma_handle.10053
                0x00000000200004e0       0x60 ./Core/Src/stm32746g_discovery_sdram.o
 .bss.tsDriver  0x0000000020000540        0x4 ./Core/Src/stm32746g_discovery_ts.o
 .bss.tsXBoundary
                0x0000000020000544        0x2 ./Core/Src/stm32746g_discovery_ts.o
 .bss.tsYBoundary
                0x0000000020000546        0x2 ./Core/Src/stm32746g_discovery_ts.o
 .bss.tsOrientation
                0x0000000020000548        0x1 ./Core/Src/stm32746g_discovery_ts.o
 .bss.I2cAddress
                0x0000000020000549        0x1 ./Core/Src/stm32746g_discovery_ts.o
 *fill*         0x000000002000054a        0x2 
 .bss.FMC_Initialized
                0x000000002000054c        0x4 ./Core/Src/stm32f7xx_hal_msp.o
 .bss.pxCurrentTCB
                0x0000000020000550        0x4 ./Middlewares/Third_Party/FreeRTOS/Source/tasks.o
                0x0000000020000550                pxCurrentTCB
 .bss.pxReadyTasksLists
                0x0000000020000554       0x8c ./Middlewares/Third_Party/FreeRTOS/Source/tasks.o
 .bss.xDelayedTaskList1
                0x00000000200005e0       0x14 ./Middlewares/Third_Party/FreeRTOS/Source/tasks.o
 .bss.xDelayedTaskList2
                0x00000000200005f4       0x14 ./Middlewares/Third_Party/FreeRTOS/Source/tasks.o
 .bss.pxDelayedTaskList
                0x0000000020000608        0x4 ./Middlewares/Third_Party/FreeRTOS/Source/tasks.o
 .bss.pxOverflowDelayedTaskList
                0x000000002000060c        0x4 ./Middlewares/Third_Party/FreeRTOS/Source/tasks.o
 .bss.xPendingReadyList
                0x0000000020000610       0x14 ./Middlewares/Third_Party/FreeRTOS/Source/tasks.o
 .bss.xTasksWaitingTermination
                0x0000000020000624       0x14 ./Middlewares/Third_Party/FreeRTOS/Source/tasks.o
 .bss.uxDeletedTasksWaitingCleanUp
                0x0000000020000638        0x4 ./Middlewares/Third_Party/FreeRTOS/Source/tasks.o
 .bss.xSuspendedTaskList
                0x000000002000063c       0x14 ./Middlewares/Third_Party/FreeRTOS/Source/tasks.o
 .bss.uxCurrentNumberOfTasks
                0x0000000020000650        0x4 ./Middlewares/Third_Party/FreeRTOS/Source/tasks.o
 .bss.xTickCount
                0x0000000020000654        0x4 ./Middlewares/Third_Party/FreeRTOS/Source/tasks.o
 .bss.uxTopReadyPriority
                0x0000000020000658        0x4 ./Middlewares/Third_Party/FreeRTOS/Source/tasks.o
 .bss.xSchedulerRunning
                0x000000002000065c        0x4 ./Middlewares/Third_Party/FreeRTOS/Source/tasks.o
 .bss.uxPendedTicks
                0x0000000020000660        0x4 ./Middlewares/Third_Party/FreeRTOS/Source/tasks.o
 .bss.xYieldPending
                0x0000000020000664        0x4 ./Middlewares/Third_Party/FreeRTOS/Source/tasks.o
 .bss.xNumOfOverflows
                0x0000000020000668        0x4 ./Middlewares/Third_Party/FreeRTOS/Source/tasks.o
 .bss.uxTaskNumber
                0x000000002000066c        0x4 ./Middlewares/Third_Party/FreeRTOS/Source/tasks.o
 .bss.xNextTaskUnblockTime
                0x0000000020000670        0x4 ./Middlewares/Third_Party/FreeRTOS/Source/tasks.o
 .bss.xIdleTaskHandle
                0x0000000020000674        0x4 ./Middlewares/Third_Party/FreeRTOS/Source/tasks.o
 .bss.uxSchedulerSuspended
                0x0000000020000678        0x4 ./Middlewares/Third_Party/FreeRTOS/Source/tasks.o
 .bss.ucMaxSysCallPriority
                0x000000002000067c        0x1 ./Middlewares/Third_Party/FreeRTOS/Source/portable/GCC/ARM_CM7/r0p1/port.o
 *fill*         0x000000002000067d        0x3 
 .bss.ulMaxPRIGROUPValue
                0x0000000020000680        0x4 ./Middlewares/Third_Party/FreeRTOS/Source/portable/GCC/ARM_CM7/r0p1/port.o
 .bss.ucHeap    0x0000000020000684     0x7800 ./Middlewares/Third_Party/FreeRTOS/Source/portable/MemMang/heap_4.o
 .bss.xStart    0x0000000020007e84        0x8 ./Middlewares/Third_Party/FreeRTOS/Source/portable/MemMang/heap_4.o
 .bss.pxEnd     0x0000000020007e8c        0x4 ./Middlewares/Third_Party/FreeRTOS/Source/portable/MemMang/heap_4.o
 .bss.xFreeBytesRemaining
                0x0000000020007e90        0x4 ./Middlewares/Third_Party/FreeRTOS/Source/portable/MemMang/heap_4.o
 .bss.xMinimumEverFreeBytesRemaining
                0x0000000020007e94        0x4 ./Middlewares/Third_Party/FreeRTOS/Source/portable/MemMang/heap_4.o
 .bss.xBlockAllocatedBit
                0x0000000020007e98        0x4 ./Middlewares/Third_Party/FreeRTOS/Source/portable/MemMang/heap_4.o
 .bss.__malloc_free_list
                0x0000000020007e9c        0x4 c:/st/stm32cubeide_1.8.0/stm32cubeide/plugins/com.st.stm32cube.ide.mcu.externaltools.gnu-tools-for-stm32.9-2020-q2-update.win32_2.0.0.202105311346/tools/bin/../lib/gcc/arm-none-eabi/9.3.1/../../../../arm-none-eabi/lib/thumb/v7e-m+fp/hard\libc_nano.a(lib_a-nano-mallocr.o)
                0x0000000020007e9c                __malloc_free_list
 *(COMMON)
 COMMON         0x0000000020007ea0      0x650 ./Core/Src/main.o
                0x0000000020007ea0                hi2c3
                0x0000000020007eec                hspi2
                0x0000000020007f50                huart7
                0x0000000020007fd4                task_initHandle
                0x0000000020007fd8                htim8
                0x0000000020008024                hi2c1
                0x0000000020008070                htim5
                0x00000000200080bc                pions_blancs
                0x00000000200080ec                htim3
                0x0000000020008138                hltdc
                0x00000000200081e0                hadc1
                0x0000000020008228                affichageHandle
                0x000000002000822c                hadc3
                0x0000000020008274                huart1
                0x00000000200082f8                mutexEcran
                0x00000000200082fc                hdac
                0x0000000020008310                hrtc
                0x0000000020008330                htim1
                0x000000002000837c                huart6
                0x0000000020008400                hdma2d
                0x0000000020008440                htim2
                0x000000002000848c                pions_noirs
                0x00000000200084bc                hsdram1
 COMMON         0x00000000200084f0       0xa8 ./Core/Src/stm32746g_discovery_lcd.o
                0x00000000200084f0                hLtdcHandler
 COMMON         0x0000000020008598       0x34 ./Core/Src/stm32746g_discovery_sdram.o
                0x0000000020008598                sdramHandle
 COMMON         0x00000000200085cc       0x4c ./Core/Src/stm32f7xx_hal_timebase_tim.o
                0x00000000200085cc                htim6
 COMMON         0x0000000020008618        0x4 ./Drivers/STM32F7xx_HAL_Driver/Src/stm32f7xx_hal.o
                0x0000000020008618                uwTick
 COMMON         0x000000002000861c        0x9 c:/st/stm32cubeide_1.8.0/stm32cubeide/plugins/com.st.stm32cube.ide.mcu.externaltools.gnu-tools-for-stm32.9-2020-q2-update.win32_2.0.0.202105311346/tools/bin/../lib/gcc/arm-none-eabi/9.3.1/../../../../arm-none-eabi/lib/thumb/v7e-m+fp/hard\libc_nano.a(lib_a-lock.o)
                0x000000002000861c                __lock___atexit_recursive_mutex
                0x000000002000861d                __lock___arc4random_mutex
                0x000000002000861e                __lock___env_recursive_mutex
                0x000000002000861f                __lock___sinit_recursive_mutex
                0x0000000020008620                __lock___malloc_recursive_mutex
                0x0000000020008621                __lock___at_quick_exit_mutex
                0x0000000020008622                __lock___dd_hash_mutex
                0x0000000020008623                __lock___tz_mutex
                0x0000000020008624                __lock___sfp_recursive_mutex
                0x0000000020008628                . = ALIGN (0x4)
 *fill*         0x0000000020008625        0x3 
                0x0000000020008628                _ebss = .
                0x0000000020008628                __bss_end__ = _ebss

._user_heap_stack
                0x0000000020008628      0x600 load address 0x000000000803312c
                0x0000000020008628                . = ALIGN (0x8)
                [!provide]                        PROVIDE (end = .)
                0x0000000020008628                PROVIDE (_end = .)
                0x0000000020008828                . = (. + _Min_Heap_Size)
 *fill*         0x0000000020008628      0x200 
                0x0000000020008c28                . = (. + _Min_Stack_Size)
 *fill*         0x0000000020008828      0x400 
                0x0000000020008c28                . = ALIGN (0x8)

/DISCARD/
 libc.a(*)
 libm.a(*)
 libgcc.a(*)

.ARM.attributes
                0x0000000000000000       0x30
 *(.ARM.attributes)
 .ARM.attributes
                0x0000000000000000       0x1e c:/st/stm32cubeide_1.8.0/stm32cubeide/plugins/com.st.stm32cube.ide.mcu.externaltools.gnu-tools-for-stm32.9-2020-q2-update.win32_2.0.0.202105311346/tools/bin/../lib/gcc/arm-none-eabi/9.3.1/thumb/v7e-m+fp/hard/crti.o
 .ARM.attributes
                0x000000000000001e       0x34 c:/st/stm32cubeide_1.8.0/stm32cubeide/plugins/com.st.stm32cube.ide.mcu.externaltools.gnu-tools-for-stm32.9-2020-q2-update.win32_2.0.0.202105311346/tools/bin/../lib/gcc/arm-none-eabi/9.3.1/thumb/v7e-m+fp/hard/crtbegin.o
 .ARM.attributes
                0x0000000000000052       0x34 ./Core/Src/freertos.o
 .ARM.attributes
                0x0000000000000086       0x34 ./Core/Src/ft5336.o
 .ARM.attributes
                0x00000000000000ba       0x34 ./Core/Src/main.o
 .ARM.attributes
                0x00000000000000ee       0x34 ./Core/Src/stm32746g_discovery.o
 .ARM.attributes
                0x0000000000000122       0x34 ./Core/Src/stm32746g_discovery_lcd.o
 .ARM.attributes
                0x0000000000000156       0x34 ./Core/Src/stm32746g_discovery_sdram.o
 .ARM.attributes
                0x000000000000018a       0x34 ./Core/Src/stm32746g_discovery_ts.o
 .ARM.attributes
                0x00000000000001be       0x34 ./Core/Src/stm32f7xx_hal_msp.o
 .ARM.attributes
                0x00000000000001f2       0x34 ./Core/Src/stm32f7xx_hal_timebase_tim.o
 .ARM.attributes
                0x0000000000000226       0x34 ./Core/Src/stm32f7xx_it.o
 .ARM.attributes
                0x000000000000025a       0x34 ./Core/Src/system_stm32f7xx.o
 .ARM.attributes
                0x000000000000028e       0x21 ./Core/Startup/startup_stm32f746nghx.o
 .ARM.attributes
                0x00000000000002af       0x34 ./Drivers/STM32F7xx_HAL_Driver/Src/stm32f7xx_hal.o
 .ARM.attributes
                0x00000000000002e3       0x34 ./Drivers/STM32F7xx_HAL_Driver/Src/stm32f7xx_hal_adc.o
 .ARM.attributes
                0x0000000000000317       0x34 ./Drivers/STM32F7xx_HAL_Driver/Src/stm32f7xx_hal_cortex.o
 .ARM.attributes
                0x000000000000034b       0x34 ./Drivers/STM32F7xx_HAL_Driver/Src/stm32f7xx_hal_dac.o
 .ARM.attributes
                0x000000000000037f       0x34 ./Drivers/STM32F7xx_HAL_Driver/Src/stm32f7xx_hal_dac_ex.o
 .ARM.attributes
                0x00000000000003b3       0x34 ./Drivers/STM32F7xx_HAL_Driver/Src/stm32f7xx_hal_dma.o
 .ARM.attributes
                0x00000000000003e7       0x34 ./Drivers/STM32F7xx_HAL_Driver/Src/stm32f7xx_hal_dma2d.o
 .ARM.attributes
                0x000000000000041b       0x34 ./Drivers/STM32F7xx_HAL_Driver/Src/stm32f7xx_hal_gpio.o
 .ARM.attributes
                0x000000000000044f       0x34 ./Drivers/STM32F7xx_HAL_Driver/Src/stm32f7xx_hal_i2c.o
 .ARM.attributes
                0x0000000000000483       0x34 ./Drivers/STM32F7xx_HAL_Driver/Src/stm32f7xx_hal_i2c_ex.o
 .ARM.attributes
                0x00000000000004b7       0x34 ./Drivers/STM32F7xx_HAL_Driver/Src/stm32f7xx_hal_ltdc.o
 .ARM.attributes
                0x00000000000004eb       0x34 ./Drivers/STM32F7xx_HAL_Driver/Src/stm32f7xx_hal_pwr.o
 .ARM.attributes
                0x000000000000051f       0x34 ./Drivers/STM32F7xx_HAL_Driver/Src/stm32f7xx_hal_pwr_ex.o
 .ARM.attributes
                0x0000000000000553       0x34 ./Drivers/STM32F7xx_HAL_Driver/Src/stm32f7xx_hal_rcc.o
 .ARM.attributes
                0x0000000000000587       0x34 ./Drivers/STM32F7xx_HAL_Driver/Src/stm32f7xx_hal_rcc_ex.o
 .ARM.attributes
                0x00000000000005bb       0x34 ./Drivers/STM32F7xx_HAL_Driver/Src/stm32f7xx_hal_rtc.o
 .ARM.attributes
                0x00000000000005ef       0x34 ./Drivers/STM32F7xx_HAL_Driver/Src/stm32f7xx_hal_rtc_ex.o
 .ARM.attributes
                0x0000000000000623       0x34 ./Drivers/STM32F7xx_HAL_Driver/Src/stm32f7xx_hal_sdram.o
 .ARM.attributes
                0x0000000000000657       0x34 ./Drivers/STM32F7xx_HAL_Driver/Src/stm32f7xx_hal_spi.o
 .ARM.attributes
                0x000000000000068b       0x34 ./Drivers/STM32F7xx_HAL_Driver/Src/stm32f7xx_hal_tim.o
 .ARM.attributes
                0x00000000000006bf       0x34 ./Drivers/STM32F7xx_HAL_Driver/Src/stm32f7xx_hal_tim_ex.o
 .ARM.attributes
                0x00000000000006f3       0x34 ./Drivers/STM32F7xx_HAL_Driver/Src/stm32f7xx_hal_uart.o
 .ARM.attributes
                0x0000000000000727       0x34 ./Drivers/STM32F7xx_HAL_Driver/Src/stm32f7xx_ll_fmc.o
 .ARM.attributes
                0x000000000000075b       0x34 ./Middlewares/Third_Party/FreeRTOS/Source/CMSIS_RTOS/cmsis_os.o
 .ARM.attributes
                0x000000000000078f       0x34 ./Middlewares/Third_Party/FreeRTOS/Source/list.o
 .ARM.attributes
                0x00000000000007c3       0x34 ./Middlewares/Third_Party/FreeRTOS/Source/queue.o
 .ARM.attributes
                0x00000000000007f7       0x34 ./Middlewares/Third_Party/FreeRTOS/Source/tasks.o
 .ARM.attributes
                0x000000000000082b       0x34 ./Middlewares/Third_Party/FreeRTOS/Source/portable/GCC/ARM_CM7/r0p1/port.o
 .ARM.attributes
                0x000000000000085f       0x34 ./Middlewares/Third_Party/FreeRTOS/Source/portable/MemMang/heap_4.o
 .ARM.attributes
                0x0000000000000893       0x34 c:/st/stm32cubeide_1.8.0/stm32cubeide/plugins/com.st.stm32cube.ide.mcu.externaltools.gnu-tools-for-stm32.9-2020-q2-update.win32_2.0.0.202105311346/tools/bin/../lib/gcc/arm-none-eabi/9.3.1/../../../../arm-none-eabi/lib/thumb/v7e-m+fp/hard\libc_nano.a(lib_a-findfp.o)
 .ARM.attributes
                0x00000000000008c7       0x32 c:/st/stm32cubeide_1.8.0/stm32cubeide/plugins/com.st.stm32cube.ide.mcu.externaltools.gnu-tools-for-stm32.9-2020-q2-update.win32_2.0.0.202105311346/tools/bin/../lib/gcc/arm-none-eabi/9.3.1/../../../../arm-none-eabi/lib/thumb/v7e-m+fp/hard\libc_nano.a(lib_a-impure.o)
 .ARM.attributes
                0x00000000000008f9       0x34 c:/st/stm32cubeide_1.8.0/stm32cubeide/plugins/com.st.stm32cube.ide.mcu.externaltools.gnu-tools-for-stm32.9-2020-q2-update.win32_2.0.0.202105311346/tools/bin/../lib/gcc/arm-none-eabi/9.3.1/../../../../arm-none-eabi/lib/thumb/v7e-m+fp/hard\libc_nano.a(lib_a-init.o)
 .ARM.attributes
                0x000000000000092d       0x34 c:/st/stm32cubeide_1.8.0/stm32cubeide/plugins/com.st.stm32cube.ide.mcu.externaltools.gnu-tools-for-stm32.9-2020-q2-update.win32_2.0.0.202105311346/tools/bin/../lib/gcc/arm-none-eabi/9.3.1/../../../../arm-none-eabi/lib/thumb/v7e-m+fp/hard\libc_nano.a(lib_a-lock.o)
 .ARM.attributes