Archive member included to satisfy reference by file (symbol)

c:/st/stm32cubeide_1.8.0/stm32cubeide/plugins/com.st.stm32cube.ide.mcu.externaltools.gnu-tools-for-stm32.9-2020-q2-update.win32_2.0.0.202105311346/tools/bin/../lib/gcc/arm-none-eabi/9.3.1/../../../../arm-none-eabi/lib/thumb/v7e-m+fp/hard\libc_nano.a(lib_a-errno.o)
                              ./Core/Src/syscalls.o (__errno)
c:/st/stm32cubeide_1.8.0/stm32cubeide/plugins/com.st.stm32cube.ide.mcu.externaltools.gnu-tools-for-stm32.9-2020-q2-update.win32_2.0.0.202105311346/tools/bin/../lib/gcc/arm-none-eabi/9.3.1/../../../../arm-none-eabi/lib/thumb/v7e-m+fp/hard\libc_nano.a(lib_a-exit.o)
                              c:/st/stm32cubeide_1.8.0/stm32cubeide/plugins/com.st.stm32cube.ide.mcu.externaltools.gnu-tools-for-stm32.9-2020-q2-update.win32_2.0.0.202105311346/tools/bin/../lib/gcc/arm-none-eabi/9.3.1/../../../../arm-none-eabi/lib/thumb/v7e-m+fp/hard/crt0.o (exit)
c:/st/stm32cubeide_1.8.0/stm32cubeide/plugins/com.st.stm32cube.ide.mcu.externaltools.gnu-tools-for-stm32.9-2020-q2-update.win32_2.0.0.202105311346/tools/bin/../lib/gcc/arm-none-eabi/9.3.1/../../../../arm-none-eabi/lib/thumb/v7e-m+fp/hard\libc_nano.a(lib_a-findfp.o)
                              ./Middlewares/Third_Party/FreeRTOS/Source/tasks.o (__sf_fake_stderr)
c:/st/stm32cubeide_1.8.0/stm32cubeide/plugins/com.st.stm32cube.ide.mcu.externaltools.gnu-tools-for-stm32.9-2020-q2-update.win32_2.0.0.202105311346/tools/bin/../lib/gcc/arm-none-eabi/9.3.1/../../../../arm-none-eabi/lib/thumb/v7e-m+fp/hard\libc_nano.a(lib_a-fwalk.o)
                              c:/st/stm32cubeide_1.8.0/stm32cubeide/plugins/com.st.stm32cube.ide.mcu.externaltools.gnu-tools-for-stm32.9-2020-q2-update.win32_2.0.0.202105311346/tools/bin/../lib/gcc/arm-none-eabi/9.3.1/../../../../arm-none-eabi/lib/thumb/v7e-m+fp/hard\libc_nano.a(lib_a-findfp.o) (_fwalk)
c:/st/stm32cubeide_1.8.0/stm32cubeide/plugins/com.st.stm32cube.ide.mcu.externaltools.gnu-tools-for-stm32.9-2020-q2-update.win32_2.0.0.202105311346/tools/bin/../lib/gcc/arm-none-eabi/9.3.1/../../../../arm-none-eabi/lib/thumb/v7e-m+fp/hard\libc_nano.a(lib_a-impure.o)
                              c:/st/stm32cubeide_1.8.0/stm32cubeide/plugins/com.st.stm32cube.ide.mcu.externaltools.gnu-tools-for-stm32.9-2020-q2-update.win32_2.0.0.202105311346/tools/bin/../lib/gcc/arm-none-eabi/9.3.1/../../../../arm-none-eabi/lib/thumb/v7e-m+fp/hard\libc_nano.a(lib_a-exit.o) (_global_impure_ptr)
c:/st/stm32cubeide_1.8.0/stm32cubeide/plugins/com.st.stm32cube.ide.mcu.externaltools.gnu-tools-for-stm32.9-2020-q2-update.win32_2.0.0.202105311346/tools/bin/../lib/gcc/arm-none-eabi/9.3.1/../../../../arm-none-eabi/lib/thumb/v7e-m+fp/hard\libc_nano.a(lib_a-init.o)
                              c:/st/stm32cubeide_1.8.0/stm32cubeide/plugins/com.st.stm32cube.ide.mcu.externaltools.gnu-tools-for-stm32.9-2020-q2-update.win32_2.0.0.202105311346/tools/bin/../lib/gcc/arm-none-eabi/9.3.1/../../../../arm-none-eabi/lib/thumb/v7e-m+fp/hard/crt0.o (__libc_init_array)
c:/st/stm32cubeide_1.8.0/stm32cubeide/plugins/com.st.stm32cube.ide.mcu.externaltools.gnu-tools-for-stm32.9-2020-q2-update.win32_2.0.0.202105311346/tools/bin/../lib/gcc/arm-none-eabi/9.3.1/../../../../arm-none-eabi/lib/thumb/v7e-m+fp/hard\libc_nano.a(lib_a-lock.o)
                              c:/st/stm32cubeide_1.8.0/stm32cubeide/plugins/com.st.stm32cube.ide.mcu.externaltools.gnu-tools-for-stm32.9-2020-q2-update.win32_2.0.0.202105311346/tools/bin/../lib/gcc/arm-none-eabi/9.3.1/../../../../arm-none-eabi/lib/thumb/v7e-m+fp/hard\libc_nano.a(lib_a-findfp.o) (__retarget_lock_init_recursive)
c:/st/stm32cubeide_1.8.0/stm32cubeide/plugins/com.st.stm32cube.ide.mcu.externaltools.gnu-tools-for-stm32.9-2020-q2-update.win32_2.0.0.202105311346/tools/bin/../lib/gcc/arm-none-eabi/9.3.1/../../../../arm-none-eabi/lib/thumb/v7e-m+fp/hard\libc_nano.a(lib_a-memcpy-stub.o)
                              ./Middlewares/Third_Party/FreeRTOS/Source/queue.o (memcpy)
c:/st/stm32cubeide_1.8.0/stm32cubeide/plugins/com.st.stm32cube.ide.mcu.externaltools.gnu-tools-for-stm32.9-2020-q2-update.win32_2.0.0.202105311346/tools/bin/../lib/gcc/arm-none-eabi/9.3.1/../../../../arm-none-eabi/lib/thumb/v7e-m+fp/hard\libc_nano.a(lib_a-memset.o)
                              c:/st/stm32cubeide_1.8.0/stm32cubeide/plugins/com.st.stm32cube.ide.mcu.externaltools.gnu-tools-for-stm32.9-2020-q2-update.win32_2.0.0.202105311346/tools/bin/../lib/gcc/arm-none-eabi/9.3.1/../../../../arm-none-eabi/lib/thumb/v7e-m+fp/hard/crt0.o (memset)
c:/st/stm32cubeide_1.8.0/stm32cubeide/plugins/com.st.stm32cube.ide.mcu.externaltools.gnu-tools-for-stm32.9-2020-q2-update.win32_2.0.0.202105311346/tools/bin/../lib/gcc/arm-none-eabi/9.3.1/../../../../arm-none-eabi/lib/thumb/v7e-m+fp/hard\libc_nano.a(lib_a-nano-mallocr.o)
[...]
Memory Configuration

Name             Origin             Length             Attributes
RAM              0x0000000020000000 0x0000000000050000 xrw
FLASH            0x0000000008000000 0x0000000000100000 xr
*default*        0x0000000000000000 0xffffffffffffffff

Linker script and memory map

LOAD c:/st/stm32cubeide_1.8.0/stm32cubeide/plugins/com.st.stm32cube.ide.mcu.externaltools.gnu-tools-for-stm32.9-2020-q2-update.win32_2.0.0.202105311346/tools/bin/../lib/gcc/arm-none-eabi/9.3.1/thumb/v7e-m+fp/hard/crti.o
LOAD c:/st/stm32cubeide_1.8.0/stm32cubeide/plugins/com.st.stm32cube.ide.mcu.externaltools.gnu-tools-for-stm32.9-2020-q2-update.win32_2.0.0.202105311346/tools/bin/../lib/gcc/arm-none-eabi/9.3.1/thumb/v7e-m+fp/hard/crtbegin.o
LOAD c:/st/stm32cubeide_1.8.0/stm32cubeide/plugins/com.st.stm32cube.ide.mcu.externaltools.gnu-tools-for-stm32.9-2020-q2-update.win32_2.0.0.202105311346/tools/bin/../lib/gcc/arm-none-eabi/9.3.1/../../../../arm-none-eabi/lib/thumb/v7e-m+fp/hard/crt0.o
LOAD ./Core/Src/freertos.o
LOAD ./Core/Src/ft5336.o
LOAD ./Core/Src/main.o
LOAD ./Core/Src/stm32746g_discovery.o
LOAD ./Core/Src/stm32746g_discovery_lcd.o
LOAD ./Core/Src/stm32746g_discovery_sdram.o
LOAD ./Core/Src/stm32746g_discovery_ts.o
LOAD ./Core/Src/stm32f7xx_hal_msp.o
LOAD ./Core/Src/stm32f7xx_hal_timebase_tim.o
LOAD ./Core/Src/stm32f7xx_it.o
LOAD ./Core/Src/syscalls.o
LOAD ./Core/Src/sysmem.o
LOAD ./Core/Src/system_stm32f7xx.o
LOAD ./Core/Startup/startup_stm32f746nghx.o
LOAD ./Drivers/STM32F7xx_HAL_Driver/Src/stm32f7xx_hal.o
LOAD ./Drivers/STM32F7xx_HAL_Driver/Src/stm32f7xx_hal_adc.o
LOAD ./Drivers/STM32F7xx_HAL_Driver/Src/stm32f7xx_hal_adc_ex.o
LOAD ./Drivers/STM32F7xx_HAL_Driver/Src/stm32f7xx_hal_cortex.o
LOAD ./Drivers/STM32F7xx_HAL_Driver/Src/stm32f7xx_hal_dac.o
LOAD ./Drivers/STM32F7xx_HAL_Driver/Src/stm32f7xx_hal_dac_ex.o
LOAD ./Drivers/STM32F7xx_HAL_Driver/Src/stm32f7xx_hal_dma.o
LOAD ./Drivers/STM32F7xx_HAL_Driver/Src/stm32f7xx_hal_dma2d.o
LOAD ./Drivers/STM32F7xx_HAL_Driver/Src/stm32f7xx_hal_dma_ex.o
LOAD ./Drivers/STM32F7xx_HAL_Driver/Src/stm32f7xx_hal_dsi.o
LOAD ./Drivers/STM32F7xx_HAL_Driver/Src/stm32f7xx_hal_exti.o
LOAD ./Drivers/STM32F7xx_HAL_Driver/Src/stm32f7xx_hal_flash.o
LOAD ./Drivers/STM32F7xx_HAL_Driver/Src/stm32f7xx_hal_flash_ex.o
LOAD ./Drivers/STM32F7xx_HAL_Driver/Src/stm32f7xx_hal_gpio.o
LOAD ./Drivers/STM32F7xx_HAL_Driver/Src/stm32f7xx_hal_i2c.o
LOAD ./Drivers/STM32F7xx_HAL_Driver/Src/stm32f7xx_hal_i2c_ex.o
LOAD ./Drivers/STM32F7xx_HAL_Driver/Src/stm32f7xx_hal_ltdc.o
LOAD ./Drivers/STM32F7xx_HAL_Driver/Src/stm32f7xx_hal_ltdc_ex.o
LOAD ./Drivers/STM32F7xx_HAL_Driver/Src/stm32f7xx_hal_pwr.o
LOAD ./Drivers/STM32F7xx_HAL_Driver/Src/stm32f7xx_hal_pwr_ex.o
LOAD ./Drivers/STM32F7xx_HAL_Driver/Src/stm32f7xx_hal_rcc.o
LOAD ./Drivers/STM32F7xx_HAL_Driver/Src/stm32f7xx_hal_rcc_ex.o
LOAD ./Drivers/STM32F7xx_HAL_Driver/Src/stm32f7xx_hal_rtc.o
LOAD ./Drivers/STM32F7xx_HAL_Driver/Src/stm32f7xx_hal_rtc_ex.o
LOAD ./Drivers/STM32F7xx_HAL_Driver/Src/stm32f7xx_hal_sdram.o
LOAD ./Drivers/STM32F7xx_HAL_Driver/Src/stm32f7xx_hal_spi.o
LOAD ./Drivers/STM32F7xx_HAL_Driver/Src/stm32f7xx_hal_spi_ex.o
LOAD ./Drivers/STM32F7xx_HAL_Driver/Src/stm32f7xx_hal_tim.o
LOAD ./Drivers/STM32F7xx_HAL_Driver/Src/stm32f7xx_hal_tim_ex.o
LOAD ./Drivers/STM32F7xx_HAL_Driver/Src/stm32f7xx_hal_uart.o
LOAD ./Drivers/STM32F7xx_HAL_Driver/Src/stm32f7xx_hal_uart_ex.o
LOAD ./Drivers/STM32F7xx_HAL_Driver/Src/stm32f7xx_ll_fmc.o
LOAD ./Middlewares/Third_Party/FreeRTOS/Source/CMSIS_RTOS/cmsis_os.o
LOAD ./Middlewares/Third_Party/FreeRTOS/Source/croutine.o
LOAD ./Middlewares/Third_Party/FreeRTOS/Source/event_groups.o
LOAD ./Middlewares/Third_Party/FreeRTOS/Source/list.o
LOAD ./Middlewares/Third_Party/FreeRTOS/Source/queue.o
LOAD ./Middlewares/Third_Party/FreeRTOS/Source/stream_buffer.o
LOAD ./Middlewares/Third_Party/FreeRTOS/Source/tasks.o
LOAD ./Middlewares/Third_Party/FreeRTOS/Source/timers.o
LOAD ./Middlewares/Third_Party/FreeRTOS/Source/portable/GCC/ARM_CM7/r0p1/port.o
LOAD ./Middlewares/Third_Party/FreeRTOS/Source/portable/MemMang/heap_4.o
START GROUP
LOAD c:/st/stm32cubeide_1.8.0/stm32cubeide/plugins/com.st.stm32cube.ide.mcu.externaltools.gnu-tools-for-stm32.9-2020-q2-update.win32_2.0.0.202105311346/tools/bin/../lib/gcc/arm-none-eabi/9.3.1/../../../../arm-none-eabi/lib/thumb/v7e-m+fp/hard\libc_nano.a
LOAD c:/st/stm32cubeide_1.8.0/stm32cubeide/plugins/com.st.stm32cube.ide.mcu.externaltools.gnu-tools-for-stm32.9-2020-q2-update.win32_2.0.0.202105311346/tools/bin/../lib/gcc/arm-none-eabi/9.3.1/../../../../arm-none-eabi/lib/thumb/v7e-m+fp/hard\libm.a
END GROUP
START GROUP
LOAD c:/st/stm32cubeide_1.8.0/stm32cubeide/plugins/com.st.stm32cube.ide.mcu.externaltools.gnu-tools-for-stm32.9-2020-q2-update.win32_2.0.0.202105311346/tools/bin/../lib/gcc/arm-none-eabi/9.3.1/thumb/v7e-m+fp/hard\libgcc.a
LOAD c:/st/stm32cubeide_1.8.0/stm32cubeide/plugins/com.st.stm32cube.ide.mcu.externaltools.gnu-tools-for-stm32.9-2020-q2-update.win32_2.0.0.202105311346/tools/bin/../lib/gcc/arm-none-eabi/9.3.1/../../../../arm-none-eabi/lib/thumb/v7e-m+fp/hard\libc_nano.a
END GROUP
START GROUP
LOAD c:/st/stm32cubeide_1.8.0/stm32cubeide/plugins/com.st.stm32cube.ide.mcu.externaltools.gnu-tools-for-stm32.9-2020-q2-update.win32_2.0.0.202105311346/tools/bin/../lib/gcc/arm-none-eabi/9.3.1/thumb/v7e-m+fp/hard\libgcc.a
LOAD c:/st/stm32cubeide_1.8.0/stm32cubeide/plugins/com.st.stm32cube.ide.mcu.externaltools.gnu-tools-for-stm32.9-2020-q2-update.win32_2.0.0.202105311346/tools/bin/../lib/gcc/arm-none-eabi/9.3.1/../../../../arm-none-eabi/lib/thumb/v7e-m+fp/hard\libc_nano.a
LOAD c:/st/stm32cubeide_1.8.0/stm32cubeide/plugins/com.st.stm32cube.ide.mcu.externaltools.gnu-tools-for-stm32.9-2020-q2-update.win32_2.0.0.202105311346/tools/bin/../lib/gcc/arm-none-eabi/9.3.1/../../../../arm-none-eabi/lib/thumb/v7e-m+fp/hard\libnosys.a
END GROUP
START GROUP
LOAD c:/st/stm32cubeide_1.8.0/stm32cubeide/plugins/com.st.stm32cube.ide.mcu.externaltools.gnu-tools-for-stm32.9-2020-q2-update.win32_2.0.0.202105311346/tools/bin/../lib/gcc/arm-none-eabi/9.3.1/thumb/v7e-m+fp/hard\libgcc.a
LOAD c:/st/stm32cubeide_1.8.0/stm32cubeide/plugins/com.st.stm32cube.ide.mcu.externaltools.gnu-tools-for-stm32.9-2020-q2-update.win32_2.0.0.202105311346/tools/bin/../lib/gcc/arm-none-eabi/9.3.1/../../../../arm-none-eabi/lib/thumb/v7e-m+fp/hard\libc_nano.a
LOAD c:/st/stm32cubeide_1.8.0/stm32cubeide/plugins/com.st.stm32cube.ide.mcu.externaltools.gnu-tools-for-stm32.9-2020-q2-update.win32_2.0.0.202105311346/tools/bin/../lib/gcc/arm-none-eabi/9.3.1/../../../../arm-none-eabi/lib/thumb/v7e-m+fp/hard\libnosys.a
END GROUP
LOAD c:/st/stm32cubeide_1.8.0/stm32cubeide/plugins/com.st.stm32cube.ide.mcu.externaltools.gnu-tools-for-stm32.9-2020-q2-update.win32_2.0.0.202105311346/tools/bin/../lib/gcc/arm-none-eabi/9.3.1/thumb/v7e-m+fp/hard/crtend.o
LOAD c:/st/stm32cubeide_1.8.0/stm32cubeide/plugins/com.st.stm32cube.ide.mcu.externaltools.gnu-tools-for-stm32.9-2020-q2-update.win32_2.0.0.202105311346/tools/bin/../lib/gcc/arm-none-eabi/9.3.1/thumb/v7e-m+fp/hard/crtn.o
                0x0000000020050000                _estack = (ORIGIN (RAM) + LENGTH (RAM))
                0x0000000000000200                _Min_Heap_Size = 0x200
                0x0000000000000400                _Min_Stack_Size = 0x400

.isr_vector     0x0000000008000000      0x1c8
                0x0000000008000000                . = ALIGN (0x4)
 *(.isr_vector)
 .isr_vector    0x0000000008000000      0x1c8 ./Core/Startup/startup_stm32f746nghx.o
                0x0000000008000000                g_pfnVectors
                0x00000000080001c8                . = ALIGN (0x4)

.text           0x00000000080001d0     0xcca0
                0x00000000080001d0                . = ALIGN (0x4)
 *(.text)
 .text          0x00000000080001d0       0x40 c:/st/stm32cubeide_1.8.0/stm32cubeide/plugins/com.st.stm32cube.ide.mcu.externaltools.gnu-tools-for-stm32.9-2020-q2-update.win32_2.0.0.202105311346/tools/bin/../lib/gcc/arm-none-eabi/9.3.1/thumb/v7e-m+fp/hard/crtbegin.o
 .text          0x0000000008000210       0x30 c:/st/stm32cubeide_1.8.0/stm32cubeide/plugins/com.st.stm32cube.ide.mcu.externaltools.gnu-tools-for-stm32.9-2020-q2-update.win32_2.0.0.202105311346/tools/bin/../lib/gcc/arm-none-eabi/9.3.1/thumb/v7e-m+fp/hard\libgcc.a(_aeabi_uldivmod.o)
                0x0000000008000210                __aeabi_uldivmod
 .text          0x0000000008000240      0x2c4 c:/st/stm32cubeide_1.8.0/stm32cubeide/plugins/com.st.stm32cube.ide.mcu.externaltools.gnu-tools-for-stm32.9-2020-q2-update.win32_2.0.0.202105311346/tools/bin/../lib/gcc/arm-none-eabi/9.3.1/thumb/v7e-m+fp/hard\libgcc.a(_udivmoddi4.o)
                0x0000000008000240                __udivmoddi4
 .text          0x0000000008000504        0x4 c:/st/stm32cubeide_1.8.0/stm32cubeide/plugins/com.st.stm32cube.ide.mcu.externaltools.gnu-tools-for-stm32.9-2020-q2-update.win32_2.0.0.202105311346/tools/bin/../lib/gcc/arm-none-eabi/9.3.1/thumb/v7e-m+fp/hard\libgcc.a(_dvmd_tls.o)
                0x0000000008000504                __aeabi_idiv0
                0x0000000008000504                __aeabi_ldiv0
 *(.text*)
 .text.vApplicationGetIdleTaskMemory
                0x0000000008000508       0x34 ./Core/Src/freertos.o
                0x0000000008000508                vApplicationGetIdleTaskMemory
 .text.ft5336_Init
                0x000000000800053c       0x1c ./Core/Src/ft5336.o
                0x000000000800053c                ft5336_Init
 .text.ft5336_Reset
                0x0000000008000558       0x16 ./Core/Src/ft5336.o
                0x0000000008000558                ft5336_Reset
 .text.ft5336_ReadID
                0x000000000800056e       0x5c ./Core/Src/ft5336.o
                0x000000000800056e                ft5336_ReadID
 .text.ft5336_TS_Start
                0x00000000080005ca       0x22 ./Core/Src/ft5336.o
                0x00000000080005ca                ft5336_TS_Start
 .text.ft5336_TS_DetectTouch
                0x00000000080005ec       0x54 ./Core/Src/ft5336.o
                0x00000000080005ec                ft5336_TS_DetectTouch
 .text.ft5336_TS_GetXY
                0x0000000008000640      0x1e0 ./Core/Src/ft5336.o
                0x0000000008000640                ft5336_TS_GetXY
 .text.ft5336_TS_EnableIT
                0x0000000008000820       0x28 ./Core/Src/ft5336.o
                0x0000000008000820                ft5336_TS_EnableIT
 .text.ft5336_TS_DisableIT
                0x0000000008000848       0x28 ./Core/Src/ft5336.o
                0x0000000008000848                ft5336_TS_DisableIT
 .text.ft5336_TS_ITStatus
                0x0000000008000870       0x18 ./Core/Src/ft5336.o
                0x0000000008000870                ft5336_TS_ITStatus
 .text.ft5336_TS_ClearIT
                0x0000000008000888       0x16 ./Core/Src/ft5336.o
                0x0000000008000888                ft5336_TS_ClearIT
 *fill*         0x000000000800089e        0x2 
 .text.ft5336_Get_I2C_InitializedStatus
                0x00000000080008a0       0x18 ./Core/Src/ft5336.o
 .text.ft5336_I2C_InitializeIfRequired
                0x00000000080008b8       0x20 ./Core/Src/ft5336.o
 .text.ft5336_TS_Configure
                0x00000000080008d8       0x1c ./Core/Src/ft5336.o
 .text.main     0x00000000080008f4      0x1b4 ./Core/Src/main.o
                0x00000000080008f4                main
 .text.SystemClock_Config
                0x0000000008000aa8       0xe4 ./Core/Src/main.o
                0x0000000008000aa8                SystemClock_Config
 .text.MX_ADC1_Init
                0x0000000008000b8c       0xa4 ./Core/Src/main.o
 .text.MX_ADC3_Init
                0x0000000008000c30       0xa4 ./Core/Src/main.o
 .text.MX_DAC_Init
                0x0000000008000cd4       0x54 ./Core/Src/main.o
 .text.MX_DMA2D_Init
                0x0000000008000d28       0x64 ./Core/Src/main.o
 .text.MX_I2C1_Init
                0x0000000008000d8c       0x80 ./Core/Src/main.o
 .text.MX_I2C3_Init
                0x0000000008000e0c       0x80 ./Core/Src/main.o
 .text.MX_LTDC_Init
                0x0000000008000e8c      0x104 ./Core/Src/main.o
 .text.MX_RTC_Init
                0x0000000008000f90      0x14c ./Core/Src/main.o
 .text.MX_SPI2_Init
                0x00000000080010dc       0x7c ./Core/Src/main.o
 .text.MX_TIM1_Init
                0x0000000008001158       0xa8 ./Core/Src/main.o
 .text.MX_TIM2_Init
                0x0000000008001200       0x9c ./Core/Src/main.o
 .text.MX_TIM3_Init
                0x000000000800129c       0x9c ./Core/Src/main.o
 .text.MX_TIM5_Init
                0x0000000008001338       0x9c ./Core/Src/main.o
 .text.MX_TIM8_Init
                0x00000000080013d4       0xa8 ./Core/Src/main.o
 .text.MX_UART7_Init
                0x000000000800147c       0x60 ./Core/Src/main.o
 .text.MX_USART1_UART_Init
                0x00000000080014dc       0x60 ./Core/Src/main.o
 .text.MX_USART6_UART_Init
                0x000000000800153c       0x60 ./Core/Src/main.o
 .text.MX_FMC_Init
                0x000000000800159c       0xa0 ./Core/Src/main.o
 .text.MX_GPIO_Init
                0x000000000800163c      0x5b8 ./Core/Src/main.o
 .text.HAL_GPIO_EXTI_Callback
                0x0000000008001bf4       0x16 ./Core/Src/main.o
                0x0000000008001bf4                HAL_GPIO_EXTI_Callback
 *fill*         0x0000000008001c0a        0x2 
 .text.fonction_init
                0x0000000008001c0c      0x13c ./Core/Src/main.o
                0x0000000008001c0c                fonction_init
 .text.fonction_affichage
                0x0000000008001d48      0x1cc ./Core/Src/main.o
                0x0000000008001d48                fonction_affichage
 .text.fonction_select
                0x0000000008001f14       0x10 ./Core/Src/main.o
                0x0000000008001f14                fonction_select
 .text.HAL_TIM_PeriodElapsedCallback
                0x0000000008001f24       0x24 ./Core/Src/main.o
                0x0000000008001f24                HAL_TIM_PeriodElapsedCallback
 .text.Error_Handler
                0x0000000008001f48        0xa ./Core/Src/main.o
                0x0000000008001f48                Error_Handler
 *fill*         0x0000000008001f52        0x2 
 .text.I2Cx_MspInit
                0x0000000008001f54      0x160 ./Core/Src/stm32746g_discovery.o
 .text.I2Cx_Init
                0x00000000080020b4       0x78 ./Core/Src/stm32746g_discovery.o
 .text.I2Cx_ReadMultiple
                0x000000000800212c       0x5a ./Core/Src/stm32746g_discovery.o
 .text.I2Cx_WriteMultiple
                0x0000000008002186       0x5a ./Core/Src/stm32746g_discovery.o
 .text.I2Cx_Error
                0x00000000080021e0       0x20 ./Core/Src/stm32746g_discovery.o
 .text.TS_IO_Init
                0x0000000008002200       0x14 ./Core/Src/stm32746g_discovery.o
                0x0000000008002200                TS_IO_Init
 .text.TS_IO_Write
                0x0000000008002214       0x34 ./Core/Src/stm32746g_discovery.o
                0x0000000008002214                TS_IO_Write
 .text.TS_IO_Read
                0x0000000008002248       0x3c ./Core/Src/stm32746g_discovery.o
                0x0000000008002248                TS_IO_Read
 .text.TS_IO_Delay
                0x0000000008002284       0x16 ./Core/Src/stm32746g_discovery.o
                0x0000000008002284                TS_IO_Delay
 *fill*         0x000000000800229a        0x2 
 .text.BSP_LCD_Init
                0x000000000800229c       0xe0 ./Core/Src/stm32746g_discovery_lcd.o
                0x000000000800229c                BSP_LCD_Init
 .text.BSP_LCD_GetXSize
                0x000000000800237c       0x28 ./Core/Src/stm32746g_discovery_lcd.o
                0x000000000800237c                BSP_LCD_GetXSize
 .text.BSP_LCD_GetYSize
                0x00000000080023a4       0x28 ./Core/Src/stm32746g_discovery_lcd.o
                0x00000000080023a4                BSP_LCD_GetYSize
 .text.BSP_LCD_LayerDefaultInit
                0x00000000080023cc       0xc0 ./Core/Src/stm32746g_discovery_lcd.o
                0x00000000080023cc                BSP_LCD_LayerDefaultInit
 .text.BSP_LCD_SelectLayer
                0x000000000800248c       0x20 ./Core/Src/stm32746g_discovery_lcd.o
                0x000000000800248c                BSP_LCD_SelectLayer
 .text.BSP_LCD_SetTextColor
                0x00000000080024ac       0x30 ./Core/Src/stm32746g_discovery_lcd.o
                0x00000000080024ac                BSP_LCD_SetTextColor
 .text.BSP_LCD_SetBackColor
                0x00000000080024dc       0x34 ./Core/Src/stm32746g_discovery_lcd.o
                0x00000000080024dc                BSP_LCD_SetBackColor
 .text.BSP_LCD_SetFont
                0x0000000008002510       0x34 ./Core/Src/stm32746g_discovery_lcd.o
                0x0000000008002510                BSP_LCD_SetFont
 .text.BSP_LCD_Clear
                0x0000000008002544       0x50 ./Core/Src/stm32746g_discovery_lcd.o
                0x0000000008002544                BSP_LCD_Clear
 .text.BSP_LCD_DrawHLine
                0x0000000008002594       0xbc ./Core/Src/stm32746g_discovery_lcd.o
                0x0000000008002594                BSP_LCD_DrawHLine
 .text.BSP_LCD_DrawCircle
                0x0000000008002650      0x1d4 ./Core/Src/stm32746g_discovery_lcd.o
                0x0000000008002650                BSP_LCD_DrawCircle
 .text.BSP_LCD_DrawPixel
                0x0000000008002824       0x90 ./Core/Src/stm32746g_discovery_lcd.o
                0x0000000008002824                BSP_LCD_DrawPixel
 .text.BSP_LCD_DrawBitmap
                0x00000000080028b4      0x164 ./Core/Src/stm32746g_discovery_lcd.o
                0x00000000080028b4                BSP_LCD_DrawBitmap
 .text.BSP_LCD_FillCircle
                0x0000000008002a18      0x140 ./Core/Src/stm32746g_discovery_lcd.o
                0x0000000008002a18                BSP_LCD_FillCircle
 .text.BSP_LCD_DisplayOn
                0x0000000008002b58       0x3c ./Core/Src/stm32746g_discovery_lcd.o
                0x0000000008002b58                BSP_LCD_DisplayOn
 .text.BSP_LCD_MspInit
                0x0000000008002b94      0x1b4 ./Core/Src/stm32746g_discovery_lcd.o
                0x0000000008002b94                BSP_LCD_MspInit
 .text.BSP_LCD_ClockConfig
                0x0000000008002d48       0x38 ./Core/Src/stm32746g_discovery_lcd.o
                0x0000000008002d48                BSP_LCD_ClockConfig
 .text.LL_FillBuffer
                0x0000000008002d80       0x98 ./Core/Src/stm32746g_discovery_lcd.o
 .text.LL_ConvertLineToARGB8888
                0x0000000008002e18       0x88 ./Core/Src/stm32746g_discovery_lcd.o
 .text.BSP_SDRAM_Init
                0x0000000008002ea0       0xbc ./Core/Src/stm32746g_discovery_sdram.o
                0x0000000008002ea0                BSP_SDRAM_Init
 .text.BSP_SDRAM_Initialization_sequence
                0x0000000008002f5c       0xc0 ./Core/Src/stm32746g_discovery_sdram.o
                0x0000000008002f5c                BSP_SDRAM_Initialization_sequence
 .text.BSP_SDRAM_MspInit
                0x000000000800301c      0x1f0 ./Core/Src/stm32746g_discovery_sdram.o
                0x000000000800301c                BSP_SDRAM_MspInit
 .text.BSP_TS_Init
                0x000000000800320c       0x80 ./Core/Src/stm32746g_discovery_ts.o
                0x000000000800320c                BSP_TS_Init
 .text.HAL_MspInit
                0x000000000800328c       0x50 ./Core/Src/stm32f7xx_hal_msp.o
                0x000000000800328c                HAL_MspInit
 .text.HAL_ADC_MspInit
                0x00000000080032dc       0xdc ./Core/Src/stm32f7xx_hal_msp.o
                0x00000000080032dc                HAL_ADC_MspInit
 .text.HAL_DAC_MspInit
                0x00000000080033b8       0x90 ./Core/Src/stm32f7xx_hal_msp.o
                0x00000000080033b8                HAL_DAC_MspInit
 .text.HAL_DMA2D_MspInit
                0x0000000008003448       0x4c ./Core/Src/stm32f7xx_hal_msp.o
                0x0000000008003448                HAL_DMA2D_MspInit
 .text.HAL_I2C_MspInit
                0x0000000008003494      0x150 ./Core/Src/stm32f7xx_hal_msp.o
                0x0000000008003494                HAL_I2C_MspInit
 .text.HAL_I2C_MspDeInit
                0x00000000080035e4       0x78 ./Core/Src/stm32f7xx_hal_msp.o
                0x00000000080035e4                HAL_I2C_MspDeInit
 .text.HAL_LTDC_MspInit
                0x000000000800365c      0x204 ./Core/Src/stm32f7xx_hal_msp.o
                0x000000000800365c                HAL_LTDC_MspInit
 .text.HAL_RTC_MspInit
                0x0000000008003860       0x5c ./Core/Src/stm32f7xx_hal_msp.o
                0x0000000008003860                HAL_RTC_MspInit
 .text.HAL_SPI_MspInit
                0x00000000080038bc       0xc4 ./Core/Src/stm32f7xx_hal_msp.o
                0x00000000080038bc                HAL_SPI_MspInit
 .text.HAL_TIM_Base_MspInit
                0x0000000008003980      0x124 ./Core/Src/stm32f7xx_hal_msp.o
                0x0000000008003980                HAL_TIM_Base_MspInit
 .text.HAL_UART_MspInit
                0x0000000008003aa4      0x230 ./Core/Src/stm32f7xx_hal_msp.o
                0x0000000008003aa4                HAL_UART_MspInit
 .text.HAL_FMC_MspInit
                0x0000000008003cd4      0x120 ./Core/Src/stm32f7xx_hal_msp.o
 .text.HAL_SDRAM_MspInit
                0x0000000008003df4       0x14 ./Core/Src/stm32f7xx_hal_msp.o
                0x0000000008003df4                HAL_SDRAM_MspInit
 .text.HAL_InitTick
                0x0000000008003e08       0xb0 ./Core/Src/stm32f7xx_hal_timebase_tim.o
                0x0000000008003e08                HAL_InitTick
 .text.NMI_Handler
                0x0000000008003eb8        0x6 ./Core/Src/stm32f7xx_it.o
                0x0000000008003eb8                NMI_Handler
 .text.HardFault_Handler
                0x0000000008003ebe        0x6 ./Core/Src/stm32f7xx_it.o
                0x0000000008003ebe                HardFault_Handler
 .text.MemManage_Handler
                0x0000000008003ec4        0x6 ./Core/Src/stm32f7xx_it.o
                0x0000000008003ec4                MemManage_Handler
 .text.BusFault_Handler
                0x0000000008003eca        0x6 ./Core/Src/stm32f7xx_it.o
                0x0000000008003eca                BusFault_Handler
 .text.UsageFault_Handler
                0x0000000008003ed0        0x6 ./Core/Src/stm32f7xx_it.o
                0x0000000008003ed0                UsageFault_Handler
 .text.DebugMon_Handler
                0x0000000008003ed6        0xe ./Core/Src/stm32f7xx_it.o
                0x0000000008003ed6                DebugMon_Handler
 .text.EXTI9_5_IRQHandler
                0x0000000008003ee4       0x10 ./Core/Src/stm32f7xx_it.o
                0x0000000008003ee4                EXTI9_5_IRQHandler
 .text.USART1_IRQHandler
                0x0000000008003ef4       0x14 ./Core/Src/stm32f7xx_it.o
                0x0000000008003ef4                USART1_IRQHandler
 .text.EXTI15_10_IRQHandler
                0x0000000008003f08       0x10 ./Core/Src/stm32f7xx_it.o
                0x0000000008003f08                EXTI15_10_IRQHandler
 .text.TIM6_DAC_IRQHandler
                0x0000000008003f18       0x28 ./Core/Src/stm32f7xx_it.o
                0x0000000008003f18                TIM6_DAC_IRQHandler
 .text.LTDC_IRQHandler
                0x0000000008003f40       0x14 ./Core/Src/stm32f7xx_it.o
                0x0000000008003f40                LTDC_IRQHandler
 .text.DMA2D_IRQHandler
                0x0000000008003f54       0x14 ./Core/Src/stm32f7xx_it.o
                0x0000000008003f54                DMA2D_IRQHandler
 .text.SystemInit
                0x0000000008003f68       0x24 ./Core/Src/system_stm32f7xx.o
                0x0000000008003f68                SystemInit
 .text.Reset_Handler
                0x0000000008003f8c       0x50 ./Core/Startup/startup_stm32f746nghx.o
                0x0000000008003f8c                Reset_Handler
 .text.Default_Handler
                0x0000000008003fdc        0x2 ./Core/Startup/startup_stm32f746nghx.o
                0x0000000008003fdc                RTC_Alarm_IRQHandler
                0x0000000008003fdc                EXTI2_IRQHandler
                0x0000000008003fdc                TIM8_CC_IRQHandler
                0x0000000008003fdc                UART8_IRQHandler
                0x0000000008003fdc                SPI4_IRQHandler
                0x0000000008003fdc                TIM1_CC_IRQHandler
                0x0000000008003fdc                DMA2_Stream5_IRQHandler
                0x0000000008003fdc                DMA1_Stream5_IRQHandler
                0x0000000008003fdc                PVD_IRQHandler
                0x0000000008003fdc                TAMP_STAMP_IRQHandler
                0x0000000008003fdc                CAN2_RX1_IRQHandler
                0x0000000008003fdc                EXTI3_IRQHandler
                0x0000000008003fdc                TIM8_TRG_COM_TIM14_IRQHandler
                0x0000000008003fdc                TIM1_UP_TIM10_IRQHandler
                0x0000000008003fdc                TIM8_UP_TIM13_IRQHandler
                0x0000000008003fdc                I2C3_ER_IRQHandler
                0x0000000008003fdc                EXTI0_IRQHandler
                0x0000000008003fdc                I2C2_EV_IRQHandler
                0x0000000008003fdc                DMA1_Stream2_IRQHandler
                0x0000000008003fdc                CAN1_RX0_IRQHandler
                0x0000000008003fdc                FPU_IRQHandler
                0x0000000008003fdc                OTG_HS_WKUP_IRQHandler
                0x0000000008003fdc                LTDC_ER_IRQHandler
                0x0000000008003fdc                CAN2_SCE_IRQHandler
                0x0000000008003fdc                DMA2_Stream2_IRQHandler
                0x0000000008003fdc                SPI1_IRQHandler
                0x0000000008003fdc                TIM1_BRK_TIM9_IRQHandler
                0x0000000008003fdc                DCMI_IRQHandler
                0x0000000008003fdc                CAN2_RX0_IRQHandler
                0x0000000008003fdc                DMA2_Stream3_IRQHandler
                0x0000000008003fdc                SAI2_IRQHandler
                0x0000000008003fdc                USART6_IRQHandler
                0x0000000008003fdc                USART3_IRQHandler
                0x0000000008003fdc                CAN1_RX1_IRQHandler
                0x0000000008003fdc                UART5_IRQHandler
                0x0000000008003fdc                DMA2_Stream0_IRQHandler
                0x0000000008003fdc                TIM4_IRQHandler
                0x0000000008003fdc                QUADSPI_IRQHandler
                0x0000000008003fdc                I2C1_EV_IRQHandler
                0x0000000008003fdc                DMA1_Stream6_IRQHandler
                0x0000000008003fdc                DMA1_Stream1_IRQHandler
                0x0000000008003fdc                UART4_IRQHandler
                0x0000000008003fdc                TIM3_IRQHandler
                0x0000000008003fdc                RCC_IRQHandler
                0x0000000008003fdc                TIM8_BRK_TIM12_IRQHandler
                0x0000000008003fdc                Default_Handler
                0x0000000008003fdc                CEC_IRQHandler
                0x0000000008003fdc                ADC_IRQHandler
                0x0000000008003fdc                DMA1_Stream7_IRQHandler
                0x0000000008003fdc                SPI5_IRQHandler
                0x0000000008003fdc                TIM7_IRQHandler
                0x0000000008003fdc                SDMMC1_IRQHandler
                0x0000000008003fdc                CAN2_TX_IRQHandler
                0x0000000008003fdc                TIM5_IRQHandler
                0x0000000008003fdc                DMA2_Stream7_IRQHandler
                0x0000000008003fdc                I2C3_EV_IRQHandler
                0x0000000008003fdc                RTC_WKUP_IRQHandler
                0x0000000008003fdc                ETH_WKUP_IRQHandler
                0x0000000008003fdc                SPDIF_RX_IRQHandler
                0x0000000008003fdc                SPI2_IRQHandler
                0x0000000008003fdc                OTG_HS_EP1_IN_IRQHandler
                0x0000000008003fdc                DMA1_Stream0_IRQHandler
                0x0000000008003fdc                CAN1_TX_IRQHandler
                0x0000000008003fdc                EXTI4_IRQHandler
                0x0000000008003fdc                RNG_IRQHandler
                0x0000000008003fdc                ETH_IRQHandler
                0x0000000008003fdc                OTG_HS_EP1_OUT_IRQHandler
                0x0000000008003fdc                WWDG_IRQHandler
                0x0000000008003fdc                SPI6_IRQHandler
                0x0000000008003fdc                I2C4_EV_IRQHandler
                0x0000000008003fdc                TIM2_IRQHandler
                0x0000000008003fdc                OTG_FS_WKUP_IRQHandler
                0x0000000008003fdc                TIM1_TRG_COM_TIM11_IRQHandler
                0x0000000008003fdc                OTG_HS_IRQHandler
                0x0000000008003fdc                EXTI1_IRQHandler
                0x0000000008003fdc                UART7_IRQHandler
                0x0000000008003fdc                USART2_IRQHandler
                0x0000000008003fdc                I2C2_ER_IRQHandler
                0x0000000008003fdc                DMA2_Stream1_IRQHandler
                0x0000000008003fdc                CAN1_SCE_IRQHandler
                0x0000000008003fdc                FLASH_IRQHandler
                0x0000000008003fdc                DMA2_Stream4_IRQHandler
                0x0000000008003fdc                OTG_FS_IRQHandler
                0x0000000008003fdc                SPI3_IRQHandler
                0x0000000008003fdc                DMA1_Stream4_IRQHandler
                0x0000000008003fdc                I2C1_ER_IRQHandler
                0x0000000008003fdc                FMC_IRQHandler
                0x0000000008003fdc                LPTIM1_IRQHandler
                0x0000000008003fdc                I2C4_ER_IRQHandler
                0x0000000008003fdc                DMA2_Stream6_IRQHandler
                0x0000000008003fdc                SAI1_IRQHandler
                0x0000000008003fdc                DMA1_Stream3_IRQHandler
 .text.HAL_Init
                0x0000000008003fde       0x1a ./Drivers/STM32F7xx_HAL_Driver/Src/stm32f7xx_hal.o
                0x0000000008003fde                HAL_Init
 .text.HAL_IncTick
                0x0000000008003ff8       0x28 ./Drivers/STM32F7xx_HAL_Driver/Src/stm32f7xx_hal.o
                0x0000000008003ff8                HAL_IncTick
 .text.HAL_GetTick
                0x0000000008004020       0x18 ./Drivers/STM32F7xx_HAL_Driver/Src/stm32f7xx_hal.o
                0x0000000008004020                HAL_GetTick
 .text.HAL_Delay
                0x0000000008004038       0x48 ./Drivers/STM32F7xx_HAL_Driver/Src/stm32f7xx_hal.o
                0x0000000008004038                HAL_Delay
 .text.HAL_ADC_Init
                0x0000000008004080       0x88 ./Drivers/STM32F7xx_HAL_Driver/Src/stm32f7xx_hal_adc.o
                0x0000000008004080                HAL_ADC_Init
 .text.HAL_ADC_Start
                0x0000000008004108      0x19c ./Drivers/STM32F7xx_HAL_Driver/Src/stm32f7xx_hal_adc.o
                0x0000000008004108                HAL_ADC_Start
 .text.HAL_ADC_ConfigChannel
                0x00000000080042a4      0x2ac ./Drivers/STM32F7xx_HAL_Driver/Src/stm32f7xx_hal_adc.o
                0x00000000080042a4                HAL_ADC_ConfigChannel
 .text.ADC_Init
                0x0000000008004550      0x1f4 ./Drivers/STM32F7xx_HAL_Driver/Src/stm32f7xx_hal_adc.o
 .text.__NVIC_SetPriorityGrouping
                0x0000000008004744       0x48 ./Drivers/STM32F7xx_HAL_Driver/Src/stm32f7xx_hal_cortex.o
 .text.__NVIC_GetPriorityGrouping
                0x000000000800478c       0x1c ./Drivers/STM32F7xx_HAL_Driver/Src/stm32f7xx_hal_cortex.o
 .text.__NVIC_EnableIRQ
                0x00000000080047a8       0x3c ./Drivers/STM32F7xx_HAL_Driver/Src/stm32f7xx_hal_cortex.o
 .text.__NVIC_SetPriority
                0x00000000080047e4       0x54 ./Drivers/STM32F7xx_HAL_Driver/Src/stm32f7xx_hal_cortex.o
 .text.NVIC_EncodePriority
                0x0000000008004838       0x66 ./Drivers/STM32F7xx_HAL_Driver/Src/stm32f7xx_hal_cortex.o
 .text.HAL_NVIC_SetPriorityGrouping
                0x000000000800489e       0x16 ./Drivers/STM32F7xx_HAL_Driver/Src/stm32f7xx_hal_cortex.o
                0x000000000800489e                HAL_NVIC_SetPriorityGrouping
 .text.HAL_NVIC_SetPriority
                0x00000000080048b4       0x38 ./Drivers/STM32F7xx_HAL_Driver/Src/stm32f7xx_hal_cortex.o
                0x00000000080048b4                HAL_NVIC_SetPriority
 .text.HAL_NVIC_EnableIRQ
                0x00000000080048ec       0x1c ./Drivers/STM32F7xx_HAL_Driver/Src/stm32f7xx_hal_cortex.o
                0x00000000080048ec                HAL_NVIC_EnableIRQ
 .text.HAL_DAC_Init
                0x0000000008004908       0x44 ./Drivers/STM32F7xx_HAL_Driver/Src/stm32f7xx_hal_dac.o
                0x0000000008004908                HAL_DAC_Init
 .text.HAL_DAC_IRQHandler
                0x000000000800494c       0xb4 ./Drivers/STM32F7xx_HAL_Driver/Src/stm32f7xx_hal_dac.o
                0x000000000800494c                HAL_DAC_IRQHandler
 .text.HAL_DAC_DMAUnderrunCallbackCh1
                0x0000000008004a00       0x14 ./Drivers/STM32F7xx_HAL_Driver/Src/stm32f7xx_hal_dac.o
                0x0000000008004a00                HAL_DAC_DMAUnderrunCallbackCh1
 .text.HAL_DAC_ConfigChannel
                0x0000000008004a14       0x9e ./Drivers/STM32F7xx_HAL_Driver/Src/stm32f7xx_hal_dac.o
                0x0000000008004a14                HAL_DAC_ConfigChannel
 .text.HAL_DACEx_DMAUnderrunCallbackCh2
                0x0000000008004ab2       0x14 ./Drivers/STM32F7xx_HAL_Driver/Src/stm32f7xx_hal_dac_ex.o
                0x0000000008004ab2                HAL_DACEx_DMAUnderrunCallbackCh2
 *fill*         0x0000000008004ac6        0x2 
 .text.HAL_DMA_Init
                0x0000000008004ac8      0x15c ./Drivers/STM32F7xx_HAL_Driver/Src/stm32f7xx_hal_dma.o
                0x0000000008004ac8                HAL_DMA_Init
 .text.HAL_DMA_DeInit
                0x0000000008004c24       0xbc ./Drivers/STM32F7xx_HAL_Driver/Src/stm32f7xx_hal_dma.o
                0x0000000008004c24                HAL_DMA_DeInit
 .text.HAL_DMA_Abort
                0x0000000008004ce0       0xe0 ./Drivers/STM32F7xx_HAL_Driver/Src/stm32f7xx_hal_dma.o
                0x0000000008004ce0                HAL_DMA_Abort
 .text.HAL_DMA_Abort_IT
                0x0000000008004dc0       0x44 ./Drivers/STM32F7xx_HAL_Driver/Src/stm32f7xx_hal_dma.o
                0x0000000008004dc0                HAL_DMA_Abort_IT
 .text.DMA_CalcBaseAndBitshift
                0x0000000008004e04       0x6c ./Drivers/STM32F7xx_HAL_Driver/Src/stm32f7xx_hal_dma.o
 .text.DMA_CheckFifoParam
                0x0000000008004e70       0xf8 ./Drivers/STM32F7xx_HAL_Driver/Src/stm32f7xx_hal_dma.o
 .text.HAL_DMA2D_Init
                0x0000000008004f68       0x94 ./Drivers/STM32F7xx_HAL_Driver/Src/stm32f7xx_hal_dma2d.o
                0x0000000008004f68                HAL_DMA2D_Init
 .text.HAL_DMA2D_Start
                0x0000000008004ffc       0x56 ./Drivers/STM32F7xx_HAL_Driver/Src/stm32f7xx_hal_dma2d.o
                0x0000000008004ffc                HAL_DMA2D_Start
 .text.HAL_DMA2D_PollForTransfer
                0x0000000008005052      0x1d2 ./Drivers/STM32F7xx_HAL_Driver/Src/stm32f7xx_hal_dma2d.o
                0x0000000008005052                HAL_DMA2D_PollForTransfer
 .text.HAL_DMA2D_IRQHandler
                0x0000000008005224      0x1f8 ./Drivers/STM32F7xx_HAL_Driver/Src/stm32f7xx_hal_dma2d.o
                0x0000000008005224                HAL_DMA2D_IRQHandler
 .text.HAL_DMA2D_LineEventCallback
                0x000000000800541c       0x14 ./Drivers/STM32F7xx_HAL_Driver/Src/stm32f7xx_hal_dma2d.o
                0x000000000800541c                HAL_DMA2D_LineEventCallback
 .text.HAL_DMA2D_CLUTLoadingCpltCallback
                0x0000000008005430       0x14 ./Drivers/STM32F7xx_HAL_Driver/Src/stm32f7xx_hal_dma2d.o
                0x0000000008005430                HAL_DMA2D_CLUTLoadingCpltCallback
 .text.HAL_DMA2D_ConfigLayer
                0x0000000008005444      0x124 ./Drivers/STM32F7xx_HAL_Driver/Src/stm32f7xx_hal_dma2d.o
                0x0000000008005444                HAL_DMA2D_ConfigLayer
 .text.DMA2D_SetConfig
                0x0000000008005568      0x138 ./Drivers/STM32F7xx_HAL_Driver/Src/stm32f7xx_hal_dma2d.o
 .text.HAL_GPIO_Init
                0x00000000080056a0      0x358 ./Drivers/STM32F7xx_HAL_Driver/Src/stm32f7xx_hal_gpio.o
                0x00000000080056a0                HAL_GPIO_Init
 .text.HAL_GPIO_DeInit
                0x00000000080059f8      0x218 ./Drivers/STM32F7xx_HAL_Driver/Src/stm32f7xx_hal_gpio.o
                0x00000000080059f8                HAL_GPIO_DeInit
 .text.HAL_GPIO_WritePin
                0x0000000008005c10       0x32 ./Drivers/STM32F7xx_HAL_Driver/Src/stm32f7xx_hal_gpio.o
                0x0000000008005c10                HAL_GPIO_WritePin
 *fill*         0x0000000008005c42        0x2 
 .text.HAL_GPIO_EXTI_IRQHandler
                0x0000000008005c44       0x30 ./Drivers/STM32F7xx_HAL_Driver/Src/stm32f7xx_hal_gpio.o
                0x0000000008005c44                HAL_GPIO_EXTI_IRQHandler
 .text.HAL_I2C_Init
                0x0000000008005c74      0x120 ./Drivers/STM32F7xx_HAL_Driver/Src/stm32f7xx_hal_i2c.o
                0x0000000008005c74                HAL_I2C_Init
 .text.HAL_I2C_DeInit
                0x0000000008005d94       0x5e ./Drivers/STM32F7xx_HAL_Driver/Src/stm32f7xx_hal_i2c.o
                0x0000000008005d94                HAL_I2C_DeInit
 *fill*         0x0000000008005df2        0x2 
 .text.HAL_I2C_Mem_Write
                0x0000000008005df4      0x228 ./Drivers/STM32F7xx_HAL_Driver/Src/stm32f7xx_hal_i2c.o
                0x0000000008005df4                HAL_I2C_Mem_Write
 .text.HAL_I2C_Mem_Read
                0x000000000800601c      0x234 ./Drivers/STM32F7xx_HAL_Driver/Src/stm32f7xx_hal_i2c.o
                0x000000000800601c                HAL_I2C_Mem_Read
 .text.HAL_I2C_GetState
                0x0000000008006250       0x1c ./Drivers/STM32F7xx_HAL_Driver/Src/stm32f7xx_hal_i2c.o
                0x0000000008006250                HAL_I2C_GetState
 .text.I2C_RequestMemoryWrite
                0x000000000800626c       0xa8 ./Drivers/STM32F7xx_HAL_Driver/Src/stm32f7xx_hal_i2c.o
 .text.I2C_RequestMemoryRead
                0x0000000008006314       0xa8 ./Drivers/STM32F7xx_HAL_Driver/Src/stm32f7xx_hal_i2c.o
 .text.I2C_Flush_TXDR
                0x00000000080063bc       0x48 ./Drivers/STM32F7xx_HAL_Driver/Src/stm32f7xx_hal_i2c.o
 .text.I2C_WaitOnFlagUntilTimeout
                0x0000000008006404       0x80 ./Drivers/STM32F7xx_HAL_Driver/Src/stm32f7xx_hal_i2c.o
 .text.I2C_WaitOnTXISFlagUntilTimeout
                0x0000000008006484       0x80 ./Drivers/STM32F7xx_HAL_Driver/Src/stm32f7xx_hal_i2c.o
 .text.I2C_WaitOnSTOPFlagUntilTimeout
                0x0000000008006504       0x78 ./Drivers/STM32F7xx_HAL_Driver/Src/stm32f7xx_hal_i2c.o
 .text.I2C_IsErrorOccurred
                0x000000000800657c      0x1d8 ./Drivers/STM32F7xx_HAL_Driver/Src/stm32f7xx_hal_i2c.o
 .text.I2C_TransferConfig
                0x0000000008006754       0x64 ./Drivers/STM32F7xx_HAL_Driver/Src/stm32f7xx_hal_i2c.o
 .text.HAL_I2CEx_ConfigAnalogFilter
                0x00000000080067b8       0x96 ./Drivers/STM32F7xx_HAL_Driver/Src/stm32f7xx_hal_i2c_ex.o
                0x00000000080067b8                HAL_I2CEx_ConfigAnalogFilter
 .text.HAL_I2CEx_ConfigDigitalFilter
                0x000000000800684e       0x98 ./Drivers/STM32F7xx_HAL_Driver/Src/stm32f7xx_hal_i2c_ex.o
                0x000000000800684e                HAL_I2CEx_ConfigDigitalFilter
 *fill*         0x00000000080068e6        0x2 
 .text.HAL_LTDC_Init
                0x00000000080068e8      0x1a0 ./Drivers/STM32F7xx_HAL_Driver/Src/stm32f7xx_hal_ltdc.o
                0x00000000080068e8                HAL_LTDC_Init
 .text.HAL_LTDC_IRQHandler
                0x0000000008006a88      0x148 ./Drivers/STM32F7xx_HAL_Driver/Src/stm32f7xx_hal_ltdc.o
                0x0000000008006a88                HAL_LTDC_IRQHandler
 .text.HAL_LTDC_ErrorCallback
                0x0000000008006bd0       0x14 ./Drivers/STM32F7xx_HAL_Driver/Src/stm32f7xx_hal_ltdc.o
                0x0000000008006bd0                HAL_LTDC_ErrorCallback
 .text.HAL_LTDC_LineEventCallback
                0x0000000008006be4       0x14 ./Drivers/STM32F7xx_HAL_Driver/Src/stm32f7xx_hal_ltdc.o
                0x0000000008006be4                HAL_LTDC_LineEventCallback
 .text.HAL_LTDC_ReloadEventCallback
                0x0000000008006bf8       0x14 ./Drivers/STM32F7xx_HAL_Driver/Src/stm32f7xx_hal_ltdc.o
                0x0000000008006bf8                HAL_LTDC_ReloadEventCallback
 .text.HAL_LTDC_ConfigLayer
                0x0000000008006c0c       0x7c ./Drivers/STM32F7xx_HAL_Driver/Src/stm32f7xx_hal_ltdc.o
                0x0000000008006c0c                HAL_LTDC_ConfigLayer
 .text.HAL_LTDC_GetState
                0x0000000008006c88       0x1c ./Drivers/STM32F7xx_HAL_Driver/Src/stm32f7xx_hal_ltdc.o
                0x0000000008006c88                HAL_LTDC_GetState
 .text.LTDC_SetConfig
                0x0000000008006ca4      0x334 ./Drivers/STM32F7xx_HAL_Driver/Src/stm32f7xx_hal_ltdc.o
 .text.HAL_PWR_EnableBkUpAccess
                0x0000000008006fd8       0x20 ./Drivers/STM32F7xx_HAL_Driver/Src/stm32f7xx_hal_pwr.o
                0x0000000008006fd8                HAL_PWR_EnableBkUpAccess
 .text.HAL_PWREx_EnableOverDrive
                0x0000000008006ff8       0xa0 ./Drivers/STM32F7xx_HAL_Driver/Src/stm32f7xx_hal_pwr_ex.o
                0x0000000008006ff8                HAL_PWREx_EnableOverDrive
 .text.HAL_RCC_OscConfig
                0x0000000008007098      0x548 ./Drivers/STM32F7xx_HAL_Driver/Src/stm32f7xx_hal_rcc.o
                0x0000000008007098                HAL_RCC_OscConfig
 .text.HAL_RCC_ClockConfig
                0x00000000080075e0      0x1d8 ./Drivers/STM32F7xx_HAL_Driver/Src/stm32f7xx_hal_rcc.o
                0x00000000080075e0                HAL_RCC_ClockConfig
 .text.HAL_RCC_GetSysClockFreq
                0x00000000080077b8      0x16c ./Drivers/STM32F7xx_HAL_Driver/Src/stm32f7xx_hal_rcc.o
                0x00000000080077b8                HAL_RCC_GetSysClockFreq
 .text.HAL_RCC_GetHCLKFreq
                0x0000000008007924       0x18 ./Drivers/STM32F7xx_HAL_Driver/Src/stm32f7xx_hal_rcc.o
                0x0000000008007924                HAL_RCC_GetHCLKFreq
 .text.HAL_RCC_GetPCLK1Freq
                0x000000000800793c       0x28 ./Drivers/STM32F7xx_HAL_Driver/Src/stm32f7xx_hal_rcc.o
                0x000000000800793c                HAL_RCC_GetPCLK1Freq
 .text.HAL_RCC_GetPCLK2Freq
                0x0000000008007964       0x28 ./Drivers/STM32F7xx_HAL_Driver/Src/stm32f7xx_hal_rcc.o
                0x0000000008007964                HAL_RCC_GetPCLK2Freq
 .text.HAL_RCC_GetClockConfig
                0x000000000800798c       0x64 ./Drivers/STM32F7xx_HAL_Driver/Src/stm32f7xx_hal_rcc.o
                0x000000000800798c                HAL_RCC_GetClockConfig
 .text.HAL_RCCEx_PeriphCLKConfig
                0x00000000080079f0      0x7e0 ./Drivers/STM32F7xx_HAL_Driver/Src/stm32f7xx_hal_rcc_ex.o
                0x00000000080079f0                HAL_RCCEx_PeriphCLKConfig
 .text.HAL_RTC_Init
                0x00000000080081d0      0x124 ./Drivers/STM32F7xx_HAL_Driver/Src/stm32f7xx_hal_rtc.o
                0x00000000080081d0                HAL_RTC_Init
 .text.HAL_RTC_SetTime
                0x00000000080082f4      0x17c ./Drivers/STM32F7xx_HAL_Driver/Src/stm32f7xx_hal_rtc.o
                0x00000000080082f4                HAL_RTC_SetTime
 .text.HAL_RTC_SetDate
                0x0000000008008470      0x150 ./Drivers/STM32F7xx_HAL_Driver/Src/stm32f7xx_hal_rtc.o
                0x0000000008008470                HAL_RTC_SetDate
 .text.HAL_RTC_SetAlarm
                0x00000000080085c0      0x230 ./Drivers/STM32F7xx_HAL_Driver/Src/stm32f7xx_hal_rtc.o
                0x00000000080085c0                HAL_RTC_SetAlarm
 .text.HAL_RTC_WaitForSynchro
                0x00000000080087f0       0x50 ./Drivers/STM32F7xx_HAL_Driver/Src/stm32f7xx_hal_rtc.o
                0x00000000080087f0                HAL_RTC_WaitForSynchro
 .text.RTC_EnterInitMode
                0x0000000008008840       0x58 ./Drivers/STM32F7xx_HAL_Driver/Src/stm32f7xx_hal_rtc.o
                0x0000000008008840                RTC_EnterInitMode
 .text.RTC_ByteToBcd2
                0x0000000008008898       0x3c ./Drivers/STM32F7xx_HAL_Driver/Src/stm32f7xx_hal_rtc.o
                0x0000000008008898                RTC_ByteToBcd2
 .text.HAL_RTCEx_SetTimeStamp
                0x00000000080088d4       0xac ./Drivers/STM32F7xx_HAL_Driver/Src/stm32f7xx_hal_rtc_ex.o
                0x00000000080088d4                HAL_RTCEx_SetTimeStamp
 .text.HAL_SDRAM_Init
                0x0000000008008980       0x68 ./Drivers/STM32F7xx_HAL_Driver/Src/stm32f7xx_hal_sdram.o
                0x0000000008008980                HAL_SDRAM_Init
 .text.HAL_SDRAM_SendCommand
                0x00000000080089e8       0x6a ./Drivers/STM32F7xx_HAL_Driver/Src/stm32f7xx_hal_sdram.o
                0x00000000080089e8                HAL_SDRAM_SendCommand
 .text.HAL_SDRAM_ProgramRefreshRate
                0x0000000008008a52       0x50 ./Drivers/STM32F7xx_HAL_Driver/Src/stm32f7xx_hal_sdram.o
                0x0000000008008a52                HAL_SDRAM_ProgramRefreshRate
 .text.HAL_SPI_Init
                0x0000000008008aa2      0x156 ./Drivers/STM32F7xx_HAL_Driver/Src/stm32f7xx_hal_spi.o
                0x0000000008008aa2                HAL_SPI_Init
 .text.HAL_TIM_Base_Init
                0x0000000008008bf8       0xae ./Drivers/STM32F7xx_HAL_Driver/Src/stm32f7xx_hal_tim.o
                0x0000000008008bf8                HAL_TIM_Base_Init
 *fill*         0x0000000008008ca6        0x2 
 .text.HAL_TIM_Base_Start_IT
                0x0000000008008ca8       0xf0 ./Drivers/STM32F7xx_HAL_Driver/Src/stm32f7xx_hal_tim.o
                0x0000000008008ca8                HAL_TIM_Base_Start_IT
 .text.HAL_TIM_IRQHandler
                0x0000000008008d98      0x23e ./Drivers/STM32F7xx_HAL_Driver/Src/stm32f7xx_hal_tim.o
                0x0000000008008d98                HAL_TIM_IRQHandler
 *fill*         0x0000000008008fd6        0x2 
 .text.HAL_TIM_ConfigClockSource
                0x0000000008008fd8      0x194 ./Drivers/STM32F7xx_HAL_Driver/Src/stm32f7xx_hal_tim.o
                0x0000000008008fd8                HAL_TIM_ConfigClockSource
 .text.HAL_TIM_OC_DelayElapsedCallback
                0x000000000800916c       0x14 ./Drivers/STM32F7xx_HAL_Driver/Src/stm32f7xx_hal_tim.o
                0x000000000800916c                HAL_TIM_OC_DelayElapsedCallback
 .text.HAL_TIM_IC_CaptureCallback
                0x0000000008009180       0x14 ./Drivers/STM32F7xx_HAL_Driver/Src/stm32f7xx_hal_tim.o
                0x0000000008009180                HAL_TIM_IC_CaptureCallback
 .text.HAL_TIM_PWM_PulseFinishedCallback
                0x0000000008009194       0x14 ./Drivers/STM32F7xx_HAL_Driver/Src/stm32f7xx_hal_tim.o
                0x0000000008009194                HAL_TIM_PWM_PulseFinishedCallback
 .text.HAL_TIM_TriggerCallback
                0x00000000080091a8       0x14 ./Drivers/STM32F7xx_HAL_Driver/Src/stm32f7xx_hal_tim.o
                0x00000000080091a8                HAL_TIM_TriggerCallback
 .text.TIM_Base_SetConfig
                0x00000000080091bc      0x140 ./Drivers/STM32F7xx_HAL_Driver/Src/stm32f7xx_hal_tim.o
                0x00000000080091bc                TIM_Base_SetConfig
 .text.TIM_TI1_ConfigInputStage
                0x00000000080092fc       0x5e ./Drivers/STM32F7xx_HAL_Driver/Src/stm32f7xx_hal_tim.o
 .text.TIM_TI2_ConfigInputStage
                0x000000000800935a       0x60 ./Drivers/STM32F7xx_HAL_Driver/Src/stm32f7xx_hal_tim.o
 .text.TIM_ITRx_SetConfig
                0x00000000080093ba       0x36 ./Drivers/STM32F7xx_HAL_Driver/Src/stm32f7xx_hal_tim.o
 .text.TIM_ETR_SetConfig
                0x00000000080093f0       0x40 ./Drivers/STM32F7xx_HAL_Driver/Src/stm32f7xx_hal_tim.o
                0x00000000080093f0                TIM_ETR_SetConfig
 .text.HAL_TIMEx_MasterConfigSynchronization
                0x0000000008009430      0x11c ./Drivers/STM32F7xx_HAL_Driver/Src/stm32f7xx_hal_tim_ex.o
                0x0000000008009430                HAL_TIMEx_MasterConfigSynchronization
 .text.HAL_TIMEx_CommutCallback
                0x000000000800954c       0x14 ./Drivers/STM32F7xx_HAL_Driver/Src/stm32f7xx_hal_tim_ex.o
                0x000000000800954c                HAL_TIMEx_CommutCallback
 .text.HAL_TIMEx_BreakCallback
                0x0000000008009560       0x14 ./Drivers/STM32F7xx_HAL_Driver/Src/stm32f7xx_hal_tim_ex.o
                0x0000000008009560                HAL_TIMEx_BreakCallback
 .text.HAL_TIMEx_Break2Callback
                0x0000000008009574       0x14 ./Drivers/STM32F7xx_HAL_Driver/Src/stm32f7xx_hal_tim_ex.o
                0x0000000008009574                HAL_TIMEx_Break2Callback
 .text.HAL_UART_Init
                0x0000000008009588       0x9c ./Drivers/STM32F7xx_HAL_Driver/Src/stm32f7xx_hal_uart.o
                0x0000000008009588                HAL_UART_Init
 .text.HAL_UART_IRQHandler
                0x0000000008009624      0x594 ./Drivers/STM32F7xx_HAL_Driver/Src/stm32f7xx_hal_uart.o
                0x0000000008009624                HAL_UART_IRQHandler
 .text.HAL_UART_TxCpltCallback
                0x0000000008009bb8       0x14 ./Drivers/STM32F7xx_HAL_Driver/Src/stm32f7xx_hal_uart.o
                0x0000000008009bb8                HAL_UART_TxCpltCallback
 .text.HAL_UART_ErrorCallback
                0x0000000008009bcc       0x14 ./Drivers/STM32F7xx_HAL_Driver/Src/stm32f7xx_hal_uart.o
                0x0000000008009bcc                HAL_UART_ErrorCallback
 .text.HAL_UARTEx_RxEventCallback
                0x0000000008009be0       0x18 ./Drivers/STM32F7xx_HAL_Driver/Src/stm32f7xx_hal_uart.o
                0x0000000008009be0                HAL_UARTEx_RxEventCallback
 .text.UART_SetConfig
                0x0000000008009bf8      0x4c4 ./Drivers/STM32F7xx_HAL_Driver/Src/stm32f7xx_hal_uart.o
                0x0000000008009bf8                UART_SetConfig
 .text.UART_AdvFeatureConfig
                0x000000000800a0bc      0x144 ./Drivers/STM32F7xx_HAL_Driver/Src/stm32f7xx_hal_uart.o
                0x000000000800a0bc                UART_AdvFeatureConfig
 .text.UART_CheckIdleState
                0x000000000800a200       0x66 ./Drivers/STM32F7xx_HAL_Driver/Src/stm32f7xx_hal_uart.o
                0x000000000800a200                UART_CheckIdleState
 .text.UART_WaitOnFlagUntilTimeout
                0x000000000800a266      0x188 ./Drivers/STM32F7xx_HAL_Driver/Src/stm32f7xx_hal_uart.o
                0x000000000800a266                UART_WaitOnFlagUntilTimeout
 .text.UART_EndRxTransfer
                0x000000000800a3ee       0xc6 ./Drivers/STM32F7xx_HAL_Driver/Src/stm32f7xx_hal_uart.o
 .text.UART_DMAAbortOnError
                0x000000000800a4b4       0x2c ./Drivers/STM32F7xx_HAL_Driver/Src/stm32f7xx_hal_uart.o
 .text.UART_EndTransmit_IT
                0x000000000800a4e0       0x54 ./Drivers/STM32F7xx_HAL_Driver/Src/stm32f7xx_hal_uart.o
 .text.FMC_SDRAM_Init
                0x000000000800a534       0xb8 ./Drivers/STM32F7xx_HAL_Driver/Src/stm32f7xx_ll_fmc.o
                0x000000000800a534                FMC_SDRAM_Init
 .text.FMC_SDRAM_Timing_Init
                0x000000000800a5ec       0xd4 ./Drivers/STM32F7xx_HAL_Driver/Src/stm32f7xx_ll_fmc.o
                0x000000000800a5ec                FMC_SDRAM_Timing_Init
 .text.FMC_SDRAM_SendCommand
                0x000000000800a6c0       0x48 ./Drivers/STM32F7xx_HAL_Driver/Src/stm32f7xx_ll_fmc.o
                0x000000000800a6c0                FMC_SDRAM_SendCommand
 .text.FMC_SDRAM_ProgramRefreshRate
                0x000000000800a708       0x30 ./Drivers/STM32F7xx_HAL_Driver/Src/stm32f7xx_ll_fmc.o
                0x000000000800a708                FMC_SDRAM_ProgramRefreshRate
 .text.makeFreeRtosPriority
                0x000000000800a738       0x30 ./Middlewares/Third_Party/FreeRTOS/Source/CMSIS_RTOS/cmsis_os.o
 .text.osKernelStart
                0x000000000800a768        0xe ./Middlewares/Third_Party/FreeRTOS/Source/CMSIS_RTOS/cmsis_os.o
                0x000000000800a768                osKernelStart
 .text.osThreadCreate
                0x000000000800a776       0x98 ./Middlewares/Third_Party/FreeRTOS/Source/CMSIS_RTOS/cmsis_os.o
                0x000000000800a776                osThreadCreate
 .text.osDelay  0x000000000800a80e       0x28 ./Middlewares/Third_Party/FreeRTOS/Source/CMSIS_RTOS/cmsis_os.o
                0x000000000800a80e                osDelay
 .text.vListInitialise
                0x000000000800a836       0x40 ./Middlewares/Third_Party/FreeRTOS/Source/list.o
                0x000000000800a836                vListInitialise
 .text.vListInitialiseItem
                0x000000000800a876       0x1a ./Middlewares/Third_Party/FreeRTOS/Source/list.o
                0x000000000800a876                vListInitialiseItem
 .text.vListInsertEnd
                0x000000000800a890       0x48 ./Middlewares/Third_Party/FreeRTOS/Source/list.o
                0x000000000800a890                vListInsertEnd
 .text.vListInsert
                0x000000000800a8d8       0x72 ./Middlewares/Third_Party/FreeRTOS/Source/list.o
                0x000000000800a8d8                vListInsert
 .text.uxListRemove
                0x000000000800a94a       0x54 ./Middlewares/Third_Party/FreeRTOS/Source/list.o
                0x000000000800a94a                uxListRemove
 *fill*         0x000000000800a99e        0x2 
 .text.xQueueGenericReset
                0x000000000800a9a0       0xd4 ./Middlewares/Third_Party/FreeRTOS/Source/queue.o
                0x000000000800a9a0                xQueueGenericReset
 .text.xQueueGenericCreate
                0x000000000800aa74       0x84 ./Middlewares/Third_Party/FreeRTOS/Source/queue.o
                0x000000000800aa74                xQueueGenericCreate
 .text.prvInitialiseNewQueue
                0x000000000800aaf8       0x3e ./Middlewares/Third_Party/FreeRTOS/Source/queue.o
 .text.prvInitialiseMutex
                0x000000000800ab36       0x34 ./Middlewares/Third_Party/FreeRTOS/Source/queue.o
 .text.xQueueCreateMutex
                0x000000000800ab6a       0x30 ./Middlewares/Third_Party/FreeRTOS/Source/queue.o
                0x000000000800ab6a                xQueueCreateMutex
 *fill*         0x000000000800ab9a        0x2 
 .text.xQueueGenericSend
                0x000000000800ab9c      0x20c ./Middlewares/Third_Party/FreeRTOS/Source/queue.o
                0x000000000800ab9c                xQueueGenericSend
 .text.xQueueSemaphoreTake
                0x000000000800ada8      0x228 ./Middlewares/Third_Party/FreeRTOS/Source/queue.o
                0x000000000800ada8                xQueueSemaphoreTake
 .text.prvGetDisinheritPriorityAfterTimeout
                0x000000000800afd0       0x30 ./Middlewares/Third_Party/FreeRTOS/Source/queue.o
 .text.prvCopyDataToQueue
                0x000000000800b000       0xd4 ./Middlewares/Third_Party/FreeRTOS/Source/queue.o
 .text.prvUnlockQueue
                0x000000000800b0d4       0xa4 ./Middlewares/Third_Party/FreeRTOS/Source/queue.o
 .text.prvIsQueueEmpty
                0x000000000800b178       0x2c ./Middlewares/Third_Party/FreeRTOS/Source/queue.o
 .text.prvIsQueueFull
                0x000000000800b1a4       0x30 ./Middlewares/Third_Party/FreeRTOS/Source/queue.o
 .text.xTaskCreateStatic
                0x000000000800b1d4       0xc6 ./Middlewares/Third_Party/FreeRTOS/Source/tasks.o
                0x000000000800b1d4                xTaskCreateStatic
 .text.xTaskCreate
                0x000000000800b29a       0x8a ./Middlewares/Third_Party/FreeRTOS/Source/tasks.o
                0x000000000800b29a                xTaskCreate
 .text.prvInitialiseNewTask
                0x000000000800b324      0x140 ./Middlewares/Third_Party/FreeRTOS/Source/tasks.o
 .text.prvAddNewTaskToReadyList
                0x000000000800b464       0xd4 ./Middlewares/Third_Party/FreeRTOS/Source/tasks.o
 .text.vTaskDelete
                0x000000000800b538      0x124 ./Middlewares/Third_Party/FreeRTOS/Source/tasks.o
                0x000000000800b538                vTaskDelete
 .text.vTaskDelayUntil
                0x000000000800b65c      0x108 ./Middlewares/Third_Party/FreeRTOS/Source/tasks.o
                0x000000000800b65c                vTaskDelayUntil
 .text.vTaskDelay
                0x000000000800b764       0x6c ./Middlewares/Third_Party/FreeRTOS/Source/tasks.o
                0x000000000800b764                vTaskDelay
 .text.vTaskStartScheduler
                0x000000000800b7d0       0xdc ./Middlewares/Third_Party/FreeRTOS/Source/tasks.o
                0x000000000800b7d0                vTaskStartScheduler
 .text.vTaskSuspendAll
                0x000000000800b8ac       0x1c ./Middlewares/Third_Party/FreeRTOS/Source/tasks.o
                0x000000000800b8ac                vTaskSuspendAll
 .text.xTaskResumeAll
                0x000000000800b8c8      0x13c ./Middlewares/Third_Party/FreeRTOS/Source/tasks.o
                0x000000000800b8c8                xTaskResumeAll
 .text.xTaskIncrementTick
                0x000000000800ba04      0x174 ./Middlewares/Third_Party/FreeRTOS/Source/tasks.o
                0x000000000800ba04                xTaskIncrementTick
 .text.vTaskSwitchContext
                0x000000000800bb78       0xc8 ./Middlewares/Third_Party/FreeRTOS/Source/tasks.o
                0x000000000800bb78                vTaskSwitchContext
 .text.vTaskPlaceOnEventList
                0x000000000800bc40       0x4c ./Middlewares/Third_Party/FreeRTOS/Source/tasks.o
                0x000000000800bc40                vTaskPlaceOnEventList
 .text.xTaskRemoveFromEventList
                0x000000000800bc8c       0xc8 ./Middlewares/Third_Party/FreeRTOS/Source/tasks.o
                0x000000000800bc8c                xTaskRemoveFromEventList
 .text.vTaskInternalSetTimeOutState
                0x000000000800bd54       0x2c ./Middlewares/Third_Party/FreeRTOS/Source/tasks.o
                0x000000000800bd54                vTaskInternalSetTimeOutState
 .text.xTaskCheckForTimeOut
                0x000000000800bd80       0xcc ./Middlewares/Third_Party/FreeRTOS/Source/tasks.o
                0x000000000800bd80                xTaskCheckForTimeOut
 .text.vTaskMissedYield
                0x000000000800be4c       0x18 ./Middlewares/Third_Party/FreeRTOS/Source/tasks.o
                0x000000000800be4c                vTaskMissedYield
 .text.prvIdleTask
                0x000000000800be64       0x30 ./Middlewares/Third_Party/FreeRTOS/Source/tasks.o
 .text.prvInitialiseTaskLists
                0x000000000800be94       0x80 ./Middlewares/Third_Party/FreeRTOS/Source/tasks.o
 .text.prvCheckTasksWaitingTermination
                0x000000000800bf14       0x5c ./Middlewares/Third_Party/FreeRTOS/Source/tasks.o
 .text.prvDeleteTCB
                0x000000000800bf70       0x6c ./Middlewares/Third_Party/FreeRTOS/Source/tasks.o
 .text.prvResetNextTaskUnblockTime
                0x000000000800bfdc       0x40 ./Middlewares/Third_Party/FreeRTOS/Source/tasks.o
 .text.xTaskGetSchedulerState
                0x000000000800c01c       0x3c ./Middlewares/Third_Party/FreeRTOS/Source/tasks.o
                0x000000000800c01c                xTaskGetSchedulerState
 .text.xTaskPriorityInherit
                0x000000000800c058      0x100 ./Middlewares/Third_Party/FreeRTOS/Source/tasks.o
                0x000000000800c058                xTaskPriorityInherit
 .text.xTaskPriorityDisinherit
                0x000000000800c158      0x114 ./Middlewares/Third_Party/FreeRTOS/Source/tasks.o
                0x000000000800c158                xTaskPriorityDisinherit
 .text.vTaskPriorityDisinheritAfterTimeout
                0x000000000800c26c      0x13c ./Middlewares/Third_Party/FreeRTOS/Source/tasks.o
                0x000000000800c26c                vTaskPriorityDisinheritAfterTimeout
 .text.pvTaskIncrementMutexHeldCount
                0x000000000800c3a8       0x28 ./Middlewares/Third_Party/FreeRTOS/Source/tasks.o
                0x000000000800c3a8                pvTaskIncrementMutexHeldCount
 .text.prvAddCurrentTaskToDelayedList
                0x000000000800c3d0       0xcc ./Middlewares/Third_Party/FreeRTOS/Source/tasks.o
 .text.pxPortInitialiseStack
                0x000000000800c49c       0x68 ./Middlewares/Third_Party/FreeRTOS/Source/portable/GCC/ARM_CM7/r0p1/port.o
                0x000000000800c49c                pxPortInitialiseStack
 .text.prvTaskExitError
                0x000000000800c504       0x60 ./Middlewares/Third_Party/FreeRTOS/Source/portable/GCC/ARM_CM7/r0p1/port.o
 *fill*         0x000000000800c564        0xc 
 .text.SVC_Handler
                0x000000000800c570       0x28 ./Middlewares/Third_Party/FreeRTOS/Source/portable/GCC/ARM_CM7/r0p1/port.o
                0x000000000800c570                SVC_Handler
 .text.prvPortStartFirstTask
                0x000000000800c598       0x28 ./Middlewares/Third_Party/FreeRTOS/Source/portable/GCC/ARM_CM7/r0p1/port.o
 .text.xPortStartScheduler
                0x000000000800c5c0       0xfc ./Middlewares/Third_Party/FreeRTOS/Source/portable/GCC/ARM_CM7/r0p1/port.o
                0x000000000800c5c0                xPortStartScheduler
 .text.vPortEnterCritical
                0x000000000800c6bc       0x68 ./Middlewares/Third_Party/FreeRTOS/Source/portable/GCC/ARM_CM7/r0p1/port.o
                0x000000000800c6bc                vPortEnterCritical
 .text.vPortExitCritical
                0x000000000800c724       0x58 ./Middlewares/Third_Party/FreeRTOS/Source/portable/GCC/ARM_CM7/r0p1/port.o
                0x000000000800c724                vPortExitCritical
 *fill*         0x000000000800c77c        0x4 
 .text.PendSV_Handler
                0x000000000800c780       0x68 ./Middlewares/Third_Party/FreeRTOS/Source/portable/GCC/ARM_CM7/r0p1/port.o
                0x000000000800c780                PendSV_Handler
 .text.SysTick_Handler
                0x000000000800c7e8       0x48 ./Middlewares/Third_Party/FreeRTOS/Source/portable/GCC/ARM_CM7/r0p1/port.o
                0x000000000800c7e8                SysTick_Handler
 .text.vPortSetupTimerInterrupt
                0x000000000800c830       0x48 ./Middlewares/Third_Party/FreeRTOS/Source/portable/GCC/ARM_CM7/r0p1/port.o
                0x000000000800c830                vPortSetupTimerInterrupt
 .text.vPortEnableVFP
                0x000000000800c878       0x14 ./Middlewares/Third_Party/FreeRTOS/Source/portable/GCC/ARM_CM7/r0p1/port.o
 .text.pvPortMalloc
                0x000000000800c88c      0x194 ./Middlewares/Third_Party/FreeRTOS/Source/portable/MemMang/heap_4.o
                0x000000000800c88c                pvPortMalloc
 .text.vPortFree
                0x000000000800ca20       0xbc ./Middlewares/Third_Party/FreeRTOS/Source/portable/MemMang/heap_4.o
                0x000000000800ca20                vPortFree
 .text.prvHeapInit
                0x000000000800cadc       0xc4 ./Middlewares/Third_Party/FreeRTOS/Source/portable/MemMang/heap_4.o
 .text.prvInsertBlockIntoFreeList
                0x000000000800cba0       0xb4 ./Middlewares/Third_Party/FreeRTOS/Source/portable/MemMang/heap_4.o
 .text.__libc_init_array
                0x000000000800cc54       0x48 c:/st/stm32cubeide_1.8.0/stm32cubeide/plugins/com.st.stm32cube.ide.mcu.externaltools.gnu-tools-for-stm32.9-2020-q2-update.win32_2.0.0.202105311346/tools/bin/../lib/gcc/arm-none-eabi/9.3.1/../../../../arm-none-eabi/lib/thumb/v7e-m+fp/hard\libc_nano.a(lib_a-init.o)
                0x000000000800cc54                __libc_init_array
 .text.__retarget_lock_acquire_recursive
                0x000000000800cc9c        0x2 c:/st/stm32cubeide_1.8.0/stm32cubeide/plugins/com.st.stm32cube.ide.mcu.externaltools.gnu-tools-for-stm32.9-2020-q2-update.win32_2.0.0.202105311346/tools/bin/../lib/gcc/arm-none-eabi/9.3.1/../../../../arm-none-eabi/lib/thumb/v7e-m+fp/hard\libc_nano.a(lib_a-lock.o)
                0x000000000800cc9c                __retarget_lock_acquire_recursive
 .text.__retarget_lock_release_recursive
                0x000000000800cc9e        0x2 c:/st/stm32cubeide_1.8.0/stm32cubeide/plugins/com.st.stm32cube.ide.mcu.externaltools.gnu-tools-for-stm32.9-2020-q2-update.win32_2.0.0.202105311346/tools/bin/../lib/gcc/arm-none-eabi/9.3.1/../../../../arm-none-eabi/lib/thumb/v7e-m+fp/hard\libc_nano.a(lib_a-lock.o)
                0x000000000800cc9e                __retarget_lock_release_recursive
 .text.memcpy   0x000000000800cca0       0x1c c:/st/stm32cubeide_1.8.0/stm32cubeide/plugins/com.st.stm32cube.ide.mcu.externaltools.gnu-tools-for-stm32.9-2020-q2-update.win32_2.0.0.202105311346/tools/bin/../lib/gcc/arm-none-eabi/9.3.1/../../../../arm-none-eabi/lib/thumb/v7e-m+fp/hard\libc_nano.a(lib_a-memcpy-stub.o)
                0x000000000800cca0                memcpy
 .text.memset   0x000000000800ccbc       0x10 c:/st/stm32cubeide_1.8.0/stm32cubeide/plugins/com.st.stm32cube.ide.mcu.externaltools.gnu-tools-for-stm32.9-2020-q2-update.win32_2.0.0.202105311346/tools/bin/../lib/gcc/arm-none-eabi/9.3.1/../../../../arm-none-eabi/lib/thumb/v7e-m+fp/hard\libc_nano.a(lib_a-memset.o)
                0x000000000800ccbc                memset
 .text.cleanup_glue
                0x000000000800cccc       0x1a c:/st/stm32cubeide_1.8.0/stm32cubeide/plugins/com.st.stm32cube.ide.mcu.externaltools.gnu-tools-for-stm32.9-2020-q2-update.win32_2.0.0.202105311346/tools/bin/../lib/gcc/arm-none-eabi/9.3.1/../../../../arm-none-eabi/lib/thumb/v7e-m+fp/hard\libc_nano.a(lib_a-reent.o)
                0x000000000800cccc                cleanup_glue
 *fill*         0x000000000800cce6        0x2 
 .text._reclaim_reent
                0x000000000800cce8       0xb8 c:/st/stm32cubeide_1.8.0/stm32cubeide/plugins/com.st.stm32cube.ide.mcu.externaltools.gnu-tools-for-stm32.9-2020-q2-update.win32_2.0.0.202105311346/tools/bin/../lib/gcc/arm-none-eabi/9.3.1/../../../../arm-none-eabi/lib/thumb/v7e-m+fp/hard\libc_nano.a(lib_a-reent.o)
                0x000000000800cce8                _reclaim_reent
 .text.__malloc_lock
                0x000000000800cda0        0xc c:/st/stm32cubeide_1.8.0/stm32cubeide/plugins/com.st.stm32cube.ide.mcu.externaltools.gnu-tools-for-stm32.9-2020-q2-update.win32_2.0.0.202105311346/tools/bin/../lib/gcc/arm-none-eabi/9.3.1/../../../../arm-none-eabi/lib/thumb/v7e-m+fp/hard\libc_nano.a(lib_a-mlock.o)
                0x000000000800cda0                __malloc_lock
 .text.__malloc_unlock
                0x000000000800cdac        0xc c:/st/stm32cubeide_1.8.0/stm32cubeide/plugins/com.st.stm32cube.ide.mcu.externaltools.gnu-tools-for-stm32.9-2020-q2-update.win32_2.0.0.202105311346/tools/bin/../lib/gcc/arm-none-eabi/9.3.1/../../../../arm-none-eabi/lib/thumb/v7e-m+fp/hard\libc_nano.a(lib_a-mlock.o)
                0x000000000800cdac                __malloc_unlock
 .text._free_r  0x000000000800cdb8       0xa0 c:/st/stm32cubeide_1.8.0/stm32cubeide/plugins/com.st.stm32cube.ide.mcu.externaltools.gnu-tools-for-stm32.9-2020-q2-update.win32_2.0.0.202105311346/tools/bin/../lib/gcc/arm-none-eabi/9.3.1/../../../../arm-none-eabi/lib/thumb/v7e-m+fp/hard\libc_nano.a(lib_a-nano-freer.o)
                0x000000000800cdb8                _free_r
 *(.glue_7)
 .glue_7        0x000000000800ce58        0x0 linker stubs
 *(.glue_7t)
 .glue_7t       0x000000000800ce58        0x0 linker stubs
 *(.eh_frame)
 .eh_frame      0x000000000800ce58        0x0 c:/st/stm32cubeide_1.8.0/stm32cubeide/plugins/com.st.stm32cube.ide.mcu.externaltools.gnu-tools-for-stm32.9-2020-q2-update.win32_2.0.0.202105311346/tools/bin/../lib/gcc/arm-none-eabi/9.3.1/thumb/v7e-m+fp/hard/crtbegin.o
 *(.init)
 .init          0x000000000800ce58        0x4 c:/st/stm32cubeide_1.8.0/stm32cubeide/plugins/com.st.stm32cube.ide.mcu.externaltools.gnu-tools-for-stm32.9-2020-q2-update.win32_2.0.0.202105311346/tools/bin/../lib/gcc/arm-none-eabi/9.3.1/thumb/v7e-m+fp/hard/crti.o
                0x000000000800ce58                _init
 .init          0x000000000800ce5c        0x8 c:/st/stm32cubeide_1.8.0/stm32cubeide/plugins/com.st.stm32cube.ide.mcu.externaltools.gnu-tools-for-stm32.9-2020-q2-update.win32_2.0.0.202105311346/tools/bin/../lib/gcc/arm-none-eabi/9.3.1/thumb/v7e-m+fp/hard/crtn.o
 *(.fini)
 .fini          0x000000000800ce64        0x4 c:/st/stm32cubeide_1.8.0/stm32cubeide/plugins/com.st.stm32cube.ide.mcu.externaltools.gnu-tools-for-stm32.9-2020-q2-update.win32_2.0.0.202105311346/tools/bin/../lib/gcc/arm-none-eabi/9.3.1/thumb/v7e-m+fp/hard/crti.o
                0x000000000800ce64                _fini
 .fini          0x000000000800ce68        0x8 c:/st/stm32cubeide_1.8.0/stm32cubeide/plugins/com.st.stm32cube.ide.mcu.externaltools.gnu-tools-for-stm32.9-2020-q2-update.win32_2.0.0.202105311346/tools/bin/../lib/gcc/arm-none-eabi/9.3.1/thumb/v7e-m+fp/hard/crtn.o
                0x000000000800ce70                . = ALIGN (0x4)
                0x000000000800ce70                _etext = .

.vfp11_veneer   0x000000000800ce70        0x0
 .vfp11_veneer  0x000000000800ce70        0x0 linker stubs

.v4_bx          0x000000000800ce70        0x0
 .v4_bx         0x000000000800ce70        0x0 linker stubs

.iplt           0x000000000800ce70        0x0
 .iplt          0x000000000800ce70        0x0 c:/st/stm32cubeide_1.8.0/stm32cubeide/plugins/com.st.stm32cube.ide.mcu.externaltools.gnu-tools-for-stm32.9-2020-q2-update.win32_2.0.0.202105311346/tools/bin/../lib/gcc/arm-none-eabi/9.3.1/thumb/v7e-m+fp/hard/crtbegin.o

.rodata         0x000000000800ce70    0x26274
                0x000000000800ce70                . = ALIGN (0x4)
 *(.rodata)
 .rodata        0x000000000800ce70       0x78 ./Core/Src/main.o
 .rodata        0x000000000800cee8        0x5 ./Middlewares/Third_Party/FreeRTOS/Source/tasks.o
 *(.rodata*)
 *fill*         0x000000000800ceed        0x3 
 .rodata.damier_bmp
                0x000000000800cef0    0x24246 ./Core/Src/main.o
                0x000000000800cef0                damier_bmp
 *fill*         0x0000000008031136        0x2 
 .rodata.Font24_Table
                0x0000000008031138     0x1ab8 ./Core/Src/stm32746g_discovery_lcd.o
                0x0000000008031138                Font24_Table
 .rodata.Font12_Table
                0x0000000008032bf0      0x474 ./Core/Src/stm32746g_discovery_lcd.o
                0x0000000008032bf0                Font12_Table
 .rodata.AHBPrescTable
                0x0000000008033064       0x10 ./Core/Src/system_stm32f7xx.o
                0x0000000008033064                AHBPrescTable
 .rodata.APBPrescTable
                0x0000000008033074        0x8 ./Core/Src/system_stm32f7xx.o
                0x0000000008033074                APBPrescTable
 .rodata.flagBitshiftOffset.10101
                0x000000000803307c        0x8 ./Drivers/STM32F7xx_HAL_Driver/Src/stm32f7xx_hal_dma.o
 .rodata.__sf_fake_stderr
                0x0000000008033084       0x20 c:/st/stm32cubeide_1.8.0/stm32cubeide/plugins/com.st.stm32cube.ide.mcu.externaltools.gnu-tools-for-stm32.9-2020-q2-update.win32_2.0.0.202105311346/tools/bin/../lib/gcc/arm-none-eabi/9.3.1/../../../../arm-none-eabi/lib/thumb/v7e-m+fp/hard\libc_nano.a(lib_a-findfp.o)
                0x0000000008033084                __sf_fake_stderr
 .rodata.__sf_fake_stdin
                0x00000000080330a4       0x20 c:/st/stm32cubeide_1.8.0/stm32cubeide/plugins/com.st.stm32cube.ide.mcu.externaltools.gnu-tools-for-stm32.9-2020-q2-update.win32_2.0.0.202105311346/tools/bin/../lib/gcc/arm-none-eabi/9.3.1/../../../../arm-none-eabi/lib/thumb/v7e-m+fp/hard\libc_nano.a(lib_a-findfp.o)
                0x00000000080330a4                __sf_fake_stdin
 .rodata.__sf_fake_stdout
                0x00000000080330c4       0x20 c:/st/stm32cubeide_1.8.0/stm32cubeide/plugins/com.st.stm32cube.ide.mcu.externaltools.gnu-tools-for-stm32.9-2020-q2-update.win32_2.0.0.202105311346/tools/bin/../lib/gcc/arm-none-eabi/9.3.1/../../../../arm-none-eabi/lib/thumb/v7e-m+fp/hard\libc_nano.a(lib_a-findfp.o)
                0x00000000080330c4                __sf_fake_stdout
                0x00000000080330e4                . = ALIGN (0x4)

.ARM.extab      0x00000000080330e4        0x0
                0x00000000080330e4                . = ALIGN (0x4)
 *(.ARM.extab* .gnu.linkonce.armextab.*)
                0x00000000080330e4                . = ALIGN (0x4)

.ARM            0x00000000080330e4        0x8
                0x00000000080330e4                . = ALIGN (0x4)
                0x00000000080330e4                __exidx_start = .
 *(.ARM.exidx*)
 .ARM.exidx     0x00000000080330e4        0x8 c:/st/stm32cubeide_1.8.0/stm32cubeide/plugins/com.st.stm32cube.ide.mcu.externaltools.gnu-tools-for-stm32.9-2020-q2-update.win32_2.0.0.202105311346/tools/bin/../lib/gcc/arm-none-eabi/9.3.1/thumb/v7e-m+fp/hard\libgcc.a(_udivmoddi4.o)
                0x00000000080330ec                __exidx_end = .
                0x00000000080330ec                . = ALIGN (0x4)

.rel.dyn        0x00000000080330ec        0x0
 .rel.iplt      0x00000000080330ec        0x0 c:/st/stm32cubeide_1.8.0/stm32cubeide/plugins/com.st.stm32cube.ide.mcu.externaltools.gnu-tools-for-stm32.9-2020-q2-update.win32_2.0.0.202105311346/tools/bin/../lib/gcc/arm-none-eabi/9.3.1/thumb/v7e-m+fp/hard/crtbegin.o

.preinit_array  0x00000000080330ec        0x0
                0x00000000080330ec                . = ALIGN (0x4)
                0x00000000080330ec                PROVIDE (__preinit_array_start = .)
 *(.preinit_array*)
                0x00000000080330ec                PROVIDE (__preinit_array_end = .)
                0x00000000080330ec                . = ALIGN (0x4)

.init_array     0x00000000080330ec        0x4
                0x00000000080330ec                . = ALIGN (0x4)
                0x00000000080330ec                PROVIDE (__init_array_start = .)
 *(SORT_BY_NAME(.init_array.*))
 *(.init_array*)
 .init_array    0x00000000080330ec        0x4 c:/st/stm32cubeide_1.8.0/stm32cubeide/plugins/com.st.stm32cube.ide.mcu.externaltools.gnu-tools-for-stm32.9-2020-q2-update.win32_2.0.0.202105311346/tools/bin/../lib/gcc/arm-none-eabi/9.3.1/thumb/v7e-m+fp/hard/crtbegin.o
                0x00000000080330f0                PROVIDE (__init_array_end = .)
                0x00000000080330f0                . = ALIGN (0x4)

.fini_array     0x00000000080330f0        0x4
                0x00000000080330f0                . = ALIGN (0x4)
                [!provide]                        PROVIDE (__fini_array_start = .)
 *(SORT_BY_NAME(.fini_array.*))
 *(.fini_array*)
 .fini_array    0x00000000080330f0        0x4 c:/st/stm32cubeide_1.8.0/stm32cubeide/plugins/com.st.stm32cube.ide.mcu.externaltools.gnu-tools-for-stm32.9-2020-q2-update.win32_2.0.0.202105311346/tools/bin/../lib/gcc/arm-none-eabi/9.3.1/thumb/v7e-m+fp/hard/crtbegin.o
                [!provide]                        PROVIDE (__fini_array_end = .)
                0x00000000080330f4                . = ALIGN (0x4)
                0x00000000080330f4                _sidata = LOADADDR (.data)

.data           0x0000000020000000       0xb0 load address 0x00000000080330f4
                0x0000000020000000                . = ALIGN (0x4)
                0x0000000020000000                _sdata = .
 *(.data)
 *(.data*)
 .data.ft5336_ts_drv
                0x0000000020000000       0x28 ./Core/Src/ft5336.o
                0x0000000020000000                ft5336_ts_drv
 .data.Font24   0x0000000020000028        0x8 ./Core/Src/stm32746g_discovery_lcd.o
                0x0000000020000028                Font24
 .data.Font12   0x0000000020000030        0x8 ./Core/Src/stm32746g_discovery_lcd.o
                0x0000000020000030                Font12
 .data.sdramstatus.10017
                0x0000000020000038        0x1 ./Core/Src/stm32746g_discovery_sdram.o
 *fill*         0x0000000020000039        0x3 
 .data.SystemCoreClock
                0x000000002000003c        0x4 ./Core/Src/system_stm32f7xx.o
                0x000000002000003c                SystemCoreClock
 .data.uwTickPrio
                0x0000000020000040        0x4 ./Drivers/STM32F7xx_HAL_Driver/Src/stm32f7xx_hal.o
                0x0000000020000040                uwTickPrio
 .data.uwTickFreq
                0x0000000020000044        0x1 ./Drivers/STM32F7xx_HAL_Driver/Src/stm32f7xx_hal.o
                0x0000000020000044                uwTickFreq
 *fill*         0x0000000020000045        0x3 
 .data.uxCriticalNesting
                0x0000000020000048        0x4 ./Middlewares/Third_Party/FreeRTOS/Source/portable/GCC/ARM_CM7/r0p1/port.o
 .data._impure_ptr
                0x000000002000004c        0x4 c:/st/stm32cubeide_1.8.0/stm32cubeide/plugins/com.st.stm32cube.ide.mcu.externaltools.gnu-tools-for-stm32.9-2020-q2-update.win32_2.0.0.202105311346/tools/bin/../lib/gcc/arm-none-eabi/9.3.1/../../../../arm-none-eabi/lib/thumb/v7e-m+fp/hard\libc_nano.a(lib_a-impure.o)
                0x000000002000004c                _impure_ptr
 .data.impure_data
                0x0000000020000050       0x60 c:/st/stm32cubeide_1.8.0/stm32cubeide/plugins/com.st.stm32cube.ide.mcu.externaltools.gnu-tools-for-stm32.9-2020-q2-update.win32_2.0.0.202105311346/tools/bin/../lib/gcc/arm-none-eabi/9.3.1/../../../../arm-none-eabi/lib/thumb/v7e-m+fp/hard\libc_nano.a(lib_a-impure.o)
 *(.RamFunc)
 *(.RamFunc*)
                0x00000000200000b0                . = ALIGN (0x4)
                0x00000000200000b0                _edata = .

.igot.plt       0x00000000200000b0        0x0 load address 0x00000000080331a4
 .igot.plt      0x00000000200000b0        0x0 c:/st/stm32cubeide_1.8.0/stm32cubeide/plugins/com.st.stm32cube.ide.mcu.externaltools.gnu-tools-for-stm32.9-2020-q2-update.win32_2.0.0.202105311346/tools/bin/../lib/gcc/arm-none-eabi/9.3.1/thumb/v7e-m+fp/hard/crtbegin.o
                0x00000000200000b0                . = ALIGN (0x4)

.bss            0x00000000200000b0     0x85ac load address 0x00000000080331a4
                0x00000000200000b0                _sbss = .
                0x00000000200000b0                __bss_start__ = _sbss
 *(.bss)
 .bss           0x00000000200000b0       0x1c c:/st/stm32cubeide_1.8.0/stm32cubeide/plugins/com.st.stm32cube.ide.mcu.externaltools.gnu-tools-for-stm32.9-2020-q2-update.win32_2.0.0.202105311346/tools/bin/../lib/gcc/arm-none-eabi/9.3.1/thumb/v7e-m+fp/hard/crtbegin.o
 *(.bss*)
 .bss.xIdleTaskTCBBuffer
                0x00000000200000cc       0xb4 ./Core/Src/freertos.o
 .bss.xIdleStack
                0x0000000020000180      0x200 ./Core/Src/freertos.o
 .bss.ft5336_handle
                0x0000000020000380        0x3 ./Core/Src/ft5336.o
 *fill*         0x0000000020000383        0x1 
 .bss.coord.5659
                0x0000000020000384        0x2 ./Core/Src/ft5336.o
 *fill*         0x0000000020000386        0x2 
 .bss.hI2cAudioHandler
                0x0000000020000388       0x4c ./Core/Src/stm32746g_discovery.o
 .bss.hDma2dHandler
                0x00000000200003d4       0x40 ./Core/Src/stm32746g_discovery_lcd.o
 .bss.ActiveLayer
                0x0000000020000414        0x4 ./Core/Src/stm32746g_discovery_lcd.o
 .bss.DrawProp  0x0000000020000418       0x18 ./Core/Src/stm32746g_discovery_lcd.o
 .bss.periph_clk_init_struct.10604
                0x0000000020000430       0x84 ./Core/Src/stm32746g_discovery_lcd.o
 .bss.Timing    0x00000000200004b4       0x1c ./Core/Src/stm32746g_discovery_sdram.o
 .bss.Command   0x00000000200004d0       0x10 ./Core/Src/stm32746g_discovery_sdram.o
 .bss.dma_handle.10053
                0x00000000200004e0       0x60 ./Core/Src/stm32746g_discovery_sdram.o
 .bss.tsDriver  0x0000000020000540        0x4 ./Core/Src/stm32746g_discovery_ts.o
 .bss.tsXBoundary
                0x0000000020000544        0x2 ./Core/Src/stm32746g_discovery_ts.o
 .bss.tsYBoundary
                0x0000000020000546        0x2 ./Core/Src/stm32746g_discovery_ts.o
 .bss.tsOrientation
                0x0000000020000548        0x1 ./Core/Src/stm32746g_discovery_ts.o
 .bss.I2cAddress
                0x0000000020000549        0x1 ./Core/Src/stm32746g_discovery_ts.o
 *fill*         0x000000002000054a        0x2 
 .bss.FMC_Initialized
                0x000000002000054c        0x4 ./Core/Src/stm32f7xx_hal_msp.o
 .bss.pxCurrentTCB
                0x0000000020000550        0x4 ./Middlewares/Third_Party/FreeRTOS/Source/tasks.o
                0x0000000020000550                pxCurrentTCB
 .bss.pxReadyTasksLists
                0x0000000020000554       0x8c ./Middlewares/Third_Party/FreeRTOS/Source/tasks.o
 .bss.xDelayedTaskList1
                0x00000000200005e0       0x14 ./Middlewares/Third_Party/FreeRTOS/Source/tasks.o
 .bss.xDelayedTaskList2
                0x00000000200005f4       0x14 ./Middlewares/Third_Party/FreeRTOS/Source/tasks.o
 .bss.pxDelayedTaskList
                0x0000000020000608        0x4 ./Middlewares/Third_Party/FreeRTOS/Source/tasks.o
 .bss.pxOverflowDelayedTaskList
                0x000000002000060c        0x4 ./Middlewares/Third_Party/FreeRTOS/Source/tasks.o
 .bss.xPendingReadyList
                0x0000000020000610       0x14 ./Middlewares/Third_Party/FreeRTOS/Source/tasks.o
 .bss.xTasksWaitingTermination
                0x0000000020000624       0x14 ./Middlewares/Third_Party/FreeRTOS/Source/tasks.o
 .bss.uxDeletedTasksWaitingCleanUp
                0x0000000020000638        0x4 ./Middlewares/Third_Party/FreeRTOS/Source/tasks.o
 .bss.xSuspendedTaskList
                0x000000002000063c       0x14 ./Middlewares/Third_Party/FreeRTOS/Source/tasks.o
 .bss.uxCurrentNumberOfTasks
                0x0000000020000650        0x4 ./Middlewares/Third_Party/FreeRTOS/Source/tasks.o
 .bss.xTickCount
                0x0000000020000654        0x4 ./Middlewares/Third_Party/FreeRTOS/Source/tasks.o
 .bss.uxTopReadyPriority
                0x0000000020000658        0x4 ./Middlewares/Third_Party/FreeRTOS/Source/tasks.o
 .bss.xSchedulerRunning
                0x000000002000065c        0x4 ./Middlewares/Third_Party/FreeRTOS/Source/tasks.o
 .bss.uxPendedTicks
                0x0000000020000660        0x4 ./Middlewares/Third_Party/FreeRTOS/Source/tasks.o
 .bss.xYieldPending
                0x0000000020000664        0x4 ./Middlewares/Third_Party/FreeRTOS/Source/tasks.o
 .bss.xNumOfOverflows
                0x0000000020000668        0x4 ./Middlewares/Third_Party/FreeRTOS/Source/tasks.o
 .bss.uxTaskNumber
                0x000000002000066c        0x4 ./Middlewares/Third_Party/FreeRTOS/Source/tasks.o
 .bss.xNextTaskUnblockTime
                0x0000000020000670        0x4 ./Middlewares/Third_Party/FreeRTOS/Source/tasks.o
 .bss.xIdleTaskHandle
                0x0000000020000674        0x4 ./Middlewares/Third_Party/FreeRTOS/Source/tasks.o
 .bss.uxSchedulerSuspended
                0x0000000020000678        0x4 ./Middlewares/Third_Party/FreeRTOS/Source/tasks.o
 .bss.ucMaxSysCallPriority
                0x000000002000067c        0x1 ./Middlewares/Third_Party/FreeRTOS/Source/portable/GCC/ARM_CM7/r0p1/port.o
 *fill*         0x000000002000067d        0x3 
 .bss.ulMaxPRIGROUPValue
                0x0000000020000680        0x4 ./Middlewares/Third_Party/FreeRTOS/Source/portable/GCC/ARM_CM7/r0p1/port.o
 .bss.ucHeap    0x0000000020000684     0x7800 ./Middlewares/Third_Party/FreeRTOS/Source/portable/MemMang/heap_4.o
 .bss.xStart    0x0000000020007e84        0x8 ./Middlewares/Third_Party/FreeRTOS/Source/portable/MemMang/heap_4.o
 .bss.pxEnd     0x0000000020007e8c        0x4 ./Middlewares/Third_Party/FreeRTOS/Source/portable/MemMang/heap_4.o
 .bss.xFreeBytesRemaining
                0x0000000020007e90        0x4 ./Middlewares/Third_Party/FreeRTOS/Source/portable/MemMang/heap_4.o
 .bss.xMinimumEverFreeBytesRemaining
                0x0000000020007e94        0x4 ./Middlewares/Third_Party/FreeRTOS/Source/portable/MemMang/heap_4.o
 .bss.xBlockAllocatedBit
                0x0000000020007e98        0x4 ./Middlewares/Third_Party/FreeRTOS/Source/portable/MemMang/heap_4.o
 .bss.__malloc_free_list
                0x0000000020007e9c        0x4 c:/st/stm32cubeide_1.8.0/stm32cubeide/plugins/com.st.stm32cube.ide.mcu.externaltools.gnu-tools-for-stm32.9-2020-q2-update.win32_2.0.0.202105311346/tools/bin/../lib/gcc/arm-none-eabi/9.3.1/../../../../arm-none-eabi/lib/thumb/v7e-m+fp/hard\libc_nano.a(lib_a-nano-mallocr.o)
                0x0000000020007e9c                __malloc_free_list
 *(COMMON)
 COMMON         0x0000000020007ea0      0x684 ./Core/Src/main.o
                0x0000000020007ea0                hi2c3
                0x0000000020007eec                hspi2
                0x0000000020007f50                huart7
                0x0000000020007fd4                task_initHandle
                0x0000000020007fd8                htim8
                0x0000000020008024                hi2c1
                0x0000000020008070                htim5
                0x00000000200080bc                task_selectHandle
                0x00000000200080c0                pions_blancs
                0x0000000020008108                htim3
                0x0000000020008154                hltdc
                0x00000000200081fc                hadc1
                0x0000000020008244                affichageHandle
                0x0000000020008248                hadc3
                0x0000000020008290                huart1
                0x0000000020008314                mutexEcran
                0x0000000020008318                hdac
                0x000000002000832c                hrtc
                0x000000002000834c                htim1
                0x0000000020008398                huart6
                0x000000002000841c                hdma2d
                0x000000002000845c                htim2
                0x00000000200084a8                pions_noirs
                0x00000000200084f0                hsdram1
 COMMON         0x0000000020008524       0xa8 ./Core/Src/stm32746g_discovery_lcd.o
                0x0000000020008524                hLtdcHandler
 COMMON         0x00000000200085cc       0x34 ./Core/Src/stm32746g_discovery_sdram.o
                0x00000000200085cc                sdramHandle
 COMMON         0x0000000020008600       0x4c ./Core/Src/stm32f7xx_hal_timebase_tim.o
                0x0000000020008600                htim6
 COMMON         0x000000002000864c        0x4 ./Drivers/STM32F7xx_HAL_Driver/Src/stm32f7xx_hal.o
                0x000000002000864c                uwTick
 COMMON         0x0000000020008650        0x9 c:/st/stm32cubeide_1.8.0/stm32cubeide/plugins/com.st.stm32cube.ide.mcu.externaltools.gnu-tools-for-stm32.9-2020-q2-update.win32_2.0.0.202105311346/tools/bin/../lib/gcc/arm-none-eabi/9.3.1/../../../../arm-none-eabi/lib/thumb/v7e-m+fp/hard\libc_nano.a(lib_a-lock.o)
                0x0000000020008650                __lock___atexit_recursive_mutex
                0x0000000020008651                __lock___arc4random_mutex
                0x0000000020008652                __lock___env_recursive_mutex
                0x0000000020008653                __lock___sinit_recursive_mutex
                0x0000000020008654                __lock___malloc_recursive_mutex
                0x0000000020008655                __lock___at_quick_exit_mutex
                0x0000000020008656                __lock___dd_hash_mutex
                0x0000000020008657                __lock___tz_mutex
                0x0000000020008658                __lock___sfp_recursive_mutex
                0x000000002000865c                . = ALIGN (0x4)
 *fill*         0x0000000020008659        0x3 
                0x000000002000865c                _ebss = .
                0x000000002000865c                __bss_end__ = _ebss

._user_heap_stack
                0x000000002000865c      0x604 load address 0x00000000080331a4
                0x0000000020008660                . = ALIGN (0x8)
 *fill*         0x000000002000865c        0x4 
                [!provide]                        PROVIDE (end = .)
                0x0000000020008660                PROVIDE (_end = .)
                0x0000000020008860                . = (. + _Min_Heap_Size)
 *fill*         0x0000000020008660      0x200 
                0x0000000020008c60                . = (. + _Min_Stack_Size)
 *fill*         0x0000000020008860      0x400 
                0x0000000020008c60                . = ALIGN (0x8)

/DISCARD/
 libc.a(*)
 libm.a(*)
 libgcc.a(*)

.ARM.attributes
                0x0000000000000000       0x30
 *(.ARM.attributes)
 .ARM.attributes
                0x0000000000000000       0x1e c:/st/stm32cubeide_1.8.0/stm32cubeide/plugins/com.st.stm32cube.ide.mcu.externaltools.gnu-tools-for-stm32.9-2020-q2-update.win32_2.0.0.202105311346/tools/bin/../lib/gcc/arm-none-eabi/9.3.1/thumb/v7e-m+fp/hard/crti.o
 .ARM.attributes
                0x000000000000001e       0x34 c:/st/stm32cubeide_1.8.0/stm32cubeide/plugins/com.st.stm32cube.ide.mcu.externaltools.gnu-tools-for-stm32.9-2020-q2-update.win32_2.0.0.202105311346/tools/bin/../lib/gcc/arm-none-eabi/9.3.1/thumb/v7e-m+fp/hard/crtbegin.o
 .ARM.attributes
                0x0000000000000052       0x34 ./Core/Src/freertos.o
 .ARM.attributes
                0x0000000000000086       0x34 ./Core/Src/ft5336.o
 .ARM.attributes
                0x00000000000000ba       0x34 ./Core/Src/main.o
 .ARM.attributes
                0x00000000000000ee       0x34 ./Core/Src/stm32746g_discovery.o
 .ARM.attributes
                0x0000000000000122       0x34 ./Core/Src/stm32746g_discovery_lcd.o
 .ARM.attributes
                0x0000000000000156       0x34 ./Core/Src/stm32746g_discovery_sdram.o
 .ARM.attributes
                0x000000000000018a       0x34 ./Core/Src/stm32746g_discovery_ts.o
 .ARM.attributes
                0x00000000000001be       0x34 ./Core/Src/stm32f7xx_hal_msp.o
 .ARM.attributes
                0x00000000000001f2       0x34 ./Core/Src/stm32f7xx_hal_timebase_tim.o
 .ARM.attributes
                0x0000000000000226       0x34 ./Core/Src/stm32f7xx_it.o
 .ARM.attributes
                0x000000000000025a       0x34 ./Core/Src/system_stm32f7xx.o
 .ARM.attributes
                0x000000000000028e       0x21 ./Core/Startup/startup_stm32f746nghx.o
 .ARM.attributes
                0x00000000000002af       0x34 ./Drivers/STM32F7xx_HAL_Driver/Src/stm32f7xx_hal.o
 .ARM.attributes
                0x00000000000002e3       0x34 ./Drivers/STM32F7xx_HAL_Driver/Src/stm32f7xx_hal_adc.o
 .ARM.attributes
                0x0000000000000317       0x34 ./Drivers/STM32F7xx_HAL_Driver/Src/stm32f7xx_hal_cortex.o
 .ARM.attributes
                0x000000000000034b       0x34 ./Drivers/STM32F7xx_HAL_Driver/Src/stm32f7xx_hal_dac.o
 .ARM.attributes
                0x000000000000037f       0x34 ./Drivers/STM32F7xx_HAL_Driver/Src/stm32f7xx_hal_dac_ex.o
 .ARM.attributes
                0x00000000000003b3       0x34 ./Drivers/STM32F7xx_HAL_Driver/Src/stm32f7xx_hal_dma.o
 .ARM.attributes
                0x00000000000003e7       0x34 ./Drivers/STM32F7xx_HAL_Driver/Src/stm32f7xx_hal_dma2d.o
 .ARM.attributes
                0x000000000000041b       0x34 ./Drivers/STM32F7xx_HAL_Driver/Src/stm32f7xx_hal_gpio.o
 .ARM.attributes
                0x000000000000044f       0x34 ./Drivers/STM32F7xx_HAL_Driver/Src/stm32f7xx_hal_i2c.o
 .ARM.attributes
                0x0000000000000483       0x34 ./Drivers/STM32F7xx_HAL_Driver/Src/stm32f7xx_hal_i2c_ex.o
 .ARM.attributes
                0x00000000000004b7       0x34 ./Drivers/STM32F7xx_HAL_Driver/Src/stm32f7xx_hal_ltdc.o
 .ARM.attributes
                0x00000000000004eb       0x34 ./Drivers/STM32F7xx_HAL_Driver/Src/stm32f7xx_hal_pwr.o
 .ARM.attributes
                0x000000000000051f       0x34 ./Drivers/STM32F7xx_HAL_Driver/Src/stm32f7xx_hal_pwr_ex.o
 .ARM.attributes
                0x0000000000000553       0x34 ./Drivers/STM32F7xx_HAL_Driver/Src/stm32f7xx_hal_rcc.o
 .ARM.attributes
                0x0000000000000587       0x34 ./Drivers/STM32F7xx_HAL_Driver/Src/stm32f7xx_hal_rcc_ex.o
 .ARM.attributes
                0x00000000000005bb       0x34 ./Drivers/STM32F7xx_HAL_Driver/Src/stm32f7xx_hal_rtc.o
 .ARM.attributes
                0x00000000000005ef       0x34 ./Drivers/STM32F7xx_HAL_Driver/Src/stm32f7xx_hal_rtc_ex.o
 .ARM.attributes
                0x0000000000000623       0x34 ./Drivers/STM32F7xx_HAL_Driver/Src/stm32f7xx_hal_sdram.o
 .ARM.attributes
                0x0000000000000657       0x34 ./Drivers/STM32F7xx_HAL_Driver/Src/stm32f7xx_hal_spi.o
 .ARM.attributes
                0x000000000000068b       0x34 ./Drivers/STM32F7xx_HAL_Driver/Src/stm32f7xx_hal_tim.o
 .ARM.attributes
                0x00000000000006bf       0x34 ./Drivers/STM32F7xx_HAL_Driver/Src/stm32f7xx_hal_tim_ex.o
 .ARM.attributes
                0x00000000000006f3       0x34 ./Drivers/STM32F7xx_HAL_Driver/Src/stm32f7xx_hal_uart.o
 .ARM.attributes
                0x0000000000000727       0x34 ./Drivers/STM32F7xx_HAL_Driver/Src/stm32f7xx_ll_fmc.o
 .ARM.attributes
                0x000000000000075b       0x34 ./Middlewares/Third_Party/FreeRTOS/Source/CMSIS_RTOS/cmsis_os.o
 .ARM.attributes
                0x000000000000078f       0x34 ./Middlewares/Third_Party/FreeRTOS/Source/list.o
 .ARM.attributes
                0x00000000000007c3       0x34 ./Middlewares/Third_Party/FreeRTOS/Source/queue.o
 .ARM.attributes
                0x00000000000007f7       0x34 ./Middlewares/Third_Party/FreeRTOS/Source/tasks.o
 .ARM.attributes
                0x000000000000082b       0x34 ./Middlewares/Third_Party/FreeRTOS/Source/portable/GCC/ARM_CM7/r0p1/port.o
 .ARM.attributes
                0x000000000000085f       0x34 ./Middlewares/Third_Party/FreeRTOS/Source/portable/MemMang/heap_4.o
 .ARM.attributes
                0x0000000000000893       0x34 c:/st/stm32cubeide_1.8.0/stm32cubeide/plugins/com.st.stm32cube.ide.mcu.externaltools.gnu-tools-for-stm32.9-2020-q2-update.win32_2.0.0.202105311346/tools/bin/../lib/gcc/arm-none-eabi/9.3.1/../../../../arm-none-eabi/lib/thumb/v7e-m+fp/hard\libc_nano.a(lib_a-findfp.o)
 .ARM.attributes
                0x00000000000008c7       0x32 c:/st/stm32cubeide_1.8.0/stm32cubeide/plugins/com.st.stm32cube.ide.mcu.externaltools.gnu-tools-for-stm32.9-2020-q2-update.win32_2.0.0.202105311346/tools/bin/../lib/gcc/arm-none-eabi/9.3.1/../../../../arm-none-eabi/lib/thumb/v7e-m+fp/hard\libc_nano.a(lib_a-impure.o)
 .ARM.attributes