core_cm7.h:2229:22:SCB_EnableICache	4	static,ignoring_inline_asm
core_cm7.h:2281:22:SCB_EnableDCache	24	static,ignoring_inline_asm
main.c:149:9:calculPossibilitesRec	64	static
main.c:258:5:main	160	static
main.c:398:6:SystemClock_Config	88	static
main.c:452:13:MX_ADC1_Init	24	static
main.c:502:13:MX_ADC3_Init	24	static
main.c:552:13:MX_DAC_Init	16	static
main.c:590:13:MX_DMA2D_Init	8	static
main.c:627:13:MX_I2C1_Init	8	static
main.c:673:13:MX_I2C3_Init	8	static
main.c:719:13:MX_LTDC_Init	64	static
main.c:781:13:MX_RTC_Init	80	static
main.c:873:13:MX_SPI2_Init	8	static
main.c:913:13:MX_TIM1_Init	40	static
main.c:960:13:MX_TIM2_Init	40	static
main.c:1005:13:MX_TIM3_Init	40	static
main.c:1050:13:MX_TIM5_Init	40	static
main.c:1095:13:MX_TIM8_Init	40	static
main.c:1142:13:MX_UART7_Init	8	static
main.c:1177:13:MX_USART1_UART_Init	8	static
main.c:1212:13:MX_USART6_UART_Init	8	static
main.c:1243:13:MX_FMC_Init	40	static
main.c:1294:13:MX_GPIO_Init	72	static
main.c:1579:6:HAL_UART_RxCpltCallback	16	static
main.c:1598:6:HAL_GPIO_EXTI_Callback	16	static
main.c:1624:6:fonction_init	32	static
main.c:1673:6:fonction_affichage	40	static
main.c:1756:6:fonction_select	48	static
main.c:1835:6:fonction_calculPossibilites	176	static
main.c:1877:6:HAL_TIM_PeriodElapsedCallback	16	static
main.c:1894:6:Error_Handler	4	static,ignoring_inline_asm
