core_cm7.h:2229:22:SCB_EnableICache	4	static,ignoring_inline_asm
core_cm7.h:2281:22:SCB_EnableDCache	24	static,ignoring_inline_asm
main.c:147:5:main	176	static
main.c:291:6:SystemClock_Config	88	static
main.c:345:13:MX_ADC1_Init	24	static
main.c:395:13:MX_ADC3_Init	24	static
main.c:445:13:MX_DAC_Init	16	static
main.c:483:13:MX_DMA2D_Init	8	static
main.c:520:13:MX_I2C1_Init	8	static
main.c:566:13:MX_I2C3_Init	8	static
main.c:612:13:MX_LTDC_Init	64	static
main.c:674:13:MX_RTC_Init	80	static
main.c:766:13:MX_SPI2_Init	8	static
main.c:806:13:MX_TIM1_Init	40	static
main.c:853:13:MX_TIM2_Init	40	static
main.c:898:13:MX_TIM3_Init	40	static
main.c:943:13:MX_TIM5_Init	40	static
main.c:988:13:MX_TIM8_Init	40	static
main.c:1035:13:MX_UART7_Init	8	static
main.c:1070:13:MX_USART1_UART_Init	8	static
main.c:1105:13:MX_USART6_UART_Init	8	static
main.c:1136:13:MX_FMC_Init	40	static
main.c:1187:13:MX_GPIO_Init	72	static
main.c:1472:6:HAL_UART_RxCpltCallback	16	static
main.c:1491:6:HAL_GPIO_EXTI_Callback	16	static
main.c:1517:6:fonction_init	32	static
main.c:1566:6:fonction_affichage	40	static
main.c:1624:6:fonction_select	40	static
main.c:1685:6:fonction_temporisation	16	static
main.c:1714:6:HAL_TIM_PeriodElapsedCallback	16	static
main.c:1731:6:Error_Handler	4	static,ignoring_inline_asm
