main.c:132:5:main	120	static
main.c:258:6:SystemClock_Config	88	static
main.c:312:13:MX_ADC1_Init	24	static
main.c:362:13:MX_ADC3_Init	24	static
main.c:412:13:MX_DAC_Init	16	static
main.c:450:13:MX_DMA2D_Init	8	static
main.c:487:13:MX_I2C1_Init	8	static
main.c:533:13:MX_I2C3_Init	8	static
main.c:579:13:MX_LTDC_Init	64	static
main.c:641:13:MX_RTC_Init	80	static
main.c:733:13:MX_SPI2_Init	8	static
main.c:773:13:MX_TIM1_Init	40	static
main.c:820:13:MX_TIM2_Init	40	static
main.c:865:13:MX_TIM3_Init	40	static
main.c:910:13:MX_TIM5_Init	40	static
main.c:955:13:MX_TIM8_Init	40	static
main.c:1002:13:MX_UART7_Init	8	static
main.c:1037:13:MX_USART1_UART_Init	8	static
main.c:1072:13:MX_USART6_UART_Init	8	static
main.c:1103:13:MX_FMC_Init	40	static
main.c:1154:13:MX_GPIO_Init	72	static
main.c:1448:6:HAL_UART_RxCpltCallback	16	static
main.c:1467:6:HAL_GPIO_EXTI_Callback	16	static
main.c:1487:6:fonction_init	32	static
main.c:1526:6:fonction_affichage	40	static
main.c:1578:6:fonction_select	16	static
main.c:1597:6:HAL_TIM_PeriodElapsedCallback	16	static
main.c:1614:6:Error_Handler	4	static,ignoring_inline_asm
