main.c:128:5:main	88	static
main.c:250:6:SystemClock_Config	88	static
main.c:304:13:MX_ADC1_Init	24	static
main.c:354:13:MX_ADC3_Init	24	static
main.c:404:13:MX_DAC_Init	16	static
main.c:442:13:MX_DMA2D_Init	8	static
main.c:479:13:MX_I2C1_Init	8	static
main.c:525:13:MX_I2C3_Init	8	static
main.c:571:13:MX_LTDC_Init	64	static
main.c:633:13:MX_RTC_Init	80	static
main.c:725:13:MX_SPI2_Init	8	static
main.c:765:13:MX_TIM1_Init	40	static
main.c:812:13:MX_TIM2_Init	40	static
main.c:857:13:MX_TIM3_Init	40	static
main.c:902:13:MX_TIM5_Init	40	static
main.c:947:13:MX_TIM8_Init	40	static
main.c:994:13:MX_UART7_Init	8	static
main.c:1029:13:MX_USART1_UART_Init	8	static
main.c:1064:13:MX_USART6_UART_Init	8	static
main.c:1095:13:MX_FMC_Init	40	static
main.c:1146:13:MX_GPIO_Init	72	static
main.c:1440:6:HAL_UART_RxCpltCallback	16	static
main.c:1459:6:HAL_GPIO_EXTI_Callback	16	static
main.c:1479:6:fonction_init	32	static
main.c:1514:6:fonction_affichage	40	static
main.c:1550:6:HAL_TIM_PeriodElapsedCallback	16	static
main.c:1567:6:Error_Handler	4	static,ignoring_inline_asm
