main.c:145:5:main	136	static
main.c:276:6:SystemClock_Config	88	static
main.c:330:13:MX_ADC1_Init	24	static
main.c:380:13:MX_ADC3_Init	24	static
main.c:430:13:MX_DAC_Init	16	static
main.c:468:13:MX_DMA2D_Init	8	static
main.c:505:13:MX_I2C1_Init	8	static
main.c:551:13:MX_I2C3_Init	8	static
main.c:597:13:MX_LTDC_Init	64	static
main.c:659:13:MX_RTC_Init	80	static
main.c:751:13:MX_SPI2_Init	8	static
main.c:791:13:MX_TIM1_Init	40	static
main.c:838:13:MX_TIM2_Init	40	static
main.c:883:13:MX_TIM3_Init	40	static
main.c:928:13:MX_TIM5_Init	40	static
main.c:973:13:MX_TIM8_Init	40	static
main.c:1020:13:MX_UART7_Init	8	static
main.c:1055:13:MX_USART1_UART_Init	8	static
main.c:1090:13:MX_USART6_UART_Init	8	static
main.c:1121:13:MX_FMC_Init	40	static
main.c:1172:13:MX_GPIO_Init	72	static
main.c:1457:6:HAL_UART_RxCpltCallback	16	static
main.c:1476:6:HAL_GPIO_EXTI_Callback	24	static
main.c:1499:6:fonction_init	32	static
main.c:1552:6:fonction_affichage	40	static
main.c:1628:6:fonction_select	24	static
main.c:1666:6:HAL_TIM_PeriodElapsedCallback	16	static
main.c:1683:6:Error_Handler	4	static,ignoring_inline_asm
