main.c:129:5:main	88	static
main.c:251:6:SystemClock_Config	88	static
main.c:305:13:MX_ADC1_Init	24	static
main.c:355:13:MX_ADC3_Init	24	static
main.c:405:13:MX_DAC_Init	16	static
main.c:443:13:MX_DMA2D_Init	8	static
main.c:480:13:MX_I2C1_Init	8	static
main.c:526:13:MX_I2C3_Init	8	static
main.c:572:13:MX_LTDC_Init	64	static
main.c:634:13:MX_RTC_Init	80	static
main.c:726:13:MX_SPI2_Init	8	static
main.c:766:13:MX_TIM1_Init	40	static
main.c:813:13:MX_TIM2_Init	40	static
main.c:858:13:MX_TIM3_Init	40	static
main.c:903:13:MX_TIM5_Init	40	static
main.c:948:13:MX_TIM8_Init	40	static
main.c:995:13:MX_UART7_Init	8	static
main.c:1030:13:MX_USART1_UART_Init	8	static
main.c:1065:13:MX_USART6_UART_Init	8	static
main.c:1096:13:MX_FMC_Init	40	static
main.c:1147:13:MX_GPIO_Init	72	static
main.c:1441:6:HAL_UART_RxCpltCallback	16	static
main.c:1460:6:HAL_GPIO_EXTI_Callback	16	static
main.c:1480:6:fonction_init	32	static
main.c:1515:6:fonction_affichage	40	static
main.c:1564:6:HAL_TIM_PeriodElapsedCallback	16	static
main.c:1581:6:Error_Handler	4	static,ignoring_inline_asm
