core_cm7.h:2229:22:SCB_EnableICache	4	static,ignoring_inline_asm
core_cm7.h:2281:22:SCB_EnableDCache	24	static,ignoring_inline_asm
main.c:146:5:main	176	static
main.c:290:6:SystemClock_Config	88	static
main.c:344:13:MX_ADC1_Init	24	static
main.c:394:13:MX_ADC3_Init	24	static
main.c:444:13:MX_DAC_Init	16	static
main.c:482:13:MX_DMA2D_Init	8	static
main.c:519:13:MX_I2C1_Init	8	static
main.c:565:13:MX_I2C3_Init	8	static
main.c:611:13:MX_LTDC_Init	64	static
main.c:673:13:MX_RTC_Init	80	static
main.c:765:13:MX_SPI2_Init	8	static
main.c:805:13:MX_TIM1_Init	40	static
main.c:852:13:MX_TIM2_Init	40	static
main.c:897:13:MX_TIM3_Init	40	static
main.c:942:13:MX_TIM5_Init	40	static
main.c:987:13:MX_TIM8_Init	40	static
main.c:1034:13:MX_UART7_Init	8	static
main.c:1069:13:MX_USART1_UART_Init	8	static
main.c:1104:13:MX_USART6_UART_Init	8	static
main.c:1135:13:MX_FMC_Init	40	static
main.c:1186:13:MX_GPIO_Init	72	static
main.c:1471:6:HAL_UART_RxCpltCallback	16	static
main.c:1490:6:HAL_GPIO_EXTI_Callback	24	static
main.c:1514:6:fonction_init	32	static
main.c:1563:6:fonction_affichage	40	static
main.c:1614:6:fonction_select	24	static
main.c:1669:6:fonction_temporisation	24	static
main.c:1698:6:HAL_TIM_PeriodElapsedCallback	16	static
main.c:1715:6:Error_Handler	4	static,ignoring_inline_asm
