core_cm7.h:2229:22:SCB_EnableICache	4	static,ignoring_inline_asm
core_cm7.h:2281:22:SCB_EnableDCache	24	static,ignoring_inline_asm
main.c:156:9:calculPossibilitesRec	88	static
main.c:312:9:calculPossibilitesDame	72	static
main.c:374:5:main	192	static
main.c:519:6:SystemClock_Config	88	static
main.c:573:13:MX_ADC1_Init	24	static
main.c:623:13:MX_ADC3_Init	24	static
main.c:673:13:MX_DAC_Init	16	static
main.c:711:13:MX_DMA2D_Init	8	static
main.c:748:13:MX_I2C1_Init	8	static
main.c:794:13:MX_I2C3_Init	8	static
main.c:840:13:MX_LTDC_Init	64	static
main.c:902:13:MX_RTC_Init	80	static
main.c:994:13:MX_SPI2_Init	8	static
main.c:1034:13:MX_TIM1_Init	40	static
main.c:1081:13:MX_TIM2_Init	40	static
main.c:1126:13:MX_TIM3_Init	40	static
main.c:1171:13:MX_TIM5_Init	40	static
main.c:1216:13:MX_TIM8_Init	40	static
main.c:1263:13:MX_UART7_Init	8	static
main.c:1298:13:MX_USART1_UART_Init	8	static
main.c:1333:13:MX_USART6_UART_Init	8	static
main.c:1364:13:MX_FMC_Init	40	static
main.c:1415:13:MX_GPIO_Init	72	static
main.c:1700:6:HAL_UART_RxCpltCallback	16	static
main.c:1719:6:HAL_GPIO_EXTI_Callback	16	static
main.c:1745:6:fonction_init	72	static
main.c:1803:6:fonction_affichage	56	static
main.c:1909:6:fonction_select	80	static
main.c:2052:6:fonction_calculPossibilites	176	static
main.c:2110:6:fonctionVictory	64	static
main.c:2178:6:HAL_TIM_PeriodElapsedCallback	16	static
main.c:2195:6:Error_Handler	4	static,ignoring_inline_asm
