core_cm7.h:2229:22:SCB_EnableICache	4	static,ignoring_inline_asm
core_cm7.h:2281:22:SCB_EnableDCache	24	static,ignoring_inline_asm
main.c:149:9:calculPossibilitesRec	48	static
main.c:209:5:main	160	static
main.c:349:6:SystemClock_Config	88	static
main.c:403:13:MX_ADC1_Init	24	static
main.c:453:13:MX_ADC3_Init	24	static
main.c:503:13:MX_DAC_Init	16	static
main.c:541:13:MX_DMA2D_Init	8	static
main.c:578:13:MX_I2C1_Init	8	static
main.c:624:13:MX_I2C3_Init	8	static
main.c:670:13:MX_LTDC_Init	64	static
main.c:732:13:MX_RTC_Init	80	static
main.c:824:13:MX_SPI2_Init	8	static
main.c:864:13:MX_TIM1_Init	40	static
main.c:911:13:MX_TIM2_Init	40	static
main.c:956:13:MX_TIM3_Init	40	static
main.c:1001:13:MX_TIM5_Init	40	static
main.c:1046:13:MX_TIM8_Init	40	static
main.c:1093:13:MX_UART7_Init	8	static
main.c:1128:13:MX_USART1_UART_Init	8	static
main.c:1163:13:MX_USART6_UART_Init	8	static
main.c:1194:13:MX_FMC_Init	40	static
main.c:1245:13:MX_GPIO_Init	72	static
main.c:1530:6:HAL_UART_RxCpltCallback	16	static
main.c:1549:6:HAL_GPIO_EXTI_Callback	16	static
main.c:1575:6:fonction_init	32	static
main.c:1624:6:fonction_affichage	40	static
main.c:1694:6:fonction_select	40	static
main.c:1758:6:fonction_calculPossibilites	176	static
main.c:1800:6:HAL_TIM_PeriodElapsedCallback	16	static
main.c:1817:6:Error_Handler	4	static,ignoring_inline_asm
