core_cm7.h:2229:22:SCB_EnableICache	4	static,ignoring_inline_asm
core_cm7.h:2281:22:SCB_EnableDCache	24	static,ignoring_inline_asm
main.c:149:9:calculPossibilitesRec	56	static
main.c:219:5:main	160	static
main.c:359:6:SystemClock_Config	88	static
main.c:413:13:MX_ADC1_Init	24	static
main.c:463:13:MX_ADC3_Init	24	static
main.c:513:13:MX_DAC_Init	16	static
main.c:551:13:MX_DMA2D_Init	8	static
main.c:588:13:MX_I2C1_Init	8	static
main.c:634:13:MX_I2C3_Init	8	static
main.c:680:13:MX_LTDC_Init	64	static
main.c:742:13:MX_RTC_Init	80	static
main.c:834:13:MX_SPI2_Init	8	static
main.c:874:13:MX_TIM1_Init	40	static
main.c:921:13:MX_TIM2_Init	40	static
main.c:966:13:MX_TIM3_Init	40	static
main.c:1011:13:MX_TIM5_Init	40	static
main.c:1056:13:MX_TIM8_Init	40	static
main.c:1103:13:MX_UART7_Init	8	static
main.c:1138:13:MX_USART1_UART_Init	8	static
main.c:1173:13:MX_USART6_UART_Init	8	static
main.c:1204:13:MX_FMC_Init	40	static
main.c:1255:13:MX_GPIO_Init	72	static
main.c:1540:6:HAL_UART_RxCpltCallback	16	static
main.c:1559:6:HAL_GPIO_EXTI_Callback	16	static
main.c:1585:6:fonction_init	32	static
main.c:1634:6:fonction_affichage	40	static
main.c:1717:6:fonction_select	48	static
main.c:1796:6:fonction_calculPossibilites	176	static
main.c:1838:6:HAL_TIM_PeriodElapsedCallback	16	static
main.c:1855:6:Error_Handler	4	static,ignoring_inline_asm
