core_cm7.h:2229:22:SCB_EnableICache	4	static,ignoring_inline_asm
core_cm7.h:2281:22:SCB_EnableDCache	24	static,ignoring_inline_asm
main.c:153:9:calculPossibilitesRec	72	static
main.c:274:5:main	192	static
main.c:418:6:SystemClock_Config	88	static
main.c:472:13:MX_ADC1_Init	24	static
main.c:522:13:MX_ADC3_Init	24	static
main.c:572:13:MX_DAC_Init	16	static
main.c:610:13:MX_DMA2D_Init	8	static
main.c:647:13:MX_I2C1_Init	8	static
main.c:693:13:MX_I2C3_Init	8	static
main.c:739:13:MX_LTDC_Init	64	static
main.c:801:13:MX_RTC_Init	80	static
main.c:893:13:MX_SPI2_Init	8	static
main.c:933:13:MX_TIM1_Init	40	static
main.c:980:13:MX_TIM2_Init	40	static
main.c:1025:13:MX_TIM3_Init	40	static
main.c:1070:13:MX_TIM5_Init	40	static
main.c:1115:13:MX_TIM8_Init	40	static
main.c:1162:13:MX_UART7_Init	8	static
main.c:1197:13:MX_USART1_UART_Init	8	static
main.c:1232:13:MX_USART6_UART_Init	8	static
main.c:1263:13:MX_FMC_Init	40	static
main.c:1314:13:MX_GPIO_Init	72	static
main.c:1599:6:HAL_UART_RxCpltCallback	16	static
main.c:1618:6:HAL_GPIO_EXTI_Callback	16	static
main.c:1644:6:fonction_init	72	static
main.c:1701:6:fonction_affichage	40	static
main.c:1785:6:fonction_select	80	static
main.c:1920:6:fonction_calculPossibilites	176	static
main.c:1971:6:fonctionVictory	64	static
main.c:2037:6:HAL_TIM_PeriodElapsedCallback	16	static
main.c:2054:6:Error_Handler	4	static,ignoring_inline_asm
