core_cm7.h:2229:22:SCB_EnableICache	4	static,ignoring_inline_asm
core_cm7.h:2281:22:SCB_EnableDCache	24	static,ignoring_inline_asm
main.c:155:9:calculPossibilitesRec	88	static
main.c:300:9:calculPossibilitesDame	32	static
main.c:347:5:main	192	static
main.c:491:6:SystemClock_Config	88	static
main.c:545:13:MX_ADC1_Init	24	static
main.c:595:13:MX_ADC3_Init	24	static
main.c:645:13:MX_DAC_Init	16	static
main.c:683:13:MX_DMA2D_Init	8	static
main.c:720:13:MX_I2C1_Init	8	static
main.c:766:13:MX_I2C3_Init	8	static
main.c:812:13:MX_LTDC_Init	64	static
main.c:874:13:MX_RTC_Init	80	static
main.c:966:13:MX_SPI2_Init	8	static
main.c:1006:13:MX_TIM1_Init	40	static
main.c:1053:13:MX_TIM2_Init	40	static
main.c:1098:13:MX_TIM3_Init	40	static
main.c:1143:13:MX_TIM5_Init	40	static
main.c:1188:13:MX_TIM8_Init	40	static
main.c:1235:13:MX_UART7_Init	8	static
main.c:1270:13:MX_USART1_UART_Init	8	static
main.c:1305:13:MX_USART6_UART_Init	8	static
main.c:1336:13:MX_FMC_Init	40	static
main.c:1387:13:MX_GPIO_Init	72	static
main.c:1672:6:HAL_UART_RxCpltCallback	16	static
main.c:1691:6:HAL_GPIO_EXTI_Callback	16	static
main.c:1717:6:fonction_init	72	static
main.c:1774:6:fonction_affichage	56	static
main.c:1875:6:fonction_select	80	static
main.c:2018:6:fonction_calculPossibilites	176	static
main.c:2072:6:fonctionVictory	64	static
main.c:2138:6:HAL_TIM_PeriodElapsedCallback	16	static
main.c:2155:6:Error_Handler	4	static,ignoring_inline_asm
