core_cm7.h:2229:22:SCB_EnableICache	4	static,ignoring_inline_asm
core_cm7.h:2281:22:SCB_EnableDCache	24	static,ignoring_inline_asm
main.c:154:9:calculPossibilitesRec	72	static
main.c:282:5:main	192	static
main.c:426:6:SystemClock_Config	88	static
main.c:480:13:MX_ADC1_Init	24	static
main.c:530:13:MX_ADC3_Init	24	static
main.c:580:13:MX_DAC_Init	16	static
main.c:618:13:MX_DMA2D_Init	8	static
main.c:655:13:MX_I2C1_Init	8	static
main.c:701:13:MX_I2C3_Init	8	static
main.c:747:13:MX_LTDC_Init	64	static
main.c:809:13:MX_RTC_Init	80	static
main.c:901:13:MX_SPI2_Init	8	static
main.c:941:13:MX_TIM1_Init	40	static
main.c:988:13:MX_TIM2_Init	40	static
main.c:1033:13:MX_TIM3_Init	40	static
main.c:1078:13:MX_TIM5_Init	40	static
main.c:1123:13:MX_TIM8_Init	40	static
main.c:1170:13:MX_UART7_Init	8	static
main.c:1205:13:MX_USART1_UART_Init	8	static
main.c:1240:13:MX_USART6_UART_Init	8	static
main.c:1271:13:MX_FMC_Init	40	static
main.c:1322:13:MX_GPIO_Init	72	static
main.c:1607:6:HAL_UART_RxCpltCallback	16	static
main.c:1626:6:HAL_GPIO_EXTI_Callback	16	static
main.c:1652:6:fonction_init	72	static
main.c:1709:6:fonction_affichage	56	static
main.c:1810:6:fonction_select	80	static
main.c:1953:6:fonction_calculPossibilites	176	static
main.c:2004:6:fonctionVictory	64	static
main.c:2070:6:HAL_TIM_PeriodElapsedCallback	16	static
main.c:2087:6:Error_Handler	4	static,ignoring_inline_asm
