stm32f7xx_hal_msp.c:63:6:HAL_MspInit	16	static
stm32f7xx_hal_msp.c:87:6:HAL_ADC_MspInit	56	static
stm32f7xx_hal_msp.c:143:6:HAL_ADC_MspDeInit	16	static
stm32f7xx_hal_msp.c:190:6:HAL_DAC_MspInit	48	static
stm32f7xx_hal_msp.c:226:6:HAL_DAC_MspDeInit	16	static
stm32f7xx_hal_msp.c:256:6:HAL_DMA2D_MspInit	24	static
stm32f7xx_hal_msp.c:281:6:HAL_DMA2D_MspDeInit	16	static
stm32f7xx_hal_msp.c:306:6:HAL_I2C_MspInit	184	static
stm32f7xx_hal_msp.c:384:6:HAL_I2C_MspDeInit	16	static
stm32f7xx_hal_msp.c:435:6:HAL_LTDC_MspInit	192	static
stm32f7xx_hal_msp.c:551:6:HAL_LTDC_MspDeInit	16	static
stm32f7xx_hal_msp.c:620:6:HAL_RTC_MspInit	152	static
stm32f7xx_hal_msp.c:652:6:HAL_RTC_MspDeInit	16	static
stm32f7xx_hal_msp.c:674:6:HAL_SPI_MspInit	48	static
stm32f7xx_hal_msp.c:720:6:HAL_SPI_MspDeInit	16	static
stm32f7xx_hal_msp.c:753:6:HAL_TIM_Base_MspInit	64	static
stm32f7xx_hal_msp.c:832:6:HAL_TIM_Base_MspDeInit	16	static
stm32f7xx_hal_msp.c:904:6:HAL_UART_MspInit	200	static
stm32f7xx_hal_msp.c:1029:6:HAL_UART_MspDeInit	16	static
stm32f7xx_hal_msp.c:1094:13:HAL_FMC_MspInit	32	static
stm32f7xx_hal_msp.c:1200:6:HAL_SDRAM_MspInit	16	static
stm32f7xx_hal_msp.c:1212:13:HAL_FMC_MspDeInit	8	static
stm32f7xx_hal_msp.c:1286:6:HAL_SDRAM_MspDeInit	16	static
